Archive member included to satisfy reference by file (symbol)

libCMSIS.a(startup_stm32h723xx.s.obj)
                              (Reset_Handler)
c:/pnide/compilers/gcc/bin/../lib/gcc/arm-none-eabi/10.3.1/thumb/v7e-m+dp/hard\libgcc.a(_aeabi_uldivmod.o)
                              CMakeFiles/STD1.elf.dir/Drivers/STM32H7xx_HAL_Driver/Src/stm32h7xx_hal_uart.c.obj (__aeabi_uldivmod)
c:/pnide/compilers/gcc/bin/../lib/gcc/arm-none-eabi/10.3.1/thumb/v7e-m+dp/hard\libgcc.a(_udivmoddi4.o)
                              c:/pnide/compilers/gcc/bin/../lib/gcc/arm-none-eabi/10.3.1/thumb/v7e-m+dp/hard\libgcc.a(_aeabi_uldivmod.o) (__udivmoddi4)
c:/pnide/compilers/gcc/bin/../lib/gcc/arm-none-eabi/10.3.1/thumb/v7e-m+dp/hard\libgcc.a(_dvmd_tls.o)
                              c:/pnide/compilers/gcc/bin/../lib/gcc/arm-none-eabi/10.3.1/thumb/v7e-m+dp/hard\libgcc.a(_aeabi_uldivmod.o) (__aeabi_ldiv0)
c:/pnide/compilers/gcc/bin/../lib/gcc/arm-none-eabi/10.3.1/../../../../arm-none-eabi/lib/thumb/v7e-m+dp/hard\libg_nano.a(lib_a-exit.o)
                              c:/pnide/compilers/gcc/bin/../lib/gcc/arm-none-eabi/10.3.1/../../../../arm-none-eabi/lib/thumb/v7e-m+dp/hard/crt0.o (exit)
c:/pnide/compilers/gcc/bin/../lib/gcc/arm-none-eabi/10.3.1/../../../../arm-none-eabi/lib/thumb/v7e-m+dp/hard\libg_nano.a(lib_a-impure.o)
                              c:/pnide/compilers/gcc/bin/../lib/gcc/arm-none-eabi/10.3.1/../../../../arm-none-eabi/lib/thumb/v7e-m+dp/hard\libg_nano.a(lib_a-exit.o) (_global_impure_ptr)
c:/pnide/compilers/gcc/bin/../lib/gcc/arm-none-eabi/10.3.1/../../../../arm-none-eabi/lib/thumb/v7e-m+dp/hard\libg_nano.a(lib_a-init.o)
                              c:/pnide/compilers/gcc/bin/../lib/gcc/arm-none-eabi/10.3.1/../../../../arm-none-eabi/lib/thumb/v7e-m+dp/hard/crt0.o (__libc_init_array)
c:/pnide/compilers/gcc/bin/../lib/gcc/arm-none-eabi/10.3.1/../../../../arm-none-eabi/lib/thumb/v7e-m+dp/hard\libg_nano.a(lib_a-memcpy-stub.o)
                              CMakeFiles/STD1.elf.dir/Middlewares/Third_Party/FreeRTOS/Source/CMSIS_RTOS_V2/cmsis_os2.c.obj (memcpy)
c:/pnide/compilers/gcc/bin/../lib/gcc/arm-none-eabi/10.3.1/../../../../arm-none-eabi/lib/thumb/v7e-m+dp/hard\libg_nano.a(lib_a-memset.o)
                              c:/pnide/compilers/gcc/bin/../lib/gcc/arm-none-eabi/10.3.1/../../../../arm-none-eabi/lib/thumb/v7e-m+dp/hard/crt0.o (memset)
c:/pnide/compilers/gcc/bin/../lib/gcc/arm-none-eabi/10.3.1/../../../../arm-none-eabi/lib/thumb/v7e-m+dp/hard\libnosys.a(_exit.o)
                              c:/pnide/compilers/gcc/bin/../lib/gcc/arm-none-eabi/10.3.1/../../../../arm-none-eabi/lib/thumb/v7e-m+dp/hard\libg_nano.a(lib_a-exit.o) (_exit)

Discarded input sections

 .text          0x00000000        0x0 c:/pnide/compilers/gcc/bin/../lib/gcc/arm-none-eabi/10.3.1/thumb/v7e-m+dp/hard/crti.o
 .data          0x00000000        0x0 c:/pnide/compilers/gcc/bin/../lib/gcc/arm-none-eabi/10.3.1/thumb/v7e-m+dp/hard/crti.o
 .bss           0x00000000        0x0 c:/pnide/compilers/gcc/bin/../lib/gcc/arm-none-eabi/10.3.1/thumb/v7e-m+dp/hard/crti.o
 .data          0x00000000        0x4 c:/pnide/compilers/gcc/bin/../lib/gcc/arm-none-eabi/10.3.1/thumb/v7e-m+dp/hard/crtbegin.o
 .rodata        0x00000000       0x24 c:/pnide/compilers/gcc/bin/../lib/gcc/arm-none-eabi/10.3.1/thumb/v7e-m+dp/hard/crtbegin.o
 .text          0x00000000       0x7c c:/pnide/compilers/gcc/bin/../lib/gcc/arm-none-eabi/10.3.1/../../../../arm-none-eabi/lib/thumb/v7e-m+dp/hard/crt0.o
 .data          0x00000000        0x0 c:/pnide/compilers/gcc/bin/../lib/gcc/arm-none-eabi/10.3.1/../../../../arm-none-eabi/lib/thumb/v7e-m+dp/hard/crt0.o
 .bss           0x00000000        0x0 c:/pnide/compilers/gcc/bin/../lib/gcc/arm-none-eabi/10.3.1/../../../../arm-none-eabi/lib/thumb/v7e-m+dp/hard/crt0.o
 .ARM.extab     0x00000000        0x0 c:/pnide/compilers/gcc/bin/../lib/gcc/arm-none-eabi/10.3.1/../../../../arm-none-eabi/lib/thumb/v7e-m+dp/hard/crt0.o
 .ARM.exidx     0x00000000       0x10 c:/pnide/compilers/gcc/bin/../lib/gcc/arm-none-eabi/10.3.1/../../../../arm-none-eabi/lib/thumb/v7e-m+dp/hard/crt0.o
 .ARM.attributes
                0x00000000       0x1c c:/pnide/compilers/gcc/bin/../lib/gcc/arm-none-eabi/10.3.1/../../../../arm-none-eabi/lib/thumb/v7e-m+dp/hard/crt0.o
 .text          0x00000000        0x0 CMakeFiles/STD1.elf.dir/Core/Src/freertos.c.obj
 .data          0x00000000        0x0 CMakeFiles/STD1.elf.dir/Core/Src/freertos.c.obj
 .bss           0x00000000        0x0 CMakeFiles/STD1.elf.dir/Core/Src/freertos.c.obj
 .debug_info    0x00000000       0x79 CMakeFiles/STD1.elf.dir/Core/Src/freertos.c.obj
 .debug_abbrev  0x00000000       0x26 CMakeFiles/STD1.elf.dir/Core/Src/freertos.c.obj
 .debug_aranges
                0x00000000       0x18 CMakeFiles/STD1.elf.dir/Core/Src/freertos.c.obj
 .debug_line    0x00000000       0x1d CMakeFiles/STD1.elf.dir/Core/Src/freertos.c.obj
 .debug_str     0x00000000      0x1aa CMakeFiles/STD1.elf.dir/Core/Src/freertos.c.obj
[...]
Memory Configuration

Name             Origin             Length             Attributes
DTCMRAM          0x20000000         0x00020000         xrw
RAM_D1           0x24000000         0x00050000         xrw
RAM_D2           0x30000000         0x00008000         xrw
RAM_D3           0x38000000         0x00004000         xrw
ITCMRAM          0x00000000         0x00010000         xrw
FLASH            0x08000000         0x00100000         xr
*default*        0x00000000         0xffffffff

Linker script and memory map

LOAD c:/pnide/compilers/gcc/bin/../lib/gcc/arm-none-eabi/10.3.1/thumb/v7e-m+dp/hard/crti.o
LOAD c:/pnide/compilers/gcc/bin/../lib/gcc/arm-none-eabi/10.3.1/thumb/v7e-m+dp/hard/crtbegin.o
LOAD c:/pnide/compilers/gcc/bin/../lib/gcc/arm-none-eabi/10.3.1/../../../../arm-none-eabi/lib/thumb/v7e-m+dp/hard/crt0.o
LOAD CMakeFiles/STD1.elf.dir/Core/Src/freertos.c.obj
LOAD CMakeFiles/STD1.elf.dir/Core/Src/main.c.obj
LOAD CMakeFiles/STD1.elf.dir/Core/Src/stm32h7xx_hal_msp.c.obj
LOAD CMakeFiles/STD1.elf.dir/Core/Src/stm32h7xx_hal_timebase_tim.c.obj
LOAD CMakeFiles/STD1.elf.dir/Core/Src/stm32h7xx_it.c.obj
LOAD CMakeFiles/STD1.elf.dir/Core/Src/system_stm32h7xx.c.obj
LOAD CMakeFiles/STD1.elf.dir/Drivers/STM32H7xx_HAL_Driver/Src/stm32h7xx_hal.c.obj
LOAD CMakeFiles/STD1.elf.dir/Drivers/STM32H7xx_HAL_Driver/Src/stm32h7xx_hal_adc.c.obj
LOAD CMakeFiles/STD1.elf.dir/Drivers/STM32H7xx_HAL_Driver/Src/stm32h7xx_hal_adc_ex.c.obj
LOAD CMakeFiles/STD1.elf.dir/Drivers/STM32H7xx_HAL_Driver/Src/stm32h7xx_hal_cec.c.obj
LOAD CMakeFiles/STD1.elf.dir/Drivers/STM32H7xx_HAL_Driver/Src/stm32h7xx_hal_comp.c.obj
LOAD CMakeFiles/STD1.elf.dir/Drivers/STM32H7xx_HAL_Driver/Src/stm32h7xx_hal_cordic.c.obj
LOAD CMakeFiles/STD1.elf.dir/Drivers/STM32H7xx_HAL_Driver/Src/stm32h7xx_hal_cortex.c.obj
LOAD CMakeFiles/STD1.elf.dir/Drivers/STM32H7xx_HAL_Driver/Src/stm32h7xx_hal_crc.c.obj
LOAD CMakeFiles/STD1.elf.dir/Drivers/STM32H7xx_HAL_Driver/Src/stm32h7xx_hal_crc_ex.c.obj
LOAD CMakeFiles/STD1.elf.dir/Drivers/STM32H7xx_HAL_Driver/Src/stm32h7xx_hal_cryp.c.obj
LOAD CMakeFiles/STD1.elf.dir/Drivers/STM32H7xx_HAL_Driver/Src/stm32h7xx_hal_cryp_ex.c.obj
LOAD CMakeFiles/STD1.elf.dir/Drivers/STM32H7xx_HAL_Driver/Src/stm32h7xx_hal_dac.c.obj
LOAD CMakeFiles/STD1.elf.dir/Drivers/STM32H7xx_HAL_Driver/Src/stm32h7xx_hal_dac_ex.c.obj
LOAD CMakeFiles/STD1.elf.dir/Drivers/STM32H7xx_HAL_Driver/Src/stm32h7xx_hal_dcmi.c.obj
LOAD CMakeFiles/STD1.elf.dir/Drivers/STM32H7xx_HAL_Driver/Src/stm32h7xx_hal_dfsdm.c.obj
LOAD CMakeFiles/STD1.elf.dir/Drivers/STM32H7xx_HAL_Driver/Src/stm32h7xx_hal_dfsdm_ex.c.obj
LOAD CMakeFiles/STD1.elf.dir/Drivers/STM32H7xx_HAL_Driver/Src/stm32h7xx_hal_dma.c.obj
LOAD CMakeFiles/STD1.elf.dir/Drivers/STM32H7xx_HAL_Driver/Src/stm32h7xx_hal_dma2d.c.obj
LOAD CMakeFiles/STD1.elf.dir/Drivers/STM32H7xx_HAL_Driver/Src/stm32h7xx_hal_dma_ex.c.obj
LOAD CMakeFiles/STD1.elf.dir/Drivers/STM32H7xx_HAL_Driver/Src/stm32h7xx_hal_dsi.c.obj
LOAD CMakeFiles/STD1.elf.dir/Drivers/STM32H7xx_HAL_Driver/Src/stm32h7xx_hal_dts.c.obj
LOAD CMakeFiles/STD1.elf.dir/Drivers/STM32H7xx_HAL_Driver/Src/stm32h7xx_hal_eth.c.obj
LOAD CMakeFiles/STD1.elf.dir/Drivers/STM32H7xx_HAL_Driver/Src/stm32h7xx_hal_eth_ex.c.obj
LOAD CMakeFiles/STD1.elf.dir/Drivers/STM32H7xx_HAL_Driver/Src/stm32h7xx_hal_exti.c.obj
LOAD CMakeFiles/STD1.elf.dir/Drivers/STM32H7xx_HAL_Driver/Src/stm32h7xx_hal_fdcan.c.obj
LOAD CMakeFiles/STD1.elf.dir/Drivers/STM32H7xx_HAL_Driver/Src/stm32h7xx_hal_flash.c.obj
LOAD CMakeFiles/STD1.elf.dir/Drivers/STM32H7xx_HAL_Driver/Src/stm32h7xx_hal_flash_ex.c.obj
LOAD CMakeFiles/STD1.elf.dir/Drivers/STM32H7xx_HAL_Driver/Src/stm32h7xx_hal_fmac.c.obj
LOAD CMakeFiles/STD1.elf.dir/Drivers/STM32H7xx_HAL_Driver/Src/stm32h7xx_hal_gfxmmu.c.obj
LOAD CMakeFiles/STD1.elf.dir/Drivers/STM32H7xx_HAL_Driver/Src/stm32h7xx_hal_gpio.c.obj
LOAD CMakeFiles/STD1.elf.dir/Drivers/STM32H7xx_HAL_Driver/Src/stm32h7xx_hal_hash.c.obj
LOAD CMakeFiles/STD1.elf.dir/Drivers/STM32H7xx_HAL_Driver/Src/stm32h7xx_hal_hash_ex.c.obj
LOAD CMakeFiles/STD1.elf.dir/Drivers/STM32H7xx_HAL_Driver/Src/stm32h7xx_hal_hcd.c.obj
LOAD CMakeFiles/STD1.elf.dir/Drivers/STM32H7xx_HAL_Driver/Src/stm32h7xx_hal_hrtim.c.obj
LOAD CMakeFiles/STD1.elf.dir/Drivers/STM32H7xx_HAL_Driver/Src/stm32h7xx_hal_hsem.c.obj
LOAD CMakeFiles/STD1.elf.dir/Drivers/STM32H7xx_HAL_Driver/Src/stm32h7xx_hal_i2c.c.obj
LOAD CMakeFiles/STD1.elf.dir/Drivers/STM32H7xx_HAL_Driver/Src/stm32h7xx_hal_i2c_ex.c.obj
LOAD CMakeFiles/STD1.elf.dir/Drivers/STM32H7xx_HAL_Driver/Src/stm32h7xx_hal_i2s.c.obj
LOAD CMakeFiles/STD1.elf.dir/Drivers/STM32H7xx_HAL_Driver/Src/stm32h7xx_hal_i2s_ex.c.obj
LOAD CMakeFiles/STD1.elf.dir/Drivers/STM32H7xx_HAL_Driver/Src/stm32h7xx_hal_irda.c.obj
LOAD CMakeFiles/STD1.elf.dir/Drivers/STM32H7xx_HAL_Driver/Src/stm32h7xx_hal_iwdg.c.obj
LOAD CMakeFiles/STD1.elf.dir/Drivers/STM32H7xx_HAL_Driver/Src/stm32h7xx_hal_jpeg.c.obj
LOAD CMakeFiles/STD1.elf.dir/Drivers/STM32H7xx_HAL_Driver/Src/stm32h7xx_hal_lptim.c.obj
LOAD CMakeFiles/STD1.elf.dir/Drivers/STM32H7xx_HAL_Driver/Src/stm32h7xx_hal_ltdc.c.obj
LOAD CMakeFiles/STD1.elf.dir/Drivers/STM32H7xx_HAL_Driver/Src/stm32h7xx_hal_ltdc_ex.c.obj
LOAD CMakeFiles/STD1.elf.dir/Drivers/STM32H7xx_HAL_Driver/Src/stm32h7xx_hal_mdios.c.obj
LOAD CMakeFiles/STD1.elf.dir/Drivers/STM32H7xx_HAL_Driver/Src/stm32h7xx_hal_mdma.c.obj
LOAD CMakeFiles/STD1.elf.dir/Drivers/STM32H7xx_HAL_Driver/Src/stm32h7xx_hal_mmc.c.obj
LOAD CMakeFiles/STD1.elf.dir/Drivers/STM32H7xx_HAL_Driver/Src/stm32h7xx_hal_mmc_ex.c.obj
LOAD CMakeFiles/STD1.elf.dir/Drivers/STM32H7xx_HAL_Driver/Src/stm32h7xx_hal_nand.c.obj
LOAD CMakeFiles/STD1.elf.dir/Drivers/STM32H7xx_HAL_Driver/Src/stm32h7xx_hal_nor.c.obj
LOAD CMakeFiles/STD1.elf.dir/Drivers/STM32H7xx_HAL_Driver/Src/stm32h7xx_hal_opamp.c.obj
LOAD CMakeFiles/STD1.elf.dir/Drivers/STM32H7xx_HAL_Driver/Src/stm32h7xx_hal_opamp_ex.c.obj
LOAD CMakeFiles/STD1.elf.dir/Drivers/STM32H7xx_HAL_Driver/Src/stm32h7xx_hal_ospi.c.obj
LOAD CMakeFiles/STD1.elf.dir/Drivers/STM32H7xx_HAL_Driver/Src/stm32h7xx_hal_otfdec.c.obj
LOAD CMakeFiles/STD1.elf.dir/Drivers/STM32H7xx_HAL_Driver/Src/stm32h7xx_hal_pcd.c.obj
LOAD CMakeFiles/STD1.elf.dir/Drivers/STM32H7xx_HAL_Driver/Src/stm32h7xx_hal_pcd_ex.c.obj
LOAD CMakeFiles/STD1.elf.dir/Drivers/STM32H7xx_HAL_Driver/Src/stm32h7xx_hal_pssi.c.obj
LOAD CMakeFiles/STD1.elf.dir/Drivers/STM32H7xx_HAL_Driver/Src/stm32h7xx_hal_pwr.c.obj
LOAD CMakeFiles/STD1.elf.dir/Drivers/STM32H7xx_HAL_Driver/Src/stm32h7xx_hal_pwr_ex.c.obj
LOAD CMakeFiles/STD1.elf.dir/Drivers/STM32H7xx_HAL_Driver/Src/stm32h7xx_hal_qspi.c.obj
LOAD CMakeFiles/STD1.elf.dir/Drivers/STM32H7xx_HAL_Driver/Src/stm32h7xx_hal_ramecc.c.obj
LOAD CMakeFiles/STD1.elf.dir/Drivers/STM32H7xx_HAL_Driver/Src/stm32h7xx_hal_rcc.c.obj
LOAD CMakeFiles/STD1.elf.dir/Drivers/STM32H7xx_HAL_Driver/Src/stm32h7xx_hal_rcc_ex.c.obj
LOAD CMakeFiles/STD1.elf.dir/Drivers/STM32H7xx_HAL_Driver/Src/stm32h7xx_hal_rng.c.obj
LOAD CMakeFiles/STD1.elf.dir/Drivers/STM32H7xx_HAL_Driver/Src/stm32h7xx_hal_rng_ex.c.obj
LOAD CMakeFiles/STD1.elf.dir/Drivers/STM32H7xx_HAL_Driver/Src/stm32h7xx_hal_rtc.c.obj
LOAD CMakeFiles/STD1.elf.dir/Drivers/STM32H7xx_HAL_Driver/Src/stm32h7xx_hal_rtc_ex.c.obj
LOAD CMakeFiles/STD1.elf.dir/Drivers/STM32H7xx_HAL_Driver/Src/stm32h7xx_hal_sai.c.obj
LOAD CMakeFiles/STD1.elf.dir/Drivers/STM32H7xx_HAL_Driver/Src/stm32h7xx_hal_sai_ex.c.obj
LOAD CMakeFiles/STD1.elf.dir/Drivers/STM32H7xx_HAL_Driver/Src/stm32h7xx_hal_sd.c.obj
LOAD CMakeFiles/STD1.elf.dir/Drivers/STM32H7xx_HAL_Driver/Src/stm32h7xx_hal_sd_ex.c.obj
LOAD CMakeFiles/STD1.elf.dir/Drivers/STM32H7xx_HAL_Driver/Src/stm32h7xx_hal_sdram.c.obj
LOAD CMakeFiles/STD1.elf.dir/Drivers/STM32H7xx_HAL_Driver/Src/stm32h7xx_hal_smartcard.c.obj
LOAD CMakeFiles/STD1.elf.dir/Drivers/STM32H7xx_HAL_Driver/Src/stm32h7xx_hal_smartcard_ex.c.obj
LOAD CMakeFiles/STD1.elf.dir/Drivers/STM32H7xx_HAL_Driver/Src/stm32h7xx_hal_smbus.c.obj
LOAD CMakeFiles/STD1.elf.dir/Drivers/STM32H7xx_HAL_Driver/Src/stm32h7xx_hal_smbus_ex.c.obj
LOAD CMakeFiles/STD1.elf.dir/Drivers/STM32H7xx_HAL_Driver/Src/stm32h7xx_hal_spdifrx.c.obj
LOAD CMakeFiles/STD1.elf.dir/Drivers/STM32H7xx_HAL_Driver/Src/stm32h7xx_hal_spi.c.obj
LOAD CMakeFiles/STD1.elf.dir/Drivers/STM32H7xx_HAL_Driver/Src/stm32h7xx_hal_spi_ex.c.obj
LOAD CMakeFiles/STD1.elf.dir/Drivers/STM32H7xx_HAL_Driver/Src/stm32h7xx_hal_sram.c.obj
LOAD CMakeFiles/STD1.elf.dir/Drivers/STM32H7xx_HAL_Driver/Src/stm32h7xx_hal_swpmi.c.obj
LOAD CMakeFiles/STD1.elf.dir/Drivers/STM32H7xx_HAL_Driver/Src/stm32h7xx_hal_tim.c.obj
LOAD CMakeFiles/STD1.elf.dir/Drivers/STM32H7xx_HAL_Driver/Src/stm32h7xx_hal_tim_ex.c.obj
LOAD CMakeFiles/STD1.elf.dir/Drivers/STM32H7xx_HAL_Driver/Src/stm32h7xx_hal_uart.c.obj
LOAD CMakeFiles/STD1.elf.dir/Drivers/STM32H7xx_HAL_Driver/Src/stm32h7xx_hal_uart_ex.c.obj
LOAD CMakeFiles/STD1.elf.dir/Drivers/STM32H7xx_HAL_Driver/Src/stm32h7xx_hal_usart.c.obj
LOAD CMakeFiles/STD1.elf.dir/Drivers/STM32H7xx_HAL_Driver/Src/stm32h7xx_hal_usart_ex.c.obj
LOAD CMakeFiles/STD1.elf.dir/Drivers/STM32H7xx_HAL_Driver/Src/stm32h7xx_hal_wwdg.c.obj
LOAD CMakeFiles/STD1.elf.dir/Drivers/STM32H7xx_HAL_Driver/Src/stm32h7xx_ll_adc.c.obj
LOAD CMakeFiles/STD1.elf.dir/Drivers/STM32H7xx_HAL_Driver/Src/stm32h7xx_ll_bdma.c.obj
LOAD CMakeFiles/STD1.elf.dir/Drivers/STM32H7xx_HAL_Driver/Src/stm32h7xx_ll_comp.c.obj
LOAD CMakeFiles/STD1.elf.dir/Drivers/STM32H7xx_HAL_Driver/Src/stm32h7xx_ll_cordic.c.obj
LOAD CMakeFiles/STD1.elf.dir/Drivers/STM32H7xx_HAL_Driver/Src/stm32h7xx_ll_crc.c.obj
LOAD CMakeFiles/STD1.elf.dir/Drivers/STM32H7xx_HAL_Driver/Src/stm32h7xx_ll_crs.c.obj
LOAD CMakeFiles/STD1.elf.dir/Drivers/STM32H7xx_HAL_Driver/Src/stm32h7xx_ll_dac.c.obj
LOAD CMakeFiles/STD1.elf.dir/Drivers/STM32H7xx_HAL_Driver/Src/stm32h7xx_ll_delayblock.c.obj
LOAD CMakeFiles/STD1.elf.dir/Drivers/STM32H7xx_HAL_Driver/Src/stm32h7xx_ll_dma.c.obj
LOAD CMakeFiles/STD1.elf.dir/Drivers/STM32H7xx_HAL_Driver/Src/stm32h7xx_ll_dma2d.c.obj
LOAD CMakeFiles/STD1.elf.dir/Drivers/STM32H7xx_HAL_Driver/Src/stm32h7xx_ll_exti.c.obj
LOAD CMakeFiles/STD1.elf.dir/Drivers/STM32H7xx_HAL_Driver/Src/stm32h7xx_ll_fmac.c.obj
LOAD CMakeFiles/STD1.elf.dir/Drivers/STM32H7xx_HAL_Driver/Src/stm32h7xx_ll_fmc.c.obj
LOAD CMakeFiles/STD1.elf.dir/Drivers/STM32H7xx_HAL_Driver/Src/stm32h7xx_ll_gpio.c.obj
LOAD CMakeFiles/STD1.elf.dir/Drivers/STM32H7xx_HAL_Driver/Src/stm32h7xx_ll_hrtim.c.obj
LOAD CMakeFiles/STD1.elf.dir/Drivers/STM32H7xx_HAL_Driver/Src/stm32h7xx_ll_i2c.c.obj
LOAD CMakeFiles/STD1.elf.dir/Drivers/STM32H7xx_HAL_Driver/Src/stm32h7xx_ll_lptim.c.obj
LOAD CMakeFiles/STD1.elf.dir/Drivers/STM32H7xx_HAL_Driver/Src/stm32h7xx_ll_lpuart.c.obj
LOAD CMakeFiles/STD1.elf.dir/Drivers/STM32H7xx_HAL_Driver/Src/stm32h7xx_ll_mdma.c.obj
LOAD CMakeFiles/STD1.elf.dir/Drivers/STM32H7xx_HAL_Driver/Src/stm32h7xx_ll_opamp.c.obj
LOAD CMakeFiles/STD1.elf.dir/Drivers/STM32H7xx_HAL_Driver/Src/stm32h7xx_ll_pwr.c.obj
LOAD CMakeFiles/STD1.elf.dir/Drivers/STM32H7xx_HAL_Driver/Src/stm32h7xx_ll_rcc.c.obj
LOAD CMakeFiles/STD1.elf.dir/Drivers/STM32H7xx_HAL_Driver/Src/stm32h7xx_ll_rng.c.obj
LOAD CMakeFiles/STD1.elf.dir/Drivers/STM32H7xx_HAL_Driver/Src/stm32h7xx_ll_rtc.c.obj
LOAD CMakeFiles/STD1.elf.dir/Drivers/STM32H7xx_HAL_Driver/Src/stm32h7xx_ll_sdmmc.c.obj
LOAD CMakeFiles/STD1.elf.dir/Drivers/STM32H7xx_HAL_Driver/Src/stm32h7xx_ll_spi.c.obj
LOAD CMakeFiles/STD1.elf.dir/Drivers/STM32H7xx_HAL_Driver/Src/stm32h7xx_ll_swpmi.c.obj
LOAD CMakeFiles/STD1.elf.dir/Drivers/STM32H7xx_HAL_Driver/Src/stm32h7xx_ll_tim.c.obj
LOAD CMakeFiles/STD1.elf.dir/Drivers/STM32H7xx_HAL_Driver/Src/stm32h7xx_ll_usart.c.obj
LOAD CMakeFiles/STD1.elf.dir/Drivers/STM32H7xx_HAL_Driver/Src/stm32h7xx_ll_usb.c.obj
LOAD CMakeFiles/STD1.elf.dir/Drivers/STM32H7xx_HAL_Driver/Src/stm32h7xx_ll_utils.c.obj
LOAD CMakeFiles/STD1.elf.dir/Middlewares/Third_Party/FreeRTOS/Source/CMSIS_RTOS_V2/cmsis_os2.c.obj
LOAD CMakeFiles/STD1.elf.dir/Middlewares/Third_Party/FreeRTOS/Source/croutine.c.obj
LOAD CMakeFiles/STD1.elf.dir/Middlewares/Third_Party/FreeRTOS/Source/event_groups.c.obj
LOAD CMakeFiles/STD1.elf.dir/Middlewares/Third_Party/FreeRTOS/Source/list.c.obj
LOAD CMakeFiles/STD1.elf.dir/Middlewares/Third_Party/FreeRTOS/Source/portable/GCC/ARM_CM4F/port.c.obj
LOAD CMakeFiles/STD1.elf.dir/Middlewares/Third_Party/FreeRTOS/Source/portable/MemMang/heap_1.c.obj
LOAD CMakeFiles/STD1.elf.dir/Middlewares/Third_Party/FreeRTOS/Source/queue.c.obj
LOAD CMakeFiles/STD1.elf.dir/Middlewares/Third_Party/FreeRTOS/Source/stream_buffer.c.obj
LOAD CMakeFiles/STD1.elf.dir/Middlewares/Third_Party/FreeRTOS/Source/tasks.c.obj
LOAD CMakeFiles/STD1.elf.dir/Middlewares/Third_Party/FreeRTOS/Source/timers.c.obj
LOAD libCMSIS.a
START GROUP
LOAD c:/pnide/compilers/gcc/bin/../lib/gcc/arm-none-eabi/10.3.1/thumb/v7e-m+dp/hard\libgcc.a
LOAD c:/pnide/compilers/gcc/bin/../lib/gcc/arm-none-eabi/10.3.1/../../../../arm-none-eabi/lib/thumb/v7e-m+dp/hard\libg_nano.a
LOAD c:/pnide/compilers/gcc/bin/../lib/gcc/arm-none-eabi/10.3.1/../../../../arm-none-eabi/lib/thumb/v7e-m+dp/hard\libc_nano.a
END GROUP
START GROUP
LOAD c:/pnide/compilers/gcc/bin/../lib/gcc/arm-none-eabi/10.3.1/thumb/v7e-m+dp/hard\libgcc.a
LOAD c:/pnide/compilers/gcc/bin/../lib/gcc/arm-none-eabi/10.3.1/../../../../arm-none-eabi/lib/thumb/v7e-m+dp/hard\libc_nano.a
LOAD c:/pnide/compilers/gcc/bin/../lib/gcc/arm-none-eabi/10.3.1/../../../../arm-none-eabi/lib/thumb/v7e-m+dp/hard\libnosys.a
END GROUP
START GROUP
LOAD c:/pnide/compilers/gcc/bin/../lib/gcc/arm-none-eabi/10.3.1/thumb/v7e-m+dp/hard\libgcc.a
LOAD c:/pnide/compilers/gcc/bin/../lib/gcc/arm-none-eabi/10.3.1/../../../../arm-none-eabi/lib/thumb/v7e-m+dp/hard\libc_nano.a
LOAD c:/pnide/compilers/gcc/bin/../lib/gcc/arm-none-eabi/10.3.1/../../../../arm-none-eabi/lib/thumb/v7e-m+dp/hard\libnosys.a
END GROUP
LOAD c:/pnide/compilers/gcc/bin/../lib/gcc/arm-none-eabi/10.3.1/thumb/v7e-m+dp/hard/crtend.o
LOAD c:/pnide/compilers/gcc/bin/../lib/gcc/arm-none-eabi/10.3.1/thumb/v7e-m+dp/hard/crtn.o
                0x20020000                _estack = (ORIGIN (DTCMRAM) + LENGTH (DTCMRAM))
                0x00000200                _Min_Heap_Size = 0x200
                0x00000400                _Min_Stack_Size = 0x400

.isr_vector     0x08000000      0x2cc
                0x08000000                . = ALIGN (0x4)
 *(.isr_vector)
 .isr_vector    0x08000000      0x2cc libCMSIS.a(startup_stm32h723xx.s.obj)
                0x08000000                g_pfnVectors
                0x080002cc                . = ALIGN (0x4)

.text           0x080002d0     0x8304
                0x080002d0                . = ALIGN (0x4)
 *(.text)
 .text          0x080002d0       0x40 c:/pnide/compilers/gcc/bin/../lib/gcc/arm-none-eabi/10.3.1/thumb/v7e-m+dp/hard/crtbegin.o
 .text          0x08000310       0x30 c:/pnide/compilers/gcc/bin/../lib/gcc/arm-none-eabi/10.3.1/thumb/v7e-m+dp/hard\libgcc.a(_aeabi_uldivmod.o)
                0x08000310                __aeabi_uldivmod
 .text          0x08000340      0x2d0 c:/pnide/compilers/gcc/bin/../lib/gcc/arm-none-eabi/10.3.1/thumb/v7e-m+dp/hard\libgcc.a(_udivmoddi4.o)
                0x08000340                __udivmoddi4
 .text          0x08000610        0x4 c:/pnide/compilers/gcc/bin/../lib/gcc/arm-none-eabi/10.3.1/thumb/v7e-m+dp/hard\libgcc.a(_dvmd_tls.o)
                0x08000610                __aeabi_idiv0
                0x08000610                __aeabi_ldiv0
 *(.text*)
 .text.main     0x08000614       0x6c CMakeFiles/STD1.elf.dir/Core/Src/main.c.obj
                0x08000614                main
 .text.SystemClock_Config
                0x08000680       0xe0 CMakeFiles/STD1.elf.dir/Core/Src/main.c.obj
                0x08000680                SystemClock_Config
 .text.MX_ETH_Init
                0x08000760       0x98 CMakeFiles/STD1.elf.dir/Core/Src/main.c.obj
 .text.MX_USART3_UART_Init
                0x080007f8       0x98 CMakeFiles/STD1.elf.dir/Core/Src/main.c.obj
 .text.MX_USB_OTG_HS_USB_Init
                0x08000890        0xe CMakeFiles/STD1.elf.dir/Core/Src/main.c.obj
 *fill*         0x0800089e        0x2 
 .text.MX_GPIO_Init
                0x080008a0      0x1f8 CMakeFiles/STD1.elf.dir/Core/Src/main.c.obj
 .text.StartDefaultTask
                0x08000a98       0x10 CMakeFiles/STD1.elf.dir/Core/Src/main.c.obj
                0x08000a98                StartDefaultTask
 .text.HAL_TIM_PeriodElapsedCallback
                0x08000aa8       0x24 CMakeFiles/STD1.elf.dir/Core/Src/main.c.obj
                0x08000aa8                HAL_TIM_PeriodElapsedCallback
 .text.Error_Handler
                0x08000acc        0xa CMakeFiles/STD1.elf.dir/Core/Src/main.c.obj
                0x08000acc                Error_Handler
 *fill*         0x08000ad6        0x2 
 .text.HAL_MspInit
                0x08000ad8       0x3c CMakeFiles/STD1.elf.dir/Core/Src/stm32h7xx_hal_msp.c.obj
                0x08000ad8                HAL_MspInit
 .text.HAL_ETH_MspInit
                0x08000b14      0x19c CMakeFiles/STD1.elf.dir/Core/Src/stm32h7xx_hal_msp.c.obj
                0x08000b14                HAL_ETH_MspInit
 .text.HAL_UART_MspInit
                0x08000cb0       0xcc CMakeFiles/STD1.elf.dir/Core/Src/stm32h7xx_hal_msp.c.obj
                0x08000cb0                HAL_UART_MspInit
 .text.HAL_InitTick
                0x08000d7c       0xd8 CMakeFiles/STD1.elf.dir/Core/Src/stm32h7xx_hal_timebase_tim.c.obj
                0x08000d7c                HAL_InitTick
 .text.NMI_Handler
                0x08000e54        0x6 CMakeFiles/STD1.elf.dir/Core/Src/stm32h7xx_it.c.obj
                0x08000e54                NMI_Handler
 .text.HardFault_Handler
                0x08000e5a        0x6 CMakeFiles/STD1.elf.dir/Core/Src/stm32h7xx_it.c.obj
                0x08000e5a                HardFault_Handler
 .text.MemManage_Handler
                0x08000e60        0x6 CMakeFiles/STD1.elf.dir/Core/Src/stm32h7xx_it.c.obj
                0x08000e60                MemManage_Handler
 .text.BusFault_Handler
                0x08000e66        0x6 CMakeFiles/STD1.elf.dir/Core/Src/stm32h7xx_it.c.obj
                0x08000e66                BusFault_Handler
 .text.UsageFault_Handler
                0x08000e6c        0x6 CMakeFiles/STD1.elf.dir/Core/Src/stm32h7xx_it.c.obj
                0x08000e6c                UsageFault_Handler
 .text.DebugMon_Handler
                0x08000e72        0xe CMakeFiles/STD1.elf.dir/Core/Src/stm32h7xx_it.c.obj
                0x08000e72                DebugMon_Handler
 .text.TIM5_IRQHandler
                0x08000e80       0x14 CMakeFiles/STD1.elf.dir/Core/Src/stm32h7xx_it.c.obj
                0x08000e80                TIM5_IRQHandler
 .text.SystemInit
                0x08000e94       0xf0 CMakeFiles/STD1.elf.dir/Core/Src/system_stm32h7xx.c.obj
                0x08000e94                SystemInit
 .text.HAL_Init
                0x08000f84       0x78 CMakeFiles/STD1.elf.dir/Drivers/STM32H7xx_HAL_Driver/Src/stm32h7xx_hal.c.obj
                0x08000f84                HAL_Init
 .text.HAL_IncTick
                0x08000ffc       0x28 CMakeFiles/STD1.elf.dir/Drivers/STM32H7xx_HAL_Driver/Src/stm32h7xx_hal.c.obj
                0x08000ffc                HAL_IncTick
 .text.HAL_GetTick
                0x08001024       0x18 CMakeFiles/STD1.elf.dir/Drivers/STM32H7xx_HAL_Driver/Src/stm32h7xx_hal.c.obj
                0x08001024                HAL_GetTick
 .text.HAL_Delay
                0x0800103c       0x48 CMakeFiles/STD1.elf.dir/Drivers/STM32H7xx_HAL_Driver/Src/stm32h7xx_hal.c.obj
                0x0800103c                HAL_Delay
 .text.HAL_SYSCFG_ETHInterfaceSelect
                0x08001084       0x28 CMakeFiles/STD1.elf.dir/Drivers/STM32H7xx_HAL_Driver/Src/stm32h7xx_hal.c.obj
                0x08001084                HAL_SYSCFG_ETHInterfaceSelect
 .text.__NVIC_SetPriorityGrouping
                0x080010ac       0x48 CMakeFiles/STD1.elf.dir/Drivers/STM32H7xx_HAL_Driver/Src/stm32h7xx_hal_cortex.c.obj
 .text.__NVIC_GetPriorityGrouping
                0x080010f4       0x1c CMakeFiles/STD1.elf.dir/Drivers/STM32H7xx_HAL_Driver/Src/stm32h7xx_hal_cortex.c.obj
 .text.__NVIC_EnableIRQ
                0x08001110       0x3c CMakeFiles/STD1.elf.dir/Drivers/STM32H7xx_HAL_Driver/Src/stm32h7xx_hal_cortex.c.obj
 .text.__NVIC_SetPriority
                0x0800114c       0x54 CMakeFiles/STD1.elf.dir/Drivers/STM32H7xx_HAL_Driver/Src/stm32h7xx_hal_cortex.c.obj
 .text.NVIC_EncodePriority
                0x080011a0       0x66 CMakeFiles/STD1.elf.dir/Drivers/STM32H7xx_HAL_Driver/Src/stm32h7xx_hal_cortex.c.obj
 .text.HAL_NVIC_SetPriorityGrouping
                0x08001206       0x16 CMakeFiles/STD1.elf.dir/Drivers/STM32H7xx_HAL_Driver/Src/stm32h7xx_hal_cortex.c.obj
                0x08001206                HAL_NVIC_SetPriorityGrouping
 .text.HAL_NVIC_SetPriority
                0x0800121c       0x34 CMakeFiles/STD1.elf.dir/Drivers/STM32H7xx_HAL_Driver/Src/stm32h7xx_hal_cortex.c.obj
                0x0800121c                HAL_NVIC_SetPriority
 .text.HAL_NVIC_EnableIRQ
                0x08001250       0x1c CMakeFiles/STD1.elf.dir/Drivers/STM32H7xx_HAL_Driver/Src/stm32h7xx_hal_cortex.c.obj
                0x08001250                HAL_NVIC_EnableIRQ
 .text.HAL_ETH_Init
                0x0800126c      0x1cc CMakeFiles/STD1.elf.dir/Drivers/STM32H7xx_HAL_Driver/Src/stm32h7xx_hal_eth.c.obj
                0x0800126c                HAL_ETH_Init
 .text.HAL_ETH_SetMDIOClockRange
                0x08001438       0xb0 CMakeFiles/STD1.elf.dir/Drivers/STM32H7xx_HAL_Driver/Src/stm32h7xx_hal_eth.c.obj
                0x08001438                HAL_ETH_SetMDIOClockRange
 .text.ETH_SetMACConfig
                0x080014e8      0x238 CMakeFiles/STD1.elf.dir/Drivers/STM32H7xx_HAL_Driver/Src/stm32h7xx_hal_eth.c.obj
 .text.ETH_SetDMAConfig
                0x08001720      0x10c CMakeFiles/STD1.elf.dir/Drivers/STM32H7xx_HAL_Driver/Src/stm32h7xx_hal_eth.c.obj
 .text.ETH_MACDMAConfig
                0x0800182c      0x13a CMakeFiles/STD1.elf.dir/Drivers/STM32H7xx_HAL_Driver/Src/stm32h7xx_hal_eth.c.obj
 .text.ETH_DMATxDescListInit
                0x08001966       0x92 CMakeFiles/STD1.elf.dir/Drivers/STM32H7xx_HAL_Driver/Src/stm32h7xx_hal_eth.c.obj
 .text.ETH_DMARxDescListInit
                0x080019f8       0xba CMakeFiles/STD1.elf.dir/Drivers/STM32H7xx_HAL_Driver/Src/stm32h7xx_hal_eth.c.obj
 *fill*         0x08001ab2        0x2 
 .text.HAL_GPIO_Init
                0x08001ab4      0x350 CMakeFiles/STD1.elf.dir/Drivers/STM32H7xx_HAL_Driver/Src/stm32h7xx_hal_gpio.c.obj
                0x08001ab4                HAL_GPIO_Init
 .text.HAL_GPIO_WritePin
                0x08001e04       0x32 CMakeFiles/STD1.elf.dir/Drivers/STM32H7xx_HAL_Driver/Src/stm32h7xx_hal_gpio.c.obj
                0x08001e04                HAL_GPIO_WritePin
 .text.HAL_GPIO_TogglePin
                0x08001e36       0x34 CMakeFiles/STD1.elf.dir/Drivers/STM32H7xx_HAL_Driver/Src/stm32h7xx_hal_gpio.c.obj
                0x08001e36                HAL_GPIO_TogglePin
 *fill*         0x08001e6a        0x2 
 .text.HAL_PWREx_ConfigSupply
                0x08001e6c       0x74 CMakeFiles/STD1.elf.dir/Drivers/STM32H7xx_HAL_Driver/Src/stm32h7xx_hal_pwr_ex.c.obj
                0x08001e6c                HAL_PWREx_ConfigSupply
 .text.HAL_RCC_OscConfig
                0x08001ee0      0x75c CMakeFiles/STD1.elf.dir/Drivers/STM32H7xx_HAL_Driver/Src/stm32h7xx_hal_rcc.c.obj
                0x08001ee0                HAL_RCC_OscConfig
 .text.HAL_RCC_ClockConfig
                0x0800263c      0x36c CMakeFiles/STD1.elf.dir/Drivers/STM32H7xx_HAL_Driver/Src/stm32h7xx_hal_rcc.c.obj
                0x0800263c                HAL_RCC_ClockConfig
 .text.HAL_RCC_GetSysClockFreq
                0x080029a8      0x2f4 CMakeFiles/STD1.elf.dir/Drivers/STM32H7xx_HAL_Driver/Src/stm32h7xx_hal_rcc.c.obj
                0x080029a8                HAL_RCC_GetSysClockFreq
 .text.HAL_RCC_GetHCLKFreq
                0x08002c9c       0x60 CMakeFiles/STD1.elf.dir/Drivers/STM32H7xx_HAL_Driver/Src/stm32h7xx_hal_rcc.c.obj
                0x08002c9c                HAL_RCC_GetHCLKFreq
 .text.HAL_RCC_GetPCLK1Freq
                0x08002cfc       0x2c CMakeFiles/STD1.elf.dir/Drivers/STM32H7xx_HAL_Driver/Src/stm32h7xx_hal_rcc.c.obj
                0x08002cfc                HAL_RCC_GetPCLK1Freq
 .text.HAL_RCC_GetPCLK2Freq
                0x08002d28       0x2c CMakeFiles/STD1.elf.dir/Drivers/STM32H7xx_HAL_Driver/Src/stm32h7xx_hal_rcc.c.obj
                0x08002d28                HAL_RCC_GetPCLK2Freq
 .text.HAL_RCC_GetClockConfig
                0x08002d54       0x84 CMakeFiles/STD1.elf.dir/Drivers/STM32H7xx_HAL_Driver/Src/stm32h7xx_hal_rcc.c.obj
                0x08002d54                HAL_RCC_GetClockConfig
 .text.HAL_RCCEx_PeriphCLKConfig
                0x08002dd8      0xdf4 CMakeFiles/STD1.elf.dir/Drivers/STM32H7xx_HAL_Driver/Src/stm32h7xx_hal_rcc_ex.c.obj
                0x08002dd8                HAL_RCCEx_PeriphCLKConfig
 .text.HAL_RCCEx_GetD3PCLK1Freq
                0x08003bcc       0x2c CMakeFiles/STD1.elf.dir/Drivers/STM32H7xx_HAL_Driver/Src/stm32h7xx_hal_rcc_ex.c.obj
                0x08003bcc                HAL_RCCEx_GetD3PCLK1Freq
 .text.HAL_RCCEx_GetPLL2ClockFreq
                0x08003bf8      0x2a8 CMakeFiles/STD1.elf.dir/Drivers/STM32H7xx_HAL_Driver/Src/stm32h7xx_hal_rcc_ex.c.obj
                0x08003bf8                HAL_RCCEx_GetPLL2ClockFreq
 .text.HAL_RCCEx_GetPLL3ClockFreq
                0x08003ea0      0x2a8 CMakeFiles/STD1.elf.dir/Drivers/STM32H7xx_HAL_Driver/Src/stm32h7xx_hal_rcc_ex.c.obj
                0x08003ea0                HAL_RCCEx_GetPLL3ClockFreq
 .text.RCCEx_PLL2_Config
                0x08004148      0x164 CMakeFiles/STD1.elf.dir/Drivers/STM32H7xx_HAL_Driver/Src/stm32h7xx_hal_rcc_ex.c.obj
 .text.RCCEx_PLL3_Config
                0x080042ac      0x164 CMakeFiles/STD1.elf.dir/Drivers/STM32H7xx_HAL_Driver/Src/stm32h7xx_hal_rcc_ex.c.obj
 .text.HAL_TIM_Base_Init
                0x08004410       0xae CMakeFiles/STD1.elf.dir/Drivers/STM32H7xx_HAL_Driver/Src/stm32h7xx_hal_tim.c.obj
                0x08004410                HAL_TIM_Base_Init
 .text.HAL_TIM_Base_MspInit
                0x080044be       0x14 CMakeFiles/STD1.elf.dir/Drivers/STM32H7xx_HAL_Driver/Src/stm32h7xx_hal_tim.c.obj
                0x080044be                HAL_TIM_Base_MspInit
 *fill*         0x080044d2        0x2 
 .text.HAL_TIM_Base_Start_IT
                0x080044d4      0x10c CMakeFiles/STD1.elf.dir/Drivers/STM32H7xx_HAL_Driver/Src/stm32h7xx_hal_tim.c.obj
                0x080044d4                HAL_TIM_Base_Start_IT
 .text.HAL_TIM_IRQHandler
                0x080045e0      0x23e CMakeFiles/STD1.elf.dir/Drivers/STM32H7xx_HAL_Driver/Src/stm32h7xx_hal_tim.c.obj
                0x080045e0                HAL_TIM_IRQHandler
 .text.HAL_TIM_OC_DelayElapsedCallback
                0x0800481e       0x14 CMakeFiles/STD1.elf.dir/Drivers/STM32H7xx_HAL_Driver/Src/stm32h7xx_hal_tim.c.obj
                0x0800481e                HAL_TIM_OC_DelayElapsedCallback
 .text.HAL_TIM_IC_CaptureCallback
                0x08004832       0x14 CMakeFiles/STD1.elf.dir/Drivers/STM32H7xx_HAL_Driver/Src/stm32h7xx_hal_tim.c.obj
                0x08004832                HAL_TIM_IC_CaptureCallback
 .text.HAL_TIM_PWM_PulseFinishedCallback
                0x08004846       0x14 CMakeFiles/STD1.elf.dir/Drivers/STM32H7xx_HAL_Driver/Src/stm32h7xx_hal_tim.c.obj
                0x08004846                HAL_TIM_PWM_PulseFinishedCallback
 .text.HAL_TIM_TriggerCallback
                0x0800485a       0x14 CMakeFiles/STD1.elf.dir/Drivers/STM32H7xx_HAL_Driver/Src/stm32h7xx_hal_tim.c.obj
                0x0800485a                HAL_TIM_TriggerCallback
 *fill*         0x0800486e        0x2 
 .text.TIM_Base_SetConfig
                0x08004870      0x14c CMakeFiles/STD1.elf.dir/Drivers/STM32H7xx_HAL_Driver/Src/stm32h7xx_hal_tim.c.obj
                0x08004870                TIM_Base_SetConfig
 .text.HAL_TIMEx_CommutCallback
                0x080049bc       0x14 CMakeFiles/STD1.elf.dir/Drivers/STM32H7xx_HAL_Driver/Src/stm32h7xx_hal_tim_ex.c.obj
                0x080049bc                HAL_TIMEx_CommutCallback
 .text.HAL_TIMEx_BreakCallback
                0x080049d0       0x14 CMakeFiles/STD1.elf.dir/Drivers/STM32H7xx_HAL_Driver/Src/stm32h7xx_hal_tim_ex.c.obj
                0x080049d0                HAL_TIMEx_BreakCallback
 .text.HAL_TIMEx_Break2Callback
                0x080049e4       0x14 CMakeFiles/STD1.elf.dir/Drivers/STM32H7xx_HAL_Driver/Src/stm32h7xx_hal_tim_ex.c.obj
                0x080049e4                HAL_TIMEx_Break2Callback
 .text.HAL_UART_Init
                0x080049f8       0xa0 CMakeFiles/STD1.elf.dir/Drivers/STM32H7xx_HAL_Driver/Src/stm32h7xx_hal_uart.c.obj
                0x080049f8                HAL_UART_Init
 .text.UART_SetConfig
                0x08004a98      0xcd8 CMakeFiles/STD1.elf.dir/Drivers/STM32H7xx_HAL_Driver/Src/stm32h7xx_hal_uart.c.obj
                0x08004a98                UART_SetConfig
 .text.UART_AdvFeatureConfig
                0x08005770      0x144 CMakeFiles/STD1.elf.dir/Drivers/STM32H7xx_HAL_Driver/Src/stm32h7xx_hal_uart.c.obj
                0x08005770                UART_AdvFeatureConfig
 .text.UART_CheckIdleState
                0x080058b4       0x96 CMakeFiles/STD1.elf.dir/Drivers/STM32H7xx_HAL_Driver/Src/stm32h7xx_hal_uart.c.obj
                0x080058b4                UART_CheckIdleState
 .text.UART_WaitOnFlagUntilTimeout
                0x0800594a      0x190 CMakeFiles/STD1.elf.dir/Drivers/STM32H7xx_HAL_Driver/Src/stm32h7xx_hal_uart.c.obj
                0x0800594a                UART_WaitOnFlagUntilTimeout
 .text.HAL_UARTEx_DisableFifoMode
                0x08005ada       0x72 CMakeFiles/STD1.elf.dir/Drivers/STM32H7xx_HAL_Driver/Src/stm32h7xx_hal_uart_ex.c.obj
                0x08005ada                HAL_UARTEx_DisableFifoMode
 .text.HAL_UARTEx_SetTxFifoThreshold
                0x08005b4c       0x7c CMakeFiles/STD1.elf.dir/Drivers/STM32H7xx_HAL_Driver/Src/stm32h7xx_hal_uart_ex.c.obj
                0x08005b4c                HAL_UARTEx_SetTxFifoThreshold
 .text.HAL_UARTEx_SetRxFifoThreshold
                0x08005bc8       0x7c CMakeFiles/STD1.elf.dir/Drivers/STM32H7xx_HAL_Driver/Src/stm32h7xx_hal_uart_ex.c.obj
                0x08005bc8                HAL_UARTEx_SetRxFifoThreshold
 .text.UARTEx_SetNbDataToProcess
                0x08005c44       0x9c CMakeFiles/STD1.elf.dir/Drivers/STM32H7xx_HAL_Driver/Src/stm32h7xx_hal_uart_ex.c.obj
 .text.__NVIC_SetPriority
                0x08005ce0       0x54 CMakeFiles/STD1.elf.dir/Middlewares/Third_Party/FreeRTOS/Source/CMSIS_RTOS_V2/cmsis_os2.c.obj
 .text.SysTick_Handler
                0x08005d34       0x20 CMakeFiles/STD1.elf.dir/Middlewares/Third_Party/FreeRTOS/Source/CMSIS_RTOS_V2/cmsis_os2.c.obj
                0x08005d34                SysTick_Handler
 .text.SVC_Setup
                0x08005d54       0x12 CMakeFiles/STD1.elf.dir/Middlewares/Third_Party/FreeRTOS/Source/CMSIS_RTOS_V2/cmsis_os2.c.obj
 *fill*         0x08005d66        0x2 
 .text.osKernelInitialize
                0x08005d68       0x48 CMakeFiles/STD1.elf.dir/Middlewares/Third_Party/FreeRTOS/Source/CMSIS_RTOS_V2/cmsis_os2.c.obj
                0x08005d68                osKernelInitialize
 .text.osKernelStart
                0x08005db0       0x4c CMakeFiles/STD1.elf.dir/Middlewares/Third_Party/FreeRTOS/Source/CMSIS_RTOS_V2/cmsis_os2.c.obj
                0x08005db0                osKernelStart
 .text.osThreadNew
                0x08005dfc      0x124 CMakeFiles/STD1.elf.dir/Middlewares/Third_Party/FreeRTOS/Source/CMSIS_RTOS_V2/cmsis_os2.c.obj
                0x08005dfc                osThreadNew
 .text.osDelay  0x08005f20       0x36 CMakeFiles/STD1.elf.dir/Middlewares/Third_Party/FreeRTOS/Source/CMSIS_RTOS_V2/cmsis_os2.c.obj
                0x08005f20                osDelay
 *fill*         0x08005f56        0x2 
 .text.vApplicationGetIdleTaskMemory
                0x08005f58       0x34 CMakeFiles/STD1.elf.dir/Middlewares/Third_Party/FreeRTOS/Source/CMSIS_RTOS_V2/cmsis_os2.c.obj
                0x08005f58                vApplicationGetIdleTaskMemory
 .text.vApplicationGetTimerTaskMemory
                0x08005f8c       0x34 CMakeFiles/STD1.elf.dir/Middlewares/Third_Party/FreeRTOS/Source/CMSIS_RTOS_V2/cmsis_os2.c.obj
                0x08005f8c                vApplicationGetTimerTaskMemory
 .text.vListInitialise
                0x08005fc0       0x40 CMakeFiles/STD1.elf.dir/Middlewares/Third_Party/FreeRTOS/Source/list.c.obj
                0x08005fc0                vListInitialise
 .text.vListInitialiseItem
                0x08006000       0x1a CMakeFiles/STD1.elf.dir/Middlewares/Third_Party/FreeRTOS/Source/list.c.obj
                0x08006000                vListInitialiseItem
 .text.vListInsertEnd
                0x0800601a       0x48 CMakeFiles/STD1.elf.dir/Middlewares/Third_Party/FreeRTOS/Source/list.c.obj
                0x0800601a                vListInsertEnd
 .text.vListInsert
                0x08006062       0x72 CMakeFiles/STD1.elf.dir/Middlewares/Third_Party/FreeRTOS/Source/list.c.obj
                0x08006062                vListInsert
 .text.uxListRemove
                0x080060d4       0x54 CMakeFiles/STD1.elf.dir/Middlewares/Third_Party/FreeRTOS/Source/list.c.obj
                0x080060d4                uxListRemove
 .text.pxPortInitialiseStack
                0x08006128       0x68 CMakeFiles/STD1.elf.dir/Middlewares/Third_Party/FreeRTOS/Source/portable/GCC/ARM_CM4F/port.c.obj
                0x08006128                pxPortInitialiseStack
 .text.prvTaskExitError
                0x08006190       0x58 CMakeFiles/STD1.elf.dir/Middlewares/Third_Party/FreeRTOS/Source/portable/GCC/ARM_CM4F/port.c.obj
 *fill*         0x080061e8        0x8 
 .text.SVC_Handler
                0x080061f0       0x28 CMakeFiles/STD1.elf.dir/Middlewares/Third_Party/FreeRTOS/Source/portable/GCC/ARM_CM4F/port.c.obj
                0x080061f0                SVC_Handler
 .text.prvPortStartFirstTask
                0x08006218       0x28 CMakeFiles/STD1.elf.dir/Middlewares/Third_Party/FreeRTOS/Source/portable/GCC/ARM_CM4F/port.c.obj
 .text.xPortStartScheduler
                0x08006240      0x144 CMakeFiles/STD1.elf.dir/Middlewares/Third_Party/FreeRTOS/Source/portable/GCC/ARM_CM4F/port.c.obj
                0x08006240                xPortStartScheduler
 .text.vPortEnterCritical
                0x08006384       0x60 CMakeFiles/STD1.elf.dir/Middlewares/Third_Party/FreeRTOS/Source/portable/GCC/ARM_CM4F/port.c.obj
                0x08006384                vPortEnterCritical
 .text.vPortExitCritical
                0x080063e4       0x54 CMakeFiles/STD1.elf.dir/Middlewares/Third_Party/FreeRTOS/Source/portable/GCC/ARM_CM4F/port.c.obj
                0x080063e4                vPortExitCritical
 *fill*         0x08006438        0x8 
 .text.PendSV_Handler
                0x08006440       0x68 CMakeFiles/STD1.elf.dir/Middlewares/Third_Party/FreeRTOS/Source/portable/GCC/ARM_CM4F/port.c.obj
                0x08006440                PendSV_Handler
 .text.xPortSysTickHandler
                0x080064a8       0x44 CMakeFiles/STD1.elf.dir/Middlewares/Third_Party/FreeRTOS/Source/portable/GCC/ARM_CM4F/port.c.obj
                0x080064a8                xPortSysTickHandler
 .text.vPortSetupTimerInterrupt
                0x080064ec       0x48 CMakeFiles/STD1.elf.dir/Middlewares/Third_Party/FreeRTOS/Source/portable/GCC/ARM_CM4F/port.c.obj
                0x080064ec                vPortSetupTimerInterrupt
 .text.vPortEnableVFP
                0x08006534       0x14 CMakeFiles/STD1.elf.dir/Middlewares/Third_Party/FreeRTOS/Source/portable/GCC/ARM_CM4F/port.c.obj
 .text.vPortValidateInterruptPriority
                0x08006548       0x80 CMakeFiles/STD1.elf.dir/Middlewares/Third_Party/FreeRTOS/Source/portable/GCC/ARM_CM4F/port.c.obj
                0x08006548                vPortValidateInterruptPriority
 .text.pvPortMalloc
                0x080065c8       0x8c CMakeFiles/STD1.elf.dir/Middlewares/Third_Party/FreeRTOS/Source/portable/MemMang/heap_1.c.obj
                0x080065c8                pvPortMalloc
 .text.vPortFree
                0x08006654       0x30 CMakeFiles/STD1.elf.dir/Middlewares/Third_Party/FreeRTOS/Source/portable/MemMang/heap_1.c.obj
                0x08006654                vPortFree
 .text.xQueueGenericReset
                0x08006684       0xd0 CMakeFiles/STD1.elf.dir/Middlewares/Third_Party/FreeRTOS/Source/queue.c.obj
                0x08006684                xQueueGenericReset
 .text.xQueueGenericCreateStatic
                0x08006754       0xf0 CMakeFiles/STD1.elf.dir/Middlewares/Third_Party/FreeRTOS/Source/queue.c.obj
                0x08006754                xQueueGenericCreateStatic
 .text.prvInitialiseNewQueue
                0x08006844       0x46 CMakeFiles/STD1.elf.dir/Middlewares/Third_Party/FreeRTOS/Source/queue.c.obj
 *fill*         0x0800688a        0x2 
 .text.xQueueGenericSend
                0x0800688c      0x1fc CMakeFiles/STD1.elf.dir/Middlewares/Third_Party/FreeRTOS/Source/queue.c.obj
                0x0800688c                xQueueGenericSend
 .text.xQueueGenericSendFromISR
                0x08006a88      0x136 CMakeFiles/STD1.elf.dir/Middlewares/Third_Party/FreeRTOS/Source/queue.c.obj
                0x08006a88                xQueueGenericSendFromISR
 *fill*         0x08006bbe        0x2 
 .text.xQueueReceive
                0x08006bc0      0x1c0 CMakeFiles/STD1.elf.dir/Middlewares/Third_Party/FreeRTOS/Source/queue.c.obj
                0x08006bc0                xQueueReceive
 .text.prvCopyDataToQueue
                0x08006d80       0xd4 CMakeFiles/STD1.elf.dir/Middlewares/Third_Party/FreeRTOS/Source/queue.c.obj
 .text.prvCopyDataFromQueue
                0x08006e54       0x4c CMakeFiles/STD1.elf.dir/Middlewares/Third_Party/FreeRTOS/Source/queue.c.obj
 .text.prvUnlockQueue
                0x08006ea0       0xa4 CMakeFiles/STD1.elf.dir/Middlewares/Third_Party/FreeRTOS/Source/queue.c.obj
 .text.prvIsQueueEmpty
                0x08006f44       0x2c CMakeFiles/STD1.elf.dir/Middlewares/Third_Party/FreeRTOS/Source/queue.c.obj
 .text.prvIsQueueFull
                0x08006f70       0x30 CMakeFiles/STD1.elf.dir/Middlewares/Third_Party/FreeRTOS/Source/queue.c.obj
 .text.vQueueAddToRegistry
                0x08006fa0       0x54 CMakeFiles/STD1.elf.dir/Middlewares/Third_Party/FreeRTOS/Source/queue.c.obj
                0x08006fa0                vQueueAddToRegistry
 .text.vQueueWaitForMessageRestricted
                0x08006ff4       0x68 CMakeFiles/STD1.elf.dir/Middlewares/Third_Party/FreeRTOS/Source/queue.c.obj
                0x08006ff4                vQueueWaitForMessageRestricted
 .text.xTaskCreateStatic
                0x0800705c       0xba CMakeFiles/STD1.elf.dir/Middlewares/Third_Party/FreeRTOS/Source/tasks.c.obj
                0x0800705c                xTaskCreateStatic
 .text.xTaskCreate
                0x08007116       0x8a CMakeFiles/STD1.elf.dir/Middlewares/Third_Party/FreeRTOS/Source/tasks.c.obj
                0x08007116                xTaskCreate
 .text.prvInitialiseNewTask
                0x080071a0      0x11e CMakeFiles/STD1.elf.dir/Middlewares/Third_Party/FreeRTOS/Source/tasks.c.obj
 *fill*         0x080072be        0x2 
 .text.prvAddNewTaskToReadyList
                0x080072c0       0xe0 CMakeFiles/STD1.elf.dir/Middlewares/Third_Party/FreeRTOS/Source/tasks.c.obj
 .text.vTaskDelay
                0x080073a0       0x68 CMakeFiles/STD1.elf.dir/Middlewares/Third_Party/FreeRTOS/Source/tasks.c.obj
                0x080073a0                vTaskDelay
 .text.vTaskStartScheduler
                0x08007408       0xcc CMakeFiles/STD1.elf.dir/Middlewares/Third_Party/FreeRTOS/Source/tasks.c.obj
                0x08007408                vTaskStartScheduler
 .text.vTaskSuspendAll
                0x080074d4       0x1c CMakeFiles/STD1.elf.dir/Middlewares/Third_Party/FreeRTOS/Source/tasks.c.obj
                0x080074d4                vTaskSuspendAll
 .text.xTaskResumeAll
                0x080074f0      0x13c CMakeFiles/STD1.elf.dir/Middlewares/Third_Party/FreeRTOS/Source/tasks.c.obj
                0x080074f0                xTaskResumeAll
 .text.xTaskGetTickCount
                0x0800762c       0x20 CMakeFiles/STD1.elf.dir/Middlewares/Third_Party/FreeRTOS/Source/tasks.c.obj
                0x0800762c                xTaskGetTickCount
 .text.xTaskIncrementTick
                0x0800764c      0x174 CMakeFiles/STD1.elf.dir/Middlewares/Third_Party/FreeRTOS/Source/tasks.c.obj
                0x0800764c                xTaskIncrementTick
 .text.vTaskSwitchContext
                0x080077c0       0xbc CMakeFiles/STD1.elf.dir/Middlewares/Third_Party/FreeRTOS/Source/tasks.c.obj
                0x080077c0                vTaskSwitchContext
 .text.vTaskPlaceOnEventList
                0x0800787c       0x48 CMakeFiles/STD1.elf.dir/Middlewares/Third_Party/FreeRTOS/Source/tasks.c.obj
                0x0800787c                vTaskPlaceOnEventList
 .text.vTaskPlaceOnEventListRestricted
                0x080078c4       0x58 CMakeFiles/STD1.elf.dir/Middlewares/Third_Party/FreeRTOS/Source/tasks.c.obj
                0x080078c4                vTaskPlaceOnEventListRestricted
 .text.xTaskRemoveFromEventList
                0x0800791c       0xc8 CMakeFiles/STD1.elf.dir/Middlewares/Third_Party/FreeRTOS/Source/tasks.c.obj
                0x0800791c                xTaskRemoveFromEventList
 .text.vTaskInternalSetTimeOutState
                0x080079e4       0x2c CMakeFiles/STD1.elf.dir/Middlewares/Third_Party/FreeRTOS/Source/tasks.c.obj
                0x080079e4                vTaskInternalSetTimeOutState
 .text.xTaskCheckForTimeOut
                0x08007a10       0xc4 CMakeFiles/STD1.elf.dir/Middlewares/Third_Party/FreeRTOS/Source/tasks.c.obj
                0x08007a10                xTaskCheckForTimeOut
 .text.vTaskMissedYield
                0x08007ad4       0x18 CMakeFiles/STD1.elf.dir/Middlewares/Third_Party/FreeRTOS/Source/tasks.c.obj
                0x08007ad4                vTaskMissedYield
 .text.prvIdleTask
                0x08007aec       0x30 CMakeFiles/STD1.elf.dir/Middlewares/Third_Party/FreeRTOS/Source/tasks.c.obj
 .text.prvInitialiseTaskLists
                0x08007b1c       0x80 CMakeFiles/STD1.elf.dir/Middlewares/Third_Party/FreeRTOS/Source/tasks.c.obj
 .text.prvCheckTasksWaitingTermination
                0x08007b9c       0x5c CMakeFiles/STD1.elf.dir/Middlewares/Third_Party/FreeRTOS/Source/tasks.c.obj
 .text.prvDeleteTCB
                0x08007bf8       0x5e CMakeFiles/STD1.elf.dir/Middlewares/Third_Party/FreeRTOS/Source/tasks.c.obj
 *fill*         0x08007c56        0x2 
 .text.prvResetNextTaskUnblockTime
                0x08007c58       0x40 CMakeFiles/STD1.elf.dir/Middlewares/Third_Party/FreeRTOS/Source/tasks.c.obj
 .text.xTaskGetSchedulerState
                0x08007c98       0x3c CMakeFiles/STD1.elf.dir/Middlewares/Third_Party/FreeRTOS/Source/tasks.c.obj
                0x08007c98                xTaskGetSchedulerState
 .text.xTaskPriorityDisinherit
                0x08007cd4       0xdc CMakeFiles/STD1.elf.dir/Middlewares/Third_Party/FreeRTOS/Source/tasks.c.obj
                0x08007cd4                xTaskPriorityDisinherit
 .text.prvAddCurrentTaskToDelayedList
                0x08007db0       0xa8 CMakeFiles/STD1.elf.dir/Middlewares/Third_Party/FreeRTOS/Source/tasks.c.obj
 .text.xTimerCreateTimerTask
                0x08007e58       0x90 CMakeFiles/STD1.elf.dir/Middlewares/Third_Party/FreeRTOS/Source/timers.c.obj
                0x08007e58                xTimerCreateTimerTask
 .text.xTimerGenericCommand
                0x08007ee8       0x9c CMakeFiles/STD1.elf.dir/Middlewares/Third_Party/FreeRTOS/Source/timers.c.obj
                0x08007ee8                xTimerGenericCommand
 .text.prvProcessExpiredTimer
                0x08007f84       0x98 CMakeFiles/STD1.elf.dir/Middlewares/Third_Party/FreeRTOS/Source/timers.c.obj
 .text.prvTimerTask
                0x0800801c       0x24 CMakeFiles/STD1.elf.dir/Middlewares/Third_Party/FreeRTOS/Source/timers.c.obj
 .text.prvProcessTimerOrBlockTask
                0x08008040       0x9c CMakeFiles/STD1.elf.dir/Middlewares/Third_Party/FreeRTOS/Source/timers.c.obj
 .text.prvGetNextExpireTime
                0x080080dc       0x48 CMakeFiles/STD1.elf.dir/Middlewares/Third_Party/FreeRTOS/Source/timers.c.obj
 .text.prvSampleTimeNow
                0x08008124       0x40 CMakeFiles/STD1.elf.dir/Middlewares/Third_Party/FreeRTOS/Source/timers.c.obj
 .text.prvInsertTimerInActiveList
                0x08008164       0x84 CMakeFiles/STD1.elf.dir/Middlewares/Third_Party/FreeRTOS/Source/timers.c.obj
 .text.prvProcessReceivedCommands
                0x080081e8      0x1c4 CMakeFiles/STD1.elf.dir/Middlewares/Third_Party/FreeRTOS/Source/timers.c.obj
 .text.prvSwitchTimerLists
                0x080083ac       0xc8 CMakeFiles/STD1.elf.dir/Middlewares/Third_Party/FreeRTOS/Source/timers.c.obj
 .text.prvCheckForValidListAndQueue
                0x08008474       0x80 CMakeFiles/STD1.elf.dir/Middlewares/Third_Party/FreeRTOS/Source/timers.c.obj
 .text.Reset_Handler
                0x080084f4       0x50 libCMSIS.a(startup_stm32h723xx.s.obj)
                0x080084f4                Reset_Handler
 .text.Default_Handler
                0x08008544        0x2 libCMSIS.a(startup_stm32h723xx.s.obj)
                0x08008544                RTC_Alarm_IRQHandler
                0x08008544                EXTI2_IRQHandler
                0x08008544                TIM8_CC_IRQHandler
                0x08008544                UART8_IRQHandler
                0x08008544                SPI4_IRQHandler
                0x08008544                FDCAN3_IT0_IRQHandler
                0x08008544                TIM1_CC_IRQHandler
                0x08008544                BDMA_Channel6_IRQHandler
                0x08008544                DMA2_Stream5_IRQHandler
                0x08008544                DMA1_Stream5_IRQHandler
                0x08008544                CORDIC_IRQHandler
                0x08008544                BDMA_Channel1_IRQHandler
                0x08008544                TAMP_STAMP_IRQHandler
                0x08008544                EXTI3_IRQHandler
                0x08008544                LPTIM4_IRQHandler
                0x08008544                TIM8_TRG_COM_TIM14_IRQHandler
                0x08008544                LPTIM2_IRQHandler
                0x08008544                DFSDM1_FLT1_IRQHandler
                0x08008544                DMAMUX2_OVR_IRQHandler
                0x08008544                TIM8_UP_TIM13_IRQHandler
                0x08008544                I2C3_ER_IRQHandler
                0x08008544                DFSDM1_FLT2_IRQHandler
                0x08008544                I2C5_EV_IRQHandler
                0x08008544                USART10_IRQHandler
                0x08008544                MDMA_IRQHandler
                0x08008544                LPTIM3_IRQHandler
                0x08008544                HSEM1_IRQHandler
                0x08008544                EXTI0_IRQHandler
                0x08008544                I2C2_EV_IRQHandler
                0x08008544                DMA1_Stream2_IRQHandler
                0x08008544                FPU_IRQHandler
                0x08008544                OTG_HS_WKUP_IRQHandler
                0x08008544                FDCAN1_IT1_IRQHandler
                0x08008544                LTDC_ER_IRQHandler
                0x08008544                DMA2_Stream2_IRQHandler
                0x08008544                SPI1_IRQHandler
                0x08008544                OCTOSPI1_IRQHandler
                0x08008544                TIM6_DAC_IRQHandler
                0x08008544                DMA2_Stream3_IRQHandler
                0x08008544                OCTOSPI2_IRQHandler
                0x08008544                DFSDM1_FLT3_IRQHandler
                0x08008544                TIM23_IRQHandler
                0x08008544                USART6_IRQHandler
                0x08008544                TIM17_IRQHandler
                0x08008544                USART3_IRQHandler
                0x08008544                BDMA_Channel7_IRQHandler
                0x08008544                LPTIM5_IRQHandler
                0x08008544                UART5_IRQHandler
                0x08008544                ADC3_IRQHandler
                0x08008544                DMA2_Stream0_IRQHandler
                0x08008544                TIM4_IRQHandler
                0x08008544                BDMA_Channel2_IRQHandler
                0x08008544                I2C1_EV_IRQHandler
                0x08008544                DMA1_Stream6_IRQHandler
                0x08008544                DMAMUX1_OVR_IRQHandler
                0x08008544                DMA1_Stream1_IRQHandler
                0x08008544                TIM16_IRQHandler
                0x08008544                UART4_IRQHandler
                0x08008544                BDMA_Channel5_IRQHandler
                0x08008544                TIM3_IRQHandler
                0x08008544                RCC_IRQHandler
                0x08008544                UART9_IRQHandler
                0x08008544                TIM8_BRK_TIM12_IRQHandler
                0x08008544                TIM1_TRG_COM_IRQHandler
                0x08008544                Default_Handler
                0x08008544                ECC_IRQHandler
                0x08008544                FMAC_IRQHandler
                0x08008544                CEC_IRQHandler
                0x08008544                EXTI15_10_IRQHandler
                0x08008544                BDMA_Channel0_IRQHandler
                0x08008544                ADC_IRQHandler
                0x08008544                I2C5_ER_IRQHandler
                0x08008544                DMA1_Stream7_IRQHandler
                0x08008544                SPI5_IRQHandler
                0x08008544                TIM7_IRQHandler
                0x08008544                FDCAN3_IT1_IRQHandler
                0x08008544                SDMMC1_IRQHandler
                0x08008544                DMA2_Stream7_IRQHandler
                0x08008544                TIM15_IRQHandler
                0x08008544                PVD_AVD_IRQHandler
                0x08008544                I2C3_EV_IRQHandler
                0x08008544                EXTI9_5_IRQHandler
                0x08008544                RTC_WKUP_IRQHandler
                0x08008544                LTDC_IRQHandler
                0x08008544                ETH_WKUP_IRQHandler
                0x08008544                SPDIF_RX_IRQHandler
                0x08008544                SPI2_IRQHandler
                0x08008544                OTG_HS_EP1_IN_IRQHandler
                0x08008544                DMA1_Stream0_IRQHandler
                0x08008544                TIM24_IRQHandler
                0x08008544                CRS_IRQHandler
                0x08008544                EXTI4_IRQHandler
                0x08008544                RNG_IRQHandler
                0x08008544                FDCAN2_IT1_IRQHandler
                0x08008544                ETH_IRQHandler
                0x08008544                TIM1_UP_IRQHandler
                0x08008544                BDMA_Channel4_IRQHandler
                0x08008544                OTG_HS_EP1_OUT_IRQHandler
                0x08008544                WWDG_IRQHandler
                0x08008544                SPI6_IRQHandler
                0x08008544                MDIOS_IRQHandler
                0x08008544                I2C4_EV_IRQHandler
                0x08008544                FDCAN2_IT0_IRQHandler
                0x08008544                LPUART1_IRQHandler
                0x08008544                FDCAN1_IT0_IRQHandler
                0x08008544                TIM2_IRQHandler
                0x08008544                OTG_HS_IRQHandler
                0x08008544                DMA2D_IRQHandler
                0x08008544                TIM1_BRK_IRQHandler
                0x08008544                EXTI1_IRQHandler
                0x08008544                SDMMC2_IRQHandler
                0x08008544                BDMA_Channel3_IRQHandler
                0x08008544                DTS_IRQHandler
                0x08008544                UART7_IRQHandler
                0x08008544                MDIOS_WKUP_IRQHandler
                0x08008544                USART2_IRQHandler
                0x08008544                DFSDM1_FLT0_IRQHandler
                0x08008544                SAI4_IRQHandler
                0x08008544                I2C2_ER_IRQHandler
                0x08008544                DMA2_Stream1_IRQHandler
                0x08008544                FLASH_IRQHandler
                0x08008544                DMA2_Stream4_IRQHandler
                0x08008544                USART1_IRQHandler
                0x08008544                SPI3_IRQHandler
                0x08008544                WAKEUP_PIN_IRQHandler
                0x08008544                DMA1_Stream4_IRQHandler
                0x08008544                I2C1_ER_IRQHandler
                0x08008544                FMC_IRQHandler
                0x08008544                FDCAN_CAL_IRQHandler
                0x08008544                SWPMI1_IRQHandler
                0x08008544                COMP1_IRQHandler
                0x08008544                LPTIM1_IRQHandler
                0x08008544                DCMI_PSSI_IRQHandler
                0x08008544                I2C4_ER_IRQHandler
                0x08008544                DMA2_Stream6_IRQHandler
                0x08008544                SAI1_IRQHandler
                0x08008544                DMA1_Stream3_IRQHandler
 *fill*         0x08008546        0x2 
 .text.__libc_init_array
                0x08008548       0x48 c:/pnide/compilers/gcc/bin/../lib/gcc/arm-none-eabi/10.3.1/../../../../arm-none-eabi/lib/thumb/v7e-m+dp/hard\libg_nano.a(lib_a-init.o)
                0x08008548                __libc_init_array
 .text.memcpy   0x08008590       0x1c c:/pnide/compilers/gcc/bin/../lib/gcc/arm-none-eabi/10.3.1/../../../../arm-none-eabi/lib/thumb/v7e-m+dp/hard\libg_nano.a(lib_a-memcpy-stub.o)
                0x08008590                memcpy
 .text.memset   0x080085ac       0x10 c:/pnide/compilers/gcc/bin/../lib/gcc/arm-none-eabi/10.3.1/../../../../arm-none-eabi/lib/thumb/v7e-m+dp/hard\libg_nano.a(lib_a-memset.o)
                0x080085ac                memset
 *(.glue_7)
 .glue_7        0x080085bc        0x0 linker stubs
 *(.glue_7t)
 .glue_7t       0x080085bc        0x0 linker stubs
 *(.eh_frame)
 .eh_frame      0x080085bc        0x0 c:/pnide/compilers/gcc/bin/../lib/gcc/arm-none-eabi/10.3.1/thumb/v7e-m+dp/hard/crtbegin.o
 *(.init)
 .init          0x080085bc        0x4 c:/pnide/compilers/gcc/bin/../lib/gcc/arm-none-eabi/10.3.1/thumb/v7e-m+dp/hard/crti.o
                0x080085bc                _init
 .init          0x080085c0        0x8 c:/pnide/compilers/gcc/bin/../lib/gcc/arm-none-eabi/10.3.1/thumb/v7e-m+dp/hard/crtn.o
 *(.fini)
 .fini          0x080085c8        0x4 c:/pnide/compilers/gcc/bin/../lib/gcc/arm-none-eabi/10.3.1/thumb/v7e-m+dp/hard/crti.o
                0x080085c8                _fini
 .fini          0x080085cc        0x8 c:/pnide/compilers/gcc/bin/../lib/gcc/arm-none-eabi/10.3.1/thumb/v7e-m+dp/hard/crtn.o
                0x080085d4                . = ALIGN (0x4)
                0x080085d4                _etext = .

.vfp11_veneer   0x080085d4        0x0
 .vfp11_veneer  0x080085d4        0x0 linker stubs

.v4_bx          0x080085d4        0x0
 .v4_bx         0x080085d4        0x0 linker stubs

.iplt           0x080085d4        0x0
 .iplt          0x080085d4        0x0 c:/pnide/compilers/gcc/bin/../lib/gcc/arm-none-eabi/10.3.1/thumb/v7e-m+dp/hard/crtbegin.o

.rodata         0x080085d4       0x80
                0x080085d4                . = ALIGN (0x4)
 *(.rodata)
 .rodata        0x080085d4        0xc CMakeFiles/STD1.elf.dir/Core/Src/main.c.obj
 .rodata        0x080085e0        0x5 CMakeFiles/STD1.elf.dir/Middlewares/Third_Party/FreeRTOS/Source/tasks.c.obj
 *fill*         0x080085e5        0x3 
 .rodata        0x080085e8        0xd CMakeFiles/STD1.elf.dir/Middlewares/Third_Party/FreeRTOS/Source/timers.c.obj
 *(.rodata*)
 *fill*         0x080085f5        0x3 
 .rodata.defaultTask_attributes
                0x080085f8       0x24 CMakeFiles/STD1.elf.dir/Core/Src/main.c.obj
                0x080085f8                defaultTask_attributes
 .rodata.D1CorePrescTable
                0x0800861c       0x10 CMakeFiles/STD1.elf.dir/Core/Src/system_stm32h7xx.c.obj
                0x0800861c                D1CorePrescTable
 .rodata.UARTPrescTable
                0x0800862c       0x18 CMakeFiles/STD1.elf.dir/Drivers/STM32H7xx_HAL_Driver/Src/stm32h7xx_hal_uart.c.obj
                0x0800862c                UARTPrescTable
 .rodata.numerator.1
                0x08008644        0x8 CMakeFiles/STD1.elf.dir/Drivers/STM32H7xx_HAL_Driver/Src/stm32h7xx_hal_uart_ex.c.obj
 .rodata.denominator.0
                0x0800864c        0x8 CMakeFiles/STD1.elf.dir/Drivers/STM32H7xx_HAL_Driver/Src/stm32h7xx_hal_uart_ex.c.obj
                0x08008654                . = ALIGN (0x4)

.ARM.extab
 *(.ARM.extab* .gnu.linkonce.armextab.*)

.ARM            0x08008654        0x8
                0x08008654                __exidx_start = .
 *(.ARM.exidx*)
 .ARM.exidx     0x08008654        0x8 c:/pnide/compilers/gcc/bin/../lib/gcc/arm-none-eabi/10.3.1/thumb/v7e-m+dp/hard\libgcc.a(_udivmoddi4.o)
                0x0800865c                __exidx_end = .

.rel.dyn        0x0800865c        0x0
 .rel.iplt      0x0800865c        0x0 c:/pnide/compilers/gcc/bin/../lib/gcc/arm-none-eabi/10.3.1/thumb/v7e-m+dp/hard/crtbegin.o

.preinit_array  0x0800865c        0x0
                0x0800865c                PROVIDE (__preinit_array_start = .)
 *(.preinit_array*)
                0x0800865c                PROVIDE (__preinit_array_end = .)

.init_array     0x0800865c        0x4
                0x0800865c                PROVIDE (__init_array_start = .)
 *(SORT_BY_NAME(.init_array.*))
 *(.init_array*)
 .init_array    0x0800865c        0x4 c:/pnide/compilers/gcc/bin/../lib/gcc/arm-none-eabi/10.3.1/thumb/v7e-m+dp/hard/crtbegin.o
                0x08008660                PROVIDE (__init_array_end = .)

.fini_array     0x08008660        0x4
                [!provide]                PROVIDE (__fini_array_start = .)
 *(SORT_BY_NAME(.fini_array.*))
 *(.fini_array*)
 .fini_array    0x08008660        0x4 c:/pnide/compilers/gcc/bin/../lib/gcc/arm-none-eabi/10.3.1/thumb/v7e-m+dp/hard/crtbegin.o
                [!provide]                PROVIDE (__fini_array_end = .)
                0x08008664                _sidata = LOADADDR (.data)

.data           0x20000000       0x14 load address 0x08008664
                0x20000000                . = ALIGN (0x4)
                0x20000000                _sdata = .
 *(.data)
 *(.data*)
 .data.SystemCoreClock
                0x20000000        0x4 CMakeFiles/STD1.elf.dir/Core/Src/system_stm32h7xx.c.obj
                0x20000000                SystemCoreClock
 .data.SystemD2Clock
                0x20000004        0x4 CMakeFiles/STD1.elf.dir/Core/Src/system_stm32h7xx.c.obj
                0x20000004                SystemD2Clock
 .data.uwTickPrio
                0x20000008        0x4 CMakeFiles/STD1.elf.dir/Drivers/STM32H7xx_HAL_Driver/Src/stm32h7xx_hal.c.obj
                0x20000008                uwTickPrio
 .data.uwTickFreq
                0x2000000c        0x1 CMakeFiles/STD1.elf.dir/Drivers/STM32H7xx_HAL_Driver/Src/stm32h7xx_hal.c.obj
                0x2000000c                uwTickFreq
 *fill*         0x2000000d        0x3 
 .data.uxCriticalNesting
                0x20000010        0x4 CMakeFiles/STD1.elf.dir/Middlewares/Third_Party/FreeRTOS/Source/portable/GCC/ARM_CM4F/port.c.obj
                0x20000014                . = ALIGN (0x4)
                0x20000014                _edata = .

.igot.plt       0x20000014        0x0 load address 0x08008678
 .igot.plt      0x20000014        0x0 c:/pnide/compilers/gcc/bin/../lib/gcc/arm-none-eabi/10.3.1/thumb/v7e-m+dp/hard/crtbegin.o

.RxDecripSection
                0x20000014       0x60 load address 0x08008678
 .RxDecripSection
                0x20000014       0x60 CMakeFiles/STD1.elf.dir/Core/Src/main.c.obj
                0x20000014                DMARxDscrTab

.TxDecripSection
                0x20000074       0x60 load address 0x080086d8
 .TxDecripSection
                0x20000074       0x60 CMakeFiles/STD1.elf.dir/Core/Src/main.c.obj
                0x20000074                DMATxDscrTab
                0x200000d4                . = ALIGN (0x4)

.bss            0x200000d4     0x4b28 load address 0x08008738
                0x200000d4                _sbss = .
                0x200000d4                __bss_start__ = _sbss
 *(.bss)
 .bss           0x200000d4       0x1c c:/pnide/compilers/gcc/bin/../lib/gcc/arm-none-eabi/10.3.1/thumb/v7e-m+dp/hard/crtbegin.o
 *(.bss*)
 .bss.TxConfig  0x200000f0       0x38 CMakeFiles/STD1.elf.dir/Core/Src/main.c.obj
                0x200000f0                TxConfig
 .bss.heth      0x20000128       0xb0 CMakeFiles/STD1.elf.dir/Core/Src/main.c.obj
                0x20000128                heth
 .bss.huart3    0x200001d8       0x90 CMakeFiles/STD1.elf.dir/Core/Src/main.c.obj
                0x200001d8                huart3
 .bss.defaultTaskHandle
                0x20000268        0x4 CMakeFiles/STD1.elf.dir/Core/Src/main.c.obj
                0x20000268                defaultTaskHandle
 .bss.MACAddr.0
                0x2000026c        0x6 CMakeFiles/STD1.elf.dir/Core/Src/main.c.obj
 *fill*         0x20000272        0x2 
 .bss.htim5     0x20000274       0x4c CMakeFiles/STD1.elf.dir/Core/Src/stm32h7xx_hal_timebase_tim.c.obj
                0x20000274                htim5
 .bss.uwTick    0x200002c0        0x4 CMakeFiles/STD1.elf.dir/Drivers/STM32H7xx_HAL_Driver/Src/stm32h7xx_hal.c.obj
                0x200002c0                uwTick
 .bss.KernelState
                0x200002c4        0x4 CMakeFiles/STD1.elf.dir/Middlewares/Third_Party/FreeRTOS/Source/CMSIS_RTOS_V2/cmsis_os2.c.obj
 .bss.Idle_TCB.3
                0x200002c8       0x5c CMakeFiles/STD1.elf.dir/Middlewares/Third_Party/FreeRTOS/Source/CMSIS_RTOS_V2/cmsis_os2.c.obj
 .bss.Idle_Stack.2
                0x20000324      0x200 CMakeFiles/STD1.elf.dir/Middlewares/Third_Party/FreeRTOS/Source/CMSIS_RTOS_V2/cmsis_os2.c.obj
 .bss.Timer_TCB.1
                0x20000524       0x5c CMakeFiles/STD1.elf.dir/Middlewares/Third_Party/FreeRTOS/Source/CMSIS_RTOS_V2/cmsis_os2.c.obj
 .bss.Timer_Stack.0
                0x20000580      0x400 CMakeFiles/STD1.elf.dir/Middlewares/Third_Party/FreeRTOS/Source/CMSIS_RTOS_V2/cmsis_os2.c.obj
 .bss.ucMaxSysCallPriority
                0x20000980        0x1 CMakeFiles/STD1.elf.dir/Middlewares/Third_Party/FreeRTOS/Source/portable/GCC/ARM_CM4F/port.c.obj
 *fill*         0x20000981        0x3 
 .bss.ulMaxPRIGROUPValue
                0x20000984        0x4 CMakeFiles/STD1.elf.dir/Middlewares/Third_Party/FreeRTOS/Source/portable/GCC/ARM_CM4F/port.c.obj
 .bss.ucHeap    0x20000988     0x3c00 CMakeFiles/STD1.elf.dir/Middlewares/Third_Party/FreeRTOS/Source/portable/MemMang/heap_1.c.obj
 .bss.xNextFreeByte
                0x20004588        0x4 CMakeFiles/STD1.elf.dir/Middlewares/Third_Party/FreeRTOS/Source/portable/MemMang/heap_1.c.obj
 .bss.pucAlignedHeap.0
                0x2000458c        0x4 CMakeFiles/STD1.elf.dir/Middlewares/Third_Party/FreeRTOS/Source/portable/MemMang/heap_1.c.obj
 .bss.xQueueRegistry
                0x20004590       0x40 CMakeFiles/STD1.elf.dir/Middlewares/Third_Party/FreeRTOS/Source/queue.c.obj
                0x20004590                xQueueRegistry
 .bss.pxCurrentTCB
                0x200045d0        0x4 CMakeFiles/STD1.elf.dir/Middlewares/Third_Party/FreeRTOS/Source/tasks.c.obj
                0x200045d0                pxCurrentTCB
 .bss.pxReadyTasksLists
                0x200045d4      0x460 CMakeFiles/STD1.elf.dir/Middlewares/Third_Party/FreeRTOS/Source/tasks.c.obj
 .bss.xDelayedTaskList1
                0x20004a34       0x14 CMakeFiles/STD1.elf.dir/Middlewares/Third_Party/FreeRTOS/Source/tasks.c.obj
 .bss.xDelayedTaskList2
                0x20004a48       0x14 CMakeFiles/STD1.elf.dir/Middlewares/Third_Party/FreeRTOS/Source/tasks.c.obj
 .bss.pxDelayedTaskList
                0x20004a5c        0x4 CMakeFiles/STD1.elf.dir/Middlewares/Third_Party/FreeRTOS/Source/tasks.c.obj
 .bss.pxOverflowDelayedTaskList
                0x20004a60        0x4 CMakeFiles/STD1.elf.dir/Middlewares/Third_Party/FreeRTOS/Source/tasks.c.obj
 .bss.xPendingReadyList
                0x20004a64       0x14 CMakeFiles/STD1.elf.dir/Middlewares/Third_Party/FreeRTOS/Source/tasks.c.obj
 .bss.xTasksWaitingTermination
                0x20004a78       0x14 CMakeFiles/STD1.elf.dir/Middlewares/Third_Party/FreeRTOS/Source/tasks.c.obj
 .bss.uxDeletedTasksWaitingCleanUp
                0x20004a8c        0x4 CMakeFiles/STD1.elf.dir/Middlewares/Third_Party/FreeRTOS/Source/tasks.c.obj
 .bss.xSuspendedTaskList
                0x20004a90       0x14 CMakeFiles/STD1.elf.dir/Middlewares/Third_Party/FreeRTOS/Source/tasks.c.obj
 .bss.uxCurrentNumberOfTasks
                0x20004aa4        0x4 CMakeFiles/STD1.elf.dir/Middlewares/Third_Party/FreeRTOS/Source/tasks.c.obj
 .bss.xTickCount
                0x20004aa8        0x4 CMakeFiles/STD1.elf.dir/Middlewares/Third_Party/FreeRTOS/Source/tasks.c.obj
 .bss.uxTopReadyPriority
                0x20004aac        0x4 CMakeFiles/STD1.elf.dir/Middlewares/Third_Party/FreeRTOS/Source/tasks.c.obj
 .bss.xSchedulerRunning
                0x20004ab0        0x4 CMakeFiles/STD1.elf.dir/Middlewares/Third_Party/FreeRTOS/Source/tasks.c.obj
 .bss.xPendedTicks
                0x20004ab4        0x4 CMakeFiles/STD1.elf.dir/Middlewares/Third_Party/FreeRTOS/Source/tasks.c.obj
 .bss.xYieldPending
                0x20004ab8        0x4 CMakeFiles/STD1.elf.dir/Middlewares/Third_Party/FreeRTOS/Source/tasks.c.obj
 .bss.xNumOfOverflows
                0x20004abc        0x4 CMakeFiles/STD1.elf.dir/Middlewares/Third_Party/FreeRTOS/Source/tasks.c.obj
 .bss.uxTaskNumber
                0x20004ac0        0x4 CMakeFiles/STD1.elf.dir/Middlewares/Third_Party/FreeRTOS/Source/tasks.c.obj
 .bss.xNextTaskUnblockTime
                0x20004ac4        0x4 CMakeFiles/STD1.elf.dir/Middlewares/Third_Party/FreeRTOS/Source/tasks.c.obj
 .bss.xIdleTaskHandle
                0x20004ac8        0x4 CMakeFiles/STD1.elf.dir/Middlewares/Third_Party/FreeRTOS/Source/tasks.c.obj
 .bss.uxSchedulerSuspended
                0x20004acc        0x4 CMakeFiles/STD1.elf.dir/Middlewares/Third_Party/FreeRTOS/Source/tasks.c.obj
 .bss.xActiveTimerList1
                0x20004ad0       0x14 CMakeFiles/STD1.elf.dir/Middlewares/Third_Party/FreeRTOS/Source/timers.c.obj
 .bss.xActiveTimerList2
                0x20004ae4       0x14 CMakeFiles/STD1.elf.dir/Middlewares/Third_Party/FreeRTOS/Source/timers.c.obj
 .bss.pxCurrentTimerList
                0x20004af8        0x4 CMakeFiles/STD1.elf.dir/Middlewares/Third_Party/FreeRTOS/Source/timers.c.obj
 .bss.pxOverflowTimerList
                0x20004afc        0x4 CMakeFiles/STD1.elf.dir/Middlewares/Third_Party/FreeRTOS/Source/timers.c.obj
 .bss.xTimerQueue
                0x20004b00        0x4 CMakeFiles/STD1.elf.dir/Middlewares/Third_Party/FreeRTOS/Source/timers.c.obj
 .bss.xTimerTaskHandle
                0x20004b04        0x4 CMakeFiles/STD1.elf.dir/Middlewares/Third_Party/FreeRTOS/Source/timers.c.obj
 .bss.xLastTime.2
                0x20004b08        0x4 CMakeFiles/STD1.elf.dir/Middlewares/Third_Party/FreeRTOS/Source/timers.c.obj
 .bss.ucStaticTimerQueueStorage.1
                0x20004b0c       0xa0 CMakeFiles/STD1.elf.dir/Middlewares/Third_Party/FreeRTOS/Source/timers.c.obj
 .bss.xStaticTimerQueue.0
                0x20004bac       0x50 CMakeFiles/STD1.elf.dir/Middlewares/Third_Party/FreeRTOS/Source/timers.c.obj
 *(COMMON)
                0x20004bfc                . = ALIGN (0x4)
                0x20004bfc                _ebss = .
                0x20004bfc                __bss_end__ = _ebss

._user_heap_stack
                0x20004bfc      0x604 load address 0x08008738
                0x20004c00                . = ALIGN (0x8)
 *fill*         0x20004bfc        0x4 
                [!provide]                PROVIDE (end = .)
                [!provide]                PROVIDE (_end = .)
                0x20004e00                . = (. + _Min_Heap_Size)
 *fill*         0x20004c00      0x200 
                0x20005200                . = (. + _Min_Stack_Size)
 *fill*         0x20004e00      0x400 
                0x20005200                . = ALIGN (0x8)

/DISCARD/
 libc.a(*)
 libm.a(*)
 libgcc.a(*)

.ARM.attributes
                0x00000000       0x2e
 *(.ARM.attributes)
 .ARM.attributes
                0x00000000       0x1e c:/pnide/compilers/gcc/bin/../lib/gcc/arm-none-eabi/10.3.1/thumb/v7e-m+dp/hard/crti.o
 .ARM.attributes
                0x0000001e       0x32 c:/pnide/compilers/gcc/bin/../lib/gcc/arm-none-eabi/10.3.1/thumb/v7e-m+dp/hard/crtbegin.o
 .ARM.attributes
                0x00000050       0x32 CMakeFiles/STD1.elf.dir/Core/Src/main.c.obj
 .ARM.attributes
                0x00000082       0x32 CMakeFiles/STD1.elf.dir/Core/Src/stm32h7xx_hal_msp.c.obj
 .ARM.attributes
                0x000000b4       0x32 CMakeFiles/STD1.elf.dir/Core/Src/stm32h7xx_hal_timebase_tim.c.obj
 .ARM.attributes
                0x000000e6       0x32 CMakeFiles/STD1.elf.dir/Core/Src/stm32h7xx_it.c.obj
 .ARM.attributes
                0x00000118       0x32 CMakeFiles/STD1.elf.dir/Core/Src/system_stm32h7xx.c.obj
 .ARM.attributes
                0x0000014a       0x32 CMakeFiles/STD1.elf.dir/Drivers/STM32H7xx_HAL_Driver/Src/stm32h7xx_hal.c.obj
 .ARM.attributes
                0x0000017c       0x32 CMakeFiles/STD1.elf.dir/Drivers/STM32H7xx_HAL_Driver/Src/stm32h7xx_hal_cortex.c.obj
 .ARM.attributes
                0x000001ae       0x32 CMakeFiles/STD1.elf.dir/Drivers/STM32H7xx_HAL_Driver/Src/stm32h7xx_hal_eth.c.obj
 .ARM.attributes
                0x000001e0       0x32 CMakeFiles/STD1.elf.dir/Drivers/STM32H7xx_HAL_Driver/Src/stm32h7xx_hal_gpio.c.obj
 .ARM.attributes
                0x00000212       0x32 CMakeFiles/STD1.elf.dir/Drivers/STM32H7xx_HAL_Driver/Src/stm32h7xx_hal_pwr_ex.c.obj
 .ARM.attributes
                0x00000244       0x32 CMakeFiles/STD1.elf.dir/Drivers/STM32H7xx_HAL_Driver/Src/stm32h7xx_hal_rcc.c.obj
 .ARM.attributes
                0x00000276       0x32 CMakeFiles/STD1.elf.dir/Drivers/STM32H7xx_HAL_Driver/Src/stm32h7xx_hal_rcc_ex.c.obj
 .ARM.attributes
                0x000002a8       0x32 CMakeFiles/STD1.elf.dir/Drivers/STM32H7xx_HAL_Driver/Src/stm32h7xx_hal_tim.c.obj
 .ARM.attributes
                0x000002da       0x32 CMakeFiles/STD1.elf.dir/Drivers/STM32H7xx_HAL_Driver/Src/stm32h7xx_hal_tim_ex.c.obj
 .ARM.attributes
                0x0000030c       0x32 CMakeFiles/STD1.elf.dir/Drivers/STM32H7xx_HAL_Driver/Src/stm32h7xx_hal_uart.c.obj
 .ARM.attributes
                0x0000033e       0x32 CMakeFiles/STD1.elf.dir/Drivers/STM32H7xx_HAL_Driver/Src/stm32h7xx_hal_uart_ex.c.obj
 .ARM.attributes
                0x00000370       0x32 CMakeFiles/STD1.elf.dir/Middlewares/Third_Party/FreeRTOS/Source/CMSIS_RTOS_V2/cmsis_os2.c.obj
 .ARM.attributes
                0x000003a2       0x32 CMakeFiles/STD1.elf.dir/Middlewares/Third_Party/FreeRTOS/Source/list.c.obj
 .ARM.attributes
                0x000003d4       0x32 CMakeFiles/STD1.elf.dir/Middlewares/Third_Party/FreeRTOS/Source/portable/GCC/ARM_CM4F/port.c.obj
 .ARM.attributes
                0x00000406       0x32 CMakeFiles/STD1.elf.dir/Middlewares/Third_Party/FreeRTOS/Source/portable/MemMang/heap_1.c.obj
 .ARM.attributes
                0x00000438       0x32 CMakeFiles/STD1.elf.dir/Middlewares/Third_Party/FreeRTOS/Source/queue.c.obj
 .ARM.attributes
                0x0000046a       0x32 CMakeFiles/STD1.elf.dir/Middlewares/Third_Party/FreeRTOS/Source/tasks.c.obj
 .ARM.attributes
                0x0000049c       0x32 CMakeFiles/STD1.elf.dir/Middlewares/Third_Party/FreeRTOS/Source/timers.c.obj
 .ARM.attributes
                0x000004ce       0x21 libCMSIS.a(startup_stm32h723xx.s.obj)
 .ARM.attributes
                0x000004ef       0x1e c:/pnide/compilers/gcc/bin/../lib/gcc/arm-none-eabi/10.3.1/thumb/v7e-m+dp/hard\libgcc.a(_aeabi_uldivmod.o)
 .ARM.attributes
                0x0000050d       0x32 c:/pnide/compilers/gcc/bin/../lib/gcc/arm-none-eabi/10.3.1/thumb/v7e-m+dp/hard\libgcc.a(_udivmoddi4.o)
 .ARM.attributes
                0x0000053f       0x1e c:/pnide/compilers/gcc/bin/../lib/gcc/arm-none-eabi/10.3.1/thumb/v7e-m+dp/hard\libgcc.a(_dvmd_tls.o)
 .ARM.attributes
                0x0000055d       0x32 c:/pnide/compilers/gcc/bin/../lib/gcc/arm-none-eabi/10.3.1/../../../../arm-none-eabi/lib/thumb/v7e-m+dp/hard\libg_nano.a(lib_a-init.o)
 .ARM.attributes
                0x0000058f       0x32 c:/pnide/compilers/gcc/bin/../lib/gcc/arm-none-eabi/10.3.1/../../../../arm-none-eabi/lib/thumb/v7e-m+dp/hard\libg_nano.a(lib_a-memcpy-stub.o)
 .ARM.attributes
                0x000005c1       0x32 c:/pnide/compilers/gcc/bin/../lib/gcc/arm-none-eabi/10.3.1/../../../../arm-none-eabi/lib/thumb/v7e-m+dp/hard\libg_nano.a(lib_a-memset.o)
 .ARM.attributes
                0x000005f3       0x1e c:/pnide/compilers/gcc/bin/../lib/gcc/arm-none-eabi/10.3.1/thumb/v7e-m+dp/hard/crtn.o
OUTPUT(STD1.elf elf32-littlearm)
LOAD linker stubs
LOAD c:/pnide/compilers/gcc/bin/../lib/gcc/arm-none-eabi/10.3.1/../../../../arm-none-eabi/lib/thumb/v7e-m+dp/hard\libc.a
LOAD c:/pnide/compilers/gcc/bin/../lib/gcc/arm-none-eabi/10.3.1/../../../../arm-none-eabi/lib/thumb/v7e-m+dp/hard\libm.a
LOAD c:/pnide/compilers/gcc/bin/../lib/gcc/arm-none-eabi/10.3.1/thumb/v7e-m+dp/hard\libgcc.a

.debug_info     0x00000000    0x22e83
 .debug_info    0x00000000     0x273c CMakeFiles/STD1.elf.dir/Core/Src/main.c.obj
 .debug_info    0x0000273c     0x2332 CMakeFiles/STD1.elf.dir/Core/Src/stm32h7xx_hal_msp.c.obj
 .debug_info    0x00004a6e     0x1041 CMakeFiles/STD1.elf.dir/Core/Src/stm32h7xx_hal_timebase_tim.c.obj
 .debug_info    0x00005aaf      0x802 CMakeFiles/STD1.elf.dir/Core/Src/stm32h7xx_it.c.obj
 .debug_info    0x000062b1      0xb3a CMakeFiles/STD1.elf.dir/Core/Src/system_stm32h7xx.c.obj
 .debug_info    0x00006deb     0x16db CMakeFiles/STD1.elf.dir/Drivers/STM32H7xx_HAL_Driver/Src/stm32h7xx_hal.c.obj
 .debug_info    0x000084c6     0x1156 CMakeFiles/STD1.elf.dir/Drivers/STM32H7xx_HAL_Driver/Src/stm32h7xx_hal_cortex.c.obj
 .debug_info    0x0000961c     0x2b0c CMakeFiles/STD1.elf.dir/Drivers/STM32H7xx_HAL_Driver/Src/stm32h7xx_hal_eth.c.obj
 .debug_info    0x0000c128      0xd2c CMakeFiles/STD1.elf.dir/Drivers/STM32H7xx_HAL_Driver/Src/stm32h7xx_hal_gpio.c.obj
 .debug_info    0x0000ce54      0xe50 CMakeFiles/STD1.elf.dir/Drivers/STM32H7xx_HAL_Driver/Src/stm32h7xx_hal_pwr_ex.c.obj
 .debug_info    0x0000dca4      0xdf8 CMakeFiles/STD1.elf.dir/Drivers/STM32H7xx_HAL_Driver/Src/stm32h7xx_hal_rcc.c.obj
 .debug_info    0x0000ea9c     0x125a CMakeFiles/STD1.elf.dir/Drivers/STM32H7xx_HAL_Driver/Src/stm32h7xx_hal_rcc_ex.c.obj
 .debug_info    0x0000fcf6     0x2d2a CMakeFiles/STD1.elf.dir/Drivers/STM32H7xx_HAL_Driver/Src/stm32h7xx_hal_tim.c.obj
 .debug_info    0x00012a20     0x1893 CMakeFiles/STD1.elf.dir/Drivers/STM32H7xx_HAL_Driver/Src/stm32h7xx_hal_tim_ex.c.obj
 .debug_info    0x000142b3     0x4b30 CMakeFiles/STD1.elf.dir/Drivers/STM32H7xx_HAL_Driver/Src/stm32h7xx_hal_uart.c.obj
 .debug_info    0x00018de3      0xf26 CMakeFiles/STD1.elf.dir/Drivers/STM32H7xx_HAL_Driver/Src/stm32h7xx_hal_uart_ex.c.obj
 .debug_info    0x00019d09     0x379b CMakeFiles/STD1.elf.dir/Middlewares/Third_Party/FreeRTOS/Source/CMSIS_RTOS_V2/cmsis_os2.c.obj
 .debug_info    0x0001d4a4      0x2c6 CMakeFiles/STD1.elf.dir/Middlewares/Third_Party/FreeRTOS/Source/list.c.obj
 .debug_info    0x0001d76a      0x4e6 CMakeFiles/STD1.elf.dir/Middlewares/Third_Party/FreeRTOS/Source/portable/GCC/ARM_CM4F/port.c.obj
 .debug_info    0x0001dc50      0x1b3 CMakeFiles/STD1.elf.dir/Middlewares/Third_Party/FreeRTOS/Source/portable/MemMang/heap_1.c.obj
 .debug_info    0x0001de03     0x1aff CMakeFiles/STD1.elf.dir/Middlewares/Third_Party/FreeRTOS/Source/queue.c.obj
 .debug_info    0x0001f902     0x221b CMakeFiles/STD1.elf.dir/Middlewares/Third_Party/FreeRTOS/Source/tasks.c.obj
 .debug_info    0x00021b1d     0x1344 CMakeFiles/STD1.elf.dir/Middlewares/Third_Party/FreeRTOS/Source/timers.c.obj
 .debug_info    0x00022e61       0x22 libCMSIS.a(startup_stm32h723xx.s.obj)

.debug_abbrev   0x00000000     0x348b
 .debug_abbrev  0x00000000      0x2ac CMakeFiles/STD1.elf.dir/Core/Src/main.c.obj
 .debug_abbrev  0x000002ac      0x1bf CMakeFiles/STD1.elf.dir/Core/Src/stm32h7xx_hal_msp.c.obj
 .debug_abbrev  0x0000046b      0x1c2 CMakeFiles/STD1.elf.dir/Core/Src/stm32h7xx_hal_timebase_tim.c.obj
 .debug_abbrev  0x0000062d      0x159 CMakeFiles/STD1.elf.dir/Core/Src/stm32h7xx_it.c.obj
 .debug_abbrev  0x00000786      0x133 CMakeFiles/STD1.elf.dir/Core/Src/system_stm32h7xx.c.obj
 .debug_abbrev  0x000008b9      0x247 CMakeFiles/STD1.elf.dir/Drivers/STM32H7xx_HAL_Driver/Src/stm32h7xx_hal.c.obj
 .debug_abbrev  0x00000b00      0x326 CMakeFiles/STD1.elf.dir/Drivers/STM32H7xx_HAL_Driver/Src/stm32h7xx_hal_cortex.c.obj
 .debug_abbrev  0x00000e26      0x290 CMakeFiles/STD1.elf.dir/Drivers/STM32H7xx_HAL_Driver/Src/stm32h7xx_hal_eth.c.obj
 .debug_abbrev  0x000010b6      0x1e9 CMakeFiles/STD1.elf.dir/Drivers/STM32H7xx_HAL_Driver/Src/stm32h7xx_hal_gpio.c.obj
 .debug_abbrev  0x0000129f      0x253 CMakeFiles/STD1.elf.dir/Drivers/STM32H7xx_HAL_Driver/Src/stm32h7xx_hal_pwr_ex.c.obj
 .debug_abbrev  0x000014f2      0x25c CMakeFiles/STD1.elf.dir/Drivers/STM32H7xx_HAL_Driver/Src/stm32h7xx_hal_rcc.c.obj
 .debug_abbrev  0x0000174e      0x244 CMakeFiles/STD1.elf.dir/Drivers/STM32H7xx_HAL_Driver/Src/stm32h7xx_hal_rcc_ex.c.obj
 .debug_abbrev  0x00001992      0x22e CMakeFiles/STD1.elf.dir/Drivers/STM32H7xx_HAL_Driver/Src/stm32h7xx_hal_tim.c.obj
 .debug_abbrev  0x00001bc0      0x236 CMakeFiles/STD1.elf.dir/Drivers/STM32H7xx_HAL_Driver/Src/stm32h7xx_hal_tim_ex.c.obj
 .debug_abbrev  0x00001df6      0x2cc CMakeFiles/STD1.elf.dir/Drivers/STM32H7xx_HAL_Driver/Src/stm32h7xx_hal_uart.c.obj
 .debug_abbrev  0x000020c2      0x279 CMakeFiles/STD1.elf.dir/Drivers/STM32H7xx_HAL_Driver/Src/stm32h7xx_hal_uart_ex.c.obj
 .debug_abbrev  0x0000233b      0x455 CMakeFiles/STD1.elf.dir/Middlewares/Third_Party/FreeRTOS/Source/CMSIS_RTOS_V2/cmsis_os2.c.obj
 .debug_abbrev  0x00002790       0xef CMakeFiles/STD1.elf.dir/Middlewares/Third_Party/FreeRTOS/Source/list.c.obj
 .debug_abbrev  0x0000287f      0x22e CMakeFiles/STD1.elf.dir/Middlewares/Third_Party/FreeRTOS/Source/portable/GCC/ARM_CM4F/port.c.obj
 .debug_abbrev  0x00002aad      0x138 CMakeFiles/STD1.elf.dir/Middlewares/Third_Party/FreeRTOS/Source/portable/MemMang/heap_1.c.obj
 .debug_abbrev  0x00002be5      0x304 CMakeFiles/STD1.elf.dir/Middlewares/Third_Party/FreeRTOS/Source/queue.c.obj
 .debug_abbrev  0x00002ee9      0x2e5 CMakeFiles/STD1.elf.dir/Middlewares/Third_Party/FreeRTOS/Source/tasks.c.obj
 .debug_abbrev  0x000031ce      0x2ab CMakeFiles/STD1.elf.dir/Middlewares/Third_Party/FreeRTOS/Source/timers.c.obj
 .debug_abbrev  0x00003479       0x12 libCMSIS.a(startup_stm32h723xx.s.obj)

.debug_aranges  0x00000000     0x19a8
 .debug_aranges
                0x00000000       0x60 CMakeFiles/STD1.elf.dir/Core/Src/main.c.obj
 .debug_aranges
                0x00000060       0x40 CMakeFiles/STD1.elf.dir/Core/Src/stm32h7xx_hal_msp.c.obj
 .debug_aranges
                0x000000a0       0x30 CMakeFiles/STD1.elf.dir/Core/Src/stm32h7xx_hal_timebase_tim.c.obj
 .debug_aranges
                0x000000d0       0x50 CMakeFiles/STD1.elf.dir/Core/Src/stm32h7xx_it.c.obj
 .debug_aranges
                0x00000120       0x28 CMakeFiles/STD1.elf.dir/Core/Src/system_stm32h7xx.c.obj
 .debug_aranges
                0x00000148      0x1c8 CMakeFiles/STD1.elf.dir/Drivers/STM32H7xx_HAL_Driver/Src/stm32h7xx_hal.c.obj
 .debug_aranges
                0x00000310      0x120 CMakeFiles/STD1.elf.dir/Drivers/STM32H7xx_HAL_Driver/Src/stm32h7xx_hal_cortex.c.obj
 .debug_aranges
                0x00000430      0x1d8 CMakeFiles/STD1.elf.dir/Drivers/STM32H7xx_HAL_Driver/Src/stm32h7xx_hal_eth.c.obj
 .debug_aranges
                0x00000608       0x58 CMakeFiles/STD1.elf.dir/Drivers/STM32H7xx_HAL_Driver/Src/stm32h7xx_hal_gpio.c.obj
 .debug_aranges
                0x00000660      0x148 CMakeFiles/STD1.elf.dir/Drivers/STM32H7xx_HAL_Driver/Src/stm32h7xx_hal_pwr_ex.c.obj
 .debug_aranges
                0x000007a8       0x88 CMakeFiles/STD1.elf.dir/Drivers/STM32H7xx_HAL_Driver/Src/stm32h7xx_hal_rcc.c.obj
 .debug_aranges
                0x00000830       0xf8 CMakeFiles/STD1.elf.dir/Drivers/STM32H7xx_HAL_Driver/Src/stm32h7xx_hal_rcc_ex.c.obj
 .debug_aranges
                0x00000928      0x3e0 CMakeFiles/STD1.elf.dir/Drivers/STM32H7xx_HAL_Driver/Src/stm32h7xx_hal_tim.c.obj
 .debug_aranges
                0x00000d08      0x198 CMakeFiles/STD1.elf.dir/Drivers/STM32H7xx_HAL_Driver/Src/stm32h7xx_hal_tim_ex.c.obj
 .debug_aranges
                0x00000ea0      0x248 CMakeFiles/STD1.elf.dir/Drivers/STM32H7xx_HAL_Driver/Src/stm32h7xx_hal_uart.c.obj
 .debug_aranges
                0x000010e8       0xa0 CMakeFiles/STD1.elf.dir/Drivers/STM32H7xx_HAL_Driver/Src/stm32h7xx_hal_uart_ex.c.obj
 .debug_aranges
                0x00001188      0x2b0 CMakeFiles/STD1.elf.dir/Middlewares/Third_Party/FreeRTOS/Source/CMSIS_RTOS_V2/cmsis_os2.c.obj
 .debug_aranges
                0x00001438       0x40 CMakeFiles/STD1.elf.dir/Middlewares/Third_Party/FreeRTOS/Source/list.c.obj
 .debug_aranges
                0x00001478       0x80 CMakeFiles/STD1.elf.dir/Middlewares/Third_Party/FreeRTOS/Source/portable/GCC/ARM_CM4F/port.c.obj
 .debug_aranges
                0x000014f8       0x38 CMakeFiles/STD1.elf.dir/Middlewares/Third_Party/FreeRTOS/Source/portable/MemMang/heap_1.c.obj
 .debug_aranges
                0x00001530      0x158 CMakeFiles/STD1.elf.dir/Middlewares/Third_Party/FreeRTOS/Source/queue.c.obj
 .debug_aranges
                0x00001688      0x208 CMakeFiles/STD1.elf.dir/Middlewares/Third_Party/FreeRTOS/Source/tasks.c.obj
 .debug_aranges
                0x00001890       0xf0 CMakeFiles/STD1.elf.dir/Middlewares/Third_Party/FreeRTOS/Source/timers.c.obj
 .debug_aranges
                0x00001980       0x28 libCMSIS.a(startup_stm32h723xx.s.obj)

.debug_ranges   0x00000000     0x1860
 .debug_ranges  0x00000000       0x50 CMakeFiles/STD1.elf.dir/Core/Src/main.c.obj
 .debug_ranges  0x00000050       0x30 CMakeFiles/STD1.elf.dir/Core/Src/stm32h7xx_hal_msp.c.obj
 .debug_ranges  0x00000080       0x20 CMakeFiles/STD1.elf.dir/Core/Src/stm32h7xx_hal_timebase_tim.c.obj
 .debug_ranges  0x000000a0       0x40 CMakeFiles/STD1.elf.dir/Core/Src/stm32h7xx_it.c.obj
 .debug_ranges  0x000000e0       0x18 CMakeFiles/STD1.elf.dir/Core/Src/system_stm32h7xx.c.obj
 .debug_ranges  0x000000f8      0x1b8 CMakeFiles/STD1.elf.dir/Drivers/STM32H7xx_HAL_Driver/Src/stm32h7xx_hal.c.obj
 .debug_ranges  0x000002b0      0x110 CMakeFiles/STD1.elf.dir/Drivers/STM32H7xx_HAL_Driver/Src/stm32h7xx_hal_cortex.c.obj
 .debug_ranges  0x000003c0      0x1c8 CMakeFiles/STD1.elf.dir/Drivers/STM32H7xx_HAL_Driver/Src/stm32h7xx_hal_eth.c.obj
 .debug_ranges  0x00000588       0x48 CMakeFiles/STD1.elf.dir/Drivers/STM32H7xx_HAL_Driver/Src/stm32h7xx_hal_gpio.c.obj
 .debug_ranges  0x000005d0      0x138 CMakeFiles/STD1.elf.dir/Drivers/STM32H7xx_HAL_Driver/Src/stm32h7xx_hal_pwr_ex.c.obj
 .debug_ranges  0x00000708       0x78 CMakeFiles/STD1.elf.dir/Drivers/STM32H7xx_HAL_Driver/Src/stm32h7xx_hal_rcc.c.obj
 .debug_ranges  0x00000780       0xe8 CMakeFiles/STD1.elf.dir/Drivers/STM32H7xx_HAL_Driver/Src/stm32h7xx_hal_rcc_ex.c.obj
 .debug_ranges  0x00000868      0x3d0 CMakeFiles/STD1.elf.dir/Drivers/STM32H7xx_HAL_Driver/Src/stm32h7xx_hal_tim.c.obj
 .debug_ranges  0x00000c38      0x188 CMakeFiles/STD1.elf.dir/Drivers/STM32H7xx_HAL_Driver/Src/stm32h7xx_hal_tim_ex.c.obj
 .debug_ranges  0x00000dc0      0x268 CMakeFiles/STD1.elf.dir/Drivers/STM32H7xx_HAL_Driver/Src/stm32h7xx_hal_uart.c.obj
 .debug_ranges  0x00001028       0x90 CMakeFiles/STD1.elf.dir/Drivers/STM32H7xx_HAL_Driver/Src/stm32h7xx_hal_uart_ex.c.obj
 .debug_ranges  0x000010b8      0x2a0 CMakeFiles/STD1.elf.dir/Middlewares/Third_Party/FreeRTOS/Source/CMSIS_RTOS_V2/cmsis_os2.c.obj
 .debug_ranges  0x00001358       0x30 CMakeFiles/STD1.elf.dir/Middlewares/Third_Party/FreeRTOS/Source/list.c.obj
 .debug_ranges  0x00001388       0x70 CMakeFiles/STD1.elf.dir/Middlewares/Third_Party/FreeRTOS/Source/portable/GCC/ARM_CM4F/port.c.obj
 .debug_ranges  0x000013f8       0x28 CMakeFiles/STD1.elf.dir/Middlewares/Third_Party/FreeRTOS/Source/portable/MemMang/heap_1.c.obj
 .debug_ranges  0x00001420      0x148 CMakeFiles/STD1.elf.dir/Middlewares/Third_Party/FreeRTOS/Source/queue.c.obj
 .debug_ranges  0x00001568      0x1f8 CMakeFiles/STD1.elf.dir/Middlewares/Third_Party/FreeRTOS/Source/tasks.c.obj
 .debug_ranges  0x00001760       0xe0 CMakeFiles/STD1.elf.dir/Middlewares/Third_Party/FreeRTOS/Source/timers.c.obj
 .debug_ranges  0x00001840       0x20 libCMSIS.a(startup_stm32h723xx.s.obj)

.debug_line     0x00000000    0x15413
 .debug_line    0x00000000      0x4d6 CMakeFiles/STD1.elf.dir/Core/Src/main.c.obj
 .debug_line    0x000004d6      0x2f9 CMakeFiles/STD1.elf.dir/Core/Src/stm32h7xx_hal_msp.c.obj
 .debug_line    0x000007cf      0x26d CMakeFiles/STD1.elf.dir/Core/Src/stm32h7xx_hal_timebase_tim.c.obj
 .debug_line    0x00000a3c      0x250 CMakeFiles/STD1.elf.dir/Core/Src/stm32h7xx_it.c.obj
 .debug_line    0x00000c8c      0x37f CMakeFiles/STD1.elf.dir/Core/Src/system_stm32h7xx.c.obj
 .debug_line    0x0000100b      0x845 CMakeFiles/STD1.elf.dir/Drivers/STM32H7xx_HAL_Driver/Src/stm32h7xx_hal.c.obj
 .debug_line    0x00001850      0x7a3 CMakeFiles/STD1.elf.dir/Drivers/STM32H7xx_HAL_Driver/Src/stm32h7xx_hal_cortex.c.obj
 .debug_line    0x00001ff3     0x14f8 CMakeFiles/STD1.elf.dir/Drivers/STM32H7xx_HAL_Driver/Src/stm32h7xx_hal_eth.c.obj
 .debug_line    0x000034eb      0x616 CMakeFiles/STD1.elf.dir/Drivers/STM32H7xx_HAL_Driver/Src/stm32h7xx_hal_gpio.c.obj
 .debug_line    0x00003b01      0x829 CMakeFiles/STD1.elf.dir/Drivers/STM32H7xx_HAL_Driver/Src/stm32h7xx_hal_pwr_ex.c.obj
 .debug_line    0x0000432a      0xcb3 CMakeFiles/STD1.elf.dir/Drivers/STM32H7xx_HAL_Driver/Src/stm32h7xx_hal_rcc.c.obj
 .debug_line    0x00004fdd     0x1404 CMakeFiles/STD1.elf.dir/Drivers/STM32H7xx_HAL_Driver/Src/stm32h7xx_hal_rcc_ex.c.obj
 .debug_line    0x000063e1     0x38e5 CMakeFiles/STD1.elf.dir/Drivers/STM32H7xx_HAL_Driver/Src/stm32h7xx_hal_tim.c.obj
 .debug_line    0x00009cc6     0x18b4 CMakeFiles/STD1.elf.dir/Drivers/STM32H7xx_HAL_Driver/Src/stm32h7xx_hal_tim_ex.c.obj
 .debug_line    0x0000b57a     0x38ae CMakeFiles/STD1.elf.dir/Drivers/STM32H7xx_HAL_Driver/Src/stm32h7xx_hal_uart.c.obj
 .debug_line    0x0000ee28      0x8c3 CMakeFiles/STD1.elf.dir/Drivers/STM32H7xx_HAL_Driver/Src/stm32h7xx_hal_uart_ex.c.obj
 .debug_line    0x0000f6eb     0x1d2c CMakeFiles/STD1.elf.dir/Middlewares/Third_Party/FreeRTOS/Source/CMSIS_RTOS_V2/cmsis_os2.c.obj
 .debug_line    0x00011417      0x2bc CMakeFiles/STD1.elf.dir/Middlewares/Third_Party/FreeRTOS/Source/list.c.obj
 .debug_line    0x000116d3      0x4cc CMakeFiles/STD1.elf.dir/Middlewares/Third_Party/FreeRTOS/Source/portable/GCC/ARM_CM4F/port.c.obj
 .debug_line    0x00011b9f      0x26d CMakeFiles/STD1.elf.dir/Middlewares/Third_Party/FreeRTOS/Source/portable/MemMang/heap_1.c.obj
 .debug_line    0x00011e0c     0x12aa CMakeFiles/STD1.elf.dir/Middlewares/Third_Party/FreeRTOS/Source/queue.c.obj
 .debug_line    0x000130b6     0x194f CMakeFiles/STD1.elf.dir/Middlewares/Third_Party/FreeRTOS/Source/tasks.c.obj
 .debug_line    0x00014a05      0x980 CMakeFiles/STD1.elf.dir/Middlewares/Third_Party/FreeRTOS/Source/timers.c.obj
 .debug_line    0x00015385       0x8e libCMSIS.a(startup_stm32h723xx.s.obj)

.debug_str      0x00000000     0xa122
 .debug_str     0x00000000     0x1c7d CMakeFiles/STD1.elf.dir/Core/Src/main.c.obj
                               0x1dfb (size before relaxing)
 .debug_str     0x00001c7d      0xb42 CMakeFiles/STD1.elf.dir/Core/Src/stm32h7xx_hal_msp.c.obj
                               0x1e11 (size before relaxing)
 .debug_str     0x000027bf       0xda CMakeFiles/STD1.elf.dir/Core/Src/stm32h7xx_hal_timebase_tim.c.obj
                               0x1350 (size before relaxing)
 .debug_str     0x00002899       0xa5 CMakeFiles/STD1.elf.dir/Core/Src/stm32h7xx_it.c.obj
                                0x87b (size before relaxing)
 .debug_str     0x0000293e      0x2b8 CMakeFiles/STD1.elf.dir/Core/Src/system_stm32h7xx.c.obj
                                0x6a8 (size before relaxing)
 .debug_str     0x00002bf6      0x874 CMakeFiles/STD1.elf.dir/Drivers/STM32H7xx_HAL_Driver/Src/stm32h7xx_hal.c.obj
                               0x1540 (size before relaxing)
 .debug_str     0x0000346a      0x4ae CMakeFiles/STD1.elf.dir/Drivers/STM32H7xx_HAL_Driver/Src/stm32h7xx_hal_cortex.c.obj
                               0x1014 (size before relaxing)
 .debug_str     0x00003918      0xbaf CMakeFiles/STD1.elf.dir/Drivers/STM32H7xx_HAL_Driver/Src/stm32h7xx_hal_eth.c.obj
                               0x1ae1 (size before relaxing)
 .debug_str     0x000044c7      0x12d CMakeFiles/STD1.elf.dir/Drivers/STM32H7xx_HAL_Driver/Src/stm32h7xx_hal_gpio.c.obj
                                0x6e1 (size before relaxing)
 .debug_str     0x000045f4      0x53a CMakeFiles/STD1.elf.dir/Drivers/STM32H7xx_HAL_Driver/Src/stm32h7xx_hal_pwr_ex.c.obj
                                0x99f (size before relaxing)
 .debug_str     0x00004b2e      0x1db CMakeFiles/STD1.elf.dir/Drivers/STM32H7xx_HAL_Driver/Src/stm32h7xx_hal_rcc.c.obj
                                0x99f (size before relaxing)
 .debug_str     0x00004d09      0x5f4 CMakeFiles/STD1.elf.dir/Drivers/STM32H7xx_HAL_Driver/Src/stm32h7xx_hal_rcc_ex.c.obj
                                0xe9a (size before relaxing)
 .debug_str     0x000052fd      0xec1 CMakeFiles/STD1.elf.dir/Drivers/STM32H7xx_HAL_Driver/Src/stm32h7xx_hal_tim.c.obj
                               0x17c2 (size before relaxing)
 .debug_str     0x000061be      0x753 CMakeFiles/STD1.elf.dir/Drivers/STM32H7xx_HAL_Driver/Src/stm32h7xx_hal_tim_ex.c.obj
                               0x1100 (size before relaxing)
 .debug_str     0x00006911      0x8bb CMakeFiles/STD1.elf.dir/Drivers/STM32H7xx_HAL_Driver/Src/stm32h7xx_hal_uart.c.obj
                               0x1368 (size before relaxing)
 .debug_str     0x000071cc      0x2df CMakeFiles/STD1.elf.dir/Drivers/STM32H7xx_HAL_Driver/Src/stm32h7xx_hal_uart_ex.c.obj
                                0xac6 (size before relaxing)
 .debug_str     0x000074ab      0xf5f CMakeFiles/STD1.elf.dir/Middlewares/Third_Party/FreeRTOS/Source/CMSIS_RTOS_V2/cmsis_os2.c.obj
                               0x1fe6 (size before relaxing)
 .debug_str     0x0000840a      0x14e CMakeFiles/STD1.elf.dir/Middlewares/Third_Party/FreeRTOS/Source/list.c.obj
                                0x30b (size before relaxing)
 .debug_str     0x00008558      0x255 CMakeFiles/STD1.elf.dir/Middlewares/Third_Party/FreeRTOS/Source/portable/GCC/ARM_CM4F/port.c.obj
                                0x465 (size before relaxing)
 .debug_str     0x000087ad       0xdc CMakeFiles/STD1.elf.dir/Middlewares/Third_Party/FreeRTOS/Source/portable/MemMang/heap_1.c.obj
                                0x292 (size before relaxing)
 .debug_str     0x00008889      0x721 CMakeFiles/STD1.elf.dir/Middlewares/Third_Party/FreeRTOS/Source/queue.c.obj
                                0xb4d (size before relaxing)
 .debug_str     0x00008faa      0xbbc CMakeFiles/STD1.elf.dir/Middlewares/Third_Party/FreeRTOS/Source/tasks.c.obj
                               0x11d2 (size before relaxing)
 .debug_str     0x00009b66      0x580 CMakeFiles/STD1.elf.dir/Middlewares/Third_Party/FreeRTOS/Source/timers.c.obj
                                0xad9 (size before relaxing)
 .debug_str     0x0000a0e6       0x3c libCMSIS.a(startup_stm32h723xx.s.obj)
                                 0x60 (size before relaxing)

.comment        0x00000000       0x49
 .comment       0x00000000       0x49 CMakeFiles/STD1.elf.dir/Core/Src/main.c.obj
                                 0x4a (size before relaxing)
 .comment       0x00000049       0x4a CMakeFiles/STD1.elf.dir/Core/Src/stm32h7xx_hal_msp.c.obj
 .comment       0x00000049       0x4a CMakeFiles/STD1.elf.dir/Core/Src/stm32h7xx_hal_timebase_tim.c.obj
 .comment       0x00000049       0x4a CMakeFiles/STD1.elf.dir/Core/Src/stm32h7xx_it.c.obj
 .comment       0x00000049       0x4a CMakeFiles/STD1.elf.dir/Core/Src/system_stm32h7xx.c.obj
 .comment       0x00000049       0x4a CMakeFiles/STD1.elf.dir/Drivers/STM32H7xx_HAL_Driver/Src/stm32h7xx_hal.c.obj
 .comment       0x00000049       0x4a CMakeFiles/STD1.elf.dir/Drivers/STM32H7xx_HAL_Driver/Src/stm32h7xx_hal_cortex.c.obj
 .comment       0x00000049       0x4a CMakeFiles/STD1.elf.dir/Drivers/STM32H7xx_HAL_Driver/Src/stm32h7xx_hal_eth.c.obj
 .comment       0x00000049       0x4a CMakeFiles/STD1.elf.dir/Drivers/STM32H7xx_HAL_Driver/Src/stm32h7xx_hal_gpio.c.obj
 .comment       0x00000049       0x4a CMakeFiles/STD1.elf.dir/Drivers/STM32H7xx_HAL_Driver/Src/stm32h7xx_hal_pwr_ex.c.obj
 .comment       0x00000049       0x4a CMakeFiles/STD1.elf.dir/Drivers/STM32H7xx_HAL_Driver/Src/stm32h7xx_hal_rcc.c.obj
 .comment       0x00000049       0x4a CMakeFiles/STD1.elf.dir/Drivers/STM32H7xx_HAL_Driver/Src/stm32h7xx_hal_rcc_ex.c.obj
 .comment       0x00000049       0x4a CMakeFiles/STD1.elf.dir/Drivers/STM32H7xx_HAL_Driver/Src/stm32h7xx_hal_tim.c.obj
 .comment       0x00000049       0x4a CMakeFiles/STD1.elf.dir/Drivers/STM32H7xx_HAL_Driver/Src/stm32h7xx_hal_tim_ex.c.obj
 .comment       0x00000049       0x4a CMakeFiles/STD1.elf.dir/Drivers/STM32H7xx_HAL_Driver/Src/stm32h7xx_hal_uart.c.obj
 .comment       0x00000049       0x4a CMakeFiles/STD1.elf.dir/Drivers/STM32H7xx_HAL_Driver/Src/stm32h7xx_hal_uart_ex.c.obj
 .comment       0x00000049       0x4a CMakeFiles/STD1.elf.dir/Middlewares/Third_Party/FreeRTOS/Source/CMSIS_RTOS_V2/cmsis_os2.c.obj
 .comment       0x00000049       0x4a CMakeFiles/STD1.elf.dir/Middlewares/Third_Party/FreeRTOS/Source/list.c.obj
 .comment       0x00000049       0x4a CMakeFiles/STD1.elf.dir/Middlewares/Third_Party/FreeRTOS/Source/portable/GCC/ARM_CM4F/port.c.obj
 .comment       0x00000049       0x4a CMakeFiles/STD1.elf.dir/Middlewares/Third_Party/FreeRTOS/Source/portable/MemMang/heap_1.c.obj
 .comment       0x00000049       0x4a CMakeFiles/STD1.elf.dir/Middlewares/Third_Party/FreeRTOS/Source/queue.c.obj
 .comment       0x00000049       0x4a CMakeFiles/STD1.elf.dir/Middlewares/Third_Party/FreeRTOS/Source/tasks.c.obj
 .comment       0x00000049       0x4a CMakeFiles/STD1.elf.dir/Middlewares/Third_Party/FreeRTOS/Source/timers.c.obj

.debug_frame    0x00000000     0x6dcc