Archive member included to satisfy reference by file (symbol)

libCMSIS.a(startup_stm32h723xx.s.obj)
                              (Reset_Handler)
c:/pnide/compilers/gcc/bin/../lib/gcc/arm-none-eabi/10.3.1/thumb/v7e-m+dp/hard\libgcc.a(_aeabi_ldivmod.o)
                              CMakeFiles/STD1.elf.dir/Drivers/STM32H7xx_HAL_Driver/Src/stm32h7xx_hal_uart.c.obj (__aeabi_ldivmod)
c:/pnide/compilers/gcc/bin/../lib/gcc/arm-none-eabi/10.3.1/thumb/v7e-m+dp/hard\libgcc.a(_aeabi_uldivmod.o)
                              CMakeFiles/STD1.elf.dir/Drivers/STM32H7xx_HAL_Driver/Src/stm32h7xx_hal_uart.c.obj (__aeabi_uldivmod)
c:/pnide/compilers/gcc/bin/../lib/gcc/arm-none-eabi/10.3.1/thumb/v7e-m+dp/hard\libgcc.a(_udivmoddi4.o)
                              c:/pnide/compilers/gcc/bin/../lib/gcc/arm-none-eabi/10.3.1/thumb/v7e-m+dp/hard\libgcc.a(_aeabi_ldivmod.o) (__udivmoddi4)
c:/pnide/compilers/gcc/bin/../lib/gcc/arm-none-eabi/10.3.1/thumb/v7e-m+dp/hard\libgcc.a(_dvmd_tls.o)
                              c:/pnide/compilers/gcc/bin/../lib/gcc/arm-none-eabi/10.3.1/thumb/v7e-m+dp/hard\libgcc.a(_aeabi_ldivmod.o) (__aeabi_ldiv0)
c:/pnide/compilers/gcc/bin/../lib/gcc/arm-none-eabi/10.3.1/../../../../arm-none-eabi/lib/thumb/v7e-m+dp/hard\libg_nano.a(lib_a-exit.o)
                              c:/pnide/compilers/gcc/bin/../lib/gcc/arm-none-eabi/10.3.1/../../../../arm-none-eabi/lib/thumb/v7e-m+dp/hard/crt0.o (exit)
c:/pnide/compilers/gcc/bin/../lib/gcc/arm-none-eabi/10.3.1/../../../../arm-none-eabi/lib/thumb/v7e-m+dp/hard\libg_nano.a(lib_a-impure.o)
                              c:/pnide/compilers/gcc/bin/../lib/gcc/arm-none-eabi/10.3.1/../../../../arm-none-eabi/lib/thumb/v7e-m+dp/hard\libg_nano.a(lib_a-exit.o) (_global_impure_ptr)
c:/pnide/compilers/gcc/bin/../lib/gcc/arm-none-eabi/10.3.1/../../../../arm-none-eabi/lib/thumb/v7e-m+dp/hard\libg_nano.a(lib_a-init.o)
                              c:/pnide/compilers/gcc/bin/../lib/gcc/arm-none-eabi/10.3.1/../../../../arm-none-eabi/lib/thumb/v7e-m+dp/hard/crt0.o (__libc_init_array)
c:/pnide/compilers/gcc/bin/../lib/gcc/arm-none-eabi/10.3.1/../../../../arm-none-eabi/lib/thumb/v7e-m+dp/hard\libg_nano.a(lib_a-memcpy-stub.o)
                              CMakeFiles/STD1.elf.dir/Middlewares/Third_Party/FreeRTOS/Source/CMSIS_RTOS_V2/cmsis_os2.c.obj (memcpy)
c:/pnide/compilers/gcc/bin/../lib/gcc/arm-none-eabi/10.3.1/../../../../arm-none-eabi/lib/thumb/v7e-m+dp/hard\libg_nano.a(lib_a-memset.o)
                              c:/pnide/compilers/gcc/bin/../lib/gcc/arm-none-eabi/10.3.1/../../../../arm-none-eabi/lib/thumb/v7e-m+dp/hard/crt0.o (memset)
c:/pnide/compilers/gcc/bin/../lib/gcc/arm-none-eabi/10.3.1/../../../../arm-none-eabi/lib/thumb/v7e-m+dp/hard\libnosys.a(_exit.o)
                              c:/pnide/compilers/gcc/bin/../lib/gcc/arm-none-eabi/10.3.1/../../../../arm-none-eabi/lib/thumb/v7e-m+dp/hard\libg_nano.a(lib_a-exit.o) (_exit)

Discarded input sections

 .text          0x00000000        0x0 c:/pnide/compilers/gcc/bin/../lib/gcc/arm-none-eabi/10.3.1/thumb/v7e-m+dp/hard/crti.o
 .data          0x00000000        0x0 c:/pnide/compilers/gcc/bin/../lib/gcc/arm-none-eabi/10.3.1/thumb/v7e-m+dp/hard/crti.o
 .bss           0x00000000        0x0 c:/pnide/compilers/gcc/bin/../lib/gcc/arm-none-eabi/10.3.1/thumb/v7e-m+dp/hard/crti.o
 .data          0x00000000        0x4 c:/pnide/compilers/gcc/bin/../lib/gcc/arm-none-eabi/10.3.1/thumb/v7e-m+dp/hard/crtbegin.o
 .rodata        0x00000000       0x24 c:/pnide/compilers/gcc/bin/../lib/gcc/arm-none-eabi/10.3.1/thumb/v7e-m+dp/hard/crtbegin.o
 .text          0x00000000       0x7c c:/pnide/compilers/gcc/bin/../lib/gcc/arm-none-eabi/10.3.1/../../../../arm-none-eabi/lib/thumb/v7e-m+dp/hard/crt0.o
 .data          0x00000000        0x0 c:/pnide/compilers/gcc/bin/../lib/gcc/arm-none-eabi/10.3.1/../../../../arm-none-eabi/lib/thumb/v7e-m+dp/hard/crt0.o
 .bss           0x00000000        0x0 c:/pnide/compilers/gcc/bin/../lib/gcc/arm-none-eabi/10.3.1/../../../../arm-none-eabi/lib/thumb/v7e-m+dp/hard/crt0.o
 .ARM.extab     0x00000000        0x0 c:/pnide/compilers/gcc/bin/../lib/gcc/arm-none-eabi/10.3.1/../../../../arm-none-eabi/lib/thumb/v7e-m+dp/hard/crt0.o
 .ARM.exidx     0x00000000       0x10 c:/pnide/compilers/gcc/bin/../lib/gcc/arm-none-eabi/10.3.1/../../../../arm-none-eabi/lib/thumb/v7e-m+dp/hard/crt0.o
 .ARM.attributes
                0x00000000       0x1c c:/pnide/compilers/gcc/bin/../lib/gcc/arm-none-eabi/10.3.1/../../../../arm-none-eabi/lib/thumb/v7e-m+dp/hard/crt0.o
 .text          0x00000000        0x0 CMakeFiles/STD1.elf.dir/Core/Src/freertos.c.obj
 .data          0x00000000        0x0 CMakeFiles/STD1.elf.dir/Core/Src/freertos.c.obj
 .bss           0x00000000        0x0 CMakeFiles/STD1.elf.dir/Core/Src/freertos.c.obj
 .debug_info    0x00000000       0x79 CMakeFiles/STD1.elf.dir/Core/Src/freertos.c.obj
 .debug_abbrev  0x00000000       0x26 CMakeFiles/STD1.elf.dir/Core/Src/freertos.c.obj
 .debug_aranges
[...]
Memory Configuration

Name             Origin             Length             Attributes
DTCMRAM          0x20000000         0x00020000         xrw
RAM_D1           0x24000000         0x00050000         xrw
RAM_D2           0x30000000         0x00008000         xrw
RAM_D3           0x38000000         0x00004000         xrw
ITCMRAM          0x00000000         0x00010000         xrw
FLASH            0x08000000         0x00100000         xr
*default*        0x00000000         0xffffffff

Linker script and memory map

LOAD c:/pnide/compilers/gcc/bin/../lib/gcc/arm-none-eabi/10.3.1/thumb/v7e-m+dp/hard/crti.o
LOAD c:/pnide/compilers/gcc/bin/../lib/gcc/arm-none-eabi/10.3.1/thumb/v7e-m+dp/hard/crtbegin.o
LOAD c:/pnide/compilers/gcc/bin/../lib/gcc/arm-none-eabi/10.3.1/../../../../arm-none-eabi/lib/thumb/v7e-m+dp/hard/crt0.o
LOAD CMakeFiles/STD1.elf.dir/Core/Src/freertos.c.obj
LOAD CMakeFiles/STD1.elf.dir/Core/Src/main.c.obj
LOAD CMakeFiles/STD1.elf.dir/Core/Src/stm32h7xx_hal_msp.c.obj
LOAD CMakeFiles/STD1.elf.dir/Core/Src/stm32h7xx_hal_timebase_tim.c.obj
LOAD CMakeFiles/STD1.elf.dir/Core/Src/stm32h7xx_it.c.obj
LOAD CMakeFiles/STD1.elf.dir/Core/Src/system_stm32h7xx.c.obj
LOAD CMakeFiles/STD1.elf.dir/Drivers/STM32H7xx_HAL_Driver/Src/stm32h7xx_hal.c.obj
LOAD CMakeFiles/STD1.elf.dir/Drivers/STM32H7xx_HAL_Driver/Src/stm32h7xx_hal_adc.c.obj
LOAD CMakeFiles/STD1.elf.dir/Drivers/STM32H7xx_HAL_Driver/Src/stm32h7xx_hal_adc_ex.c.obj
LOAD CMakeFiles/STD1.elf.dir/Drivers/STM32H7xx_HAL_Driver/Src/stm32h7xx_hal_cec.c.obj
LOAD CMakeFiles/STD1.elf.dir/Drivers/STM32H7xx_HAL_Driver/Src/stm32h7xx_hal_comp.c.obj
LOAD CMakeFiles/STD1.elf.dir/Drivers/STM32H7xx_HAL_Driver/Src/stm32h7xx_hal_cordic.c.obj
LOAD CMakeFiles/STD1.elf.dir/Drivers/STM32H7xx_HAL_Driver/Src/stm32h7xx_hal_cortex.c.obj
LOAD CMakeFiles/STD1.elf.dir/Drivers/STM32H7xx_HAL_Driver/Src/stm32h7xx_hal_crc.c.obj
LOAD CMakeFiles/STD1.elf.dir/Drivers/STM32H7xx_HAL_Driver/Src/stm32h7xx_hal_crc_ex.c.obj
LOAD CMakeFiles/STD1.elf.dir/Drivers/STM32H7xx_HAL_Driver/Src/stm32h7xx_hal_cryp.c.obj
LOAD CMakeFiles/STD1.elf.dir/Drivers/STM32H7xx_HAL_Driver/Src/stm32h7xx_hal_cryp_ex.c.obj
LOAD CMakeFiles/STD1.elf.dir/Drivers/STM32H7xx_HAL_Driver/Src/stm32h7xx_hal_dac.c.obj
LOAD CMakeFiles/STD1.elf.dir/Drivers/STM32H7xx_HAL_Driver/Src/stm32h7xx_hal_dac_ex.c.obj
LOAD CMakeFiles/STD1.elf.dir/Drivers/STM32H7xx_HAL_Driver/Src/stm32h7xx_hal_dcmi.c.obj
LOAD CMakeFiles/STD1.elf.dir/Drivers/STM32H7xx_HAL_Driver/Src/stm32h7xx_hal_dfsdm.c.obj
LOAD CMakeFiles/STD1.elf.dir/Drivers/STM32H7xx_HAL_Driver/Src/stm32h7xx_hal_dfsdm_ex.c.obj
LOAD CMakeFiles/STD1.elf.dir/Drivers/STM32H7xx_HAL_Driver/Src/stm32h7xx_hal_dma.c.obj
LOAD CMakeFiles/STD1.elf.dir/Drivers/STM32H7xx_HAL_Driver/Src/stm32h7xx_hal_dma2d.c.obj
LOAD CMakeFiles/STD1.elf.dir/Drivers/STM32H7xx_HAL_Driver/Src/stm32h7xx_hal_dma_ex.c.obj
LOAD CMakeFiles/STD1.elf.dir/Drivers/STM32H7xx_HAL_Driver/Src/stm32h7xx_hal_dsi.c.obj
LOAD CMakeFiles/STD1.elf.dir/Drivers/STM32H7xx_HAL_Driver/Src/stm32h7xx_hal_dts.c.obj
LOAD CMakeFiles/STD1.elf.dir/Drivers/STM32H7xx_HAL_Driver/Src/stm32h7xx_hal_eth.c.obj
LOAD CMakeFiles/STD1.elf.dir/Drivers/STM32H7xx_HAL_Driver/Src/stm32h7xx_hal_eth_ex.c.obj
LOAD CMakeFiles/STD1.elf.dir/Drivers/STM32H7xx_HAL_Driver/Src/stm32h7xx_hal_exti.c.obj
LOAD CMakeFiles/STD1.elf.dir/Drivers/STM32H7xx_HAL_Driver/Src/stm32h7xx_hal_fdcan.c.obj
LOAD CMakeFiles/STD1.elf.dir/Drivers/STM32H7xx_HAL_Driver/Src/stm32h7xx_hal_flash.c.obj
LOAD CMakeFiles/STD1.elf.dir/Drivers/STM32H7xx_HAL_Driver/Src/stm32h7xx_hal_flash_ex.c.obj
LOAD CMakeFiles/STD1.elf.dir/Drivers/STM32H7xx_HAL_Driver/Src/stm32h7xx_hal_fmac.c.obj
LOAD CMakeFiles/STD1.elf.dir/Drivers/STM32H7xx_HAL_Driver/Src/stm32h7xx_hal_gfxmmu.c.obj
LOAD CMakeFiles/STD1.elf.dir/Drivers/STM32H7xx_HAL_Driver/Src/stm32h7xx_hal_gpio.c.obj
LOAD CMakeFiles/STD1.elf.dir/Drivers/STM32H7xx_HAL_Driver/Src/stm32h7xx_hal_hash.c.obj
LOAD CMakeFiles/STD1.elf.dir/Drivers/STM32H7xx_HAL_Driver/Src/stm32h7xx_hal_hash_ex.c.obj
LOAD CMakeFiles/STD1.elf.dir/Drivers/STM32H7xx_HAL_Driver/Src/stm32h7xx_hal_hcd.c.obj
LOAD CMakeFiles/STD1.elf.dir/Drivers/STM32H7xx_HAL_Driver/Src/stm32h7xx_hal_hrtim.c.obj
LOAD CMakeFiles/STD1.elf.dir/Drivers/STM32H7xx_HAL_Driver/Src/stm32h7xx_hal_hsem.c.obj
LOAD CMakeFiles/STD1.elf.dir/Drivers/STM32H7xx_HAL_Driver/Src/stm32h7xx_hal_i2c.c.obj
LOAD CMakeFiles/STD1.elf.dir/Drivers/STM32H7xx_HAL_Driver/Src/stm32h7xx_hal_i2c_ex.c.obj
LOAD CMakeFiles/STD1.elf.dir/Drivers/STM32H7xx_HAL_Driver/Src/stm32h7xx_hal_i2s.c.obj
LOAD CMakeFiles/STD1.elf.dir/Drivers/STM32H7xx_HAL_Driver/Src/stm32h7xx_hal_i2s_ex.c.obj
LOAD CMakeFiles/STD1.elf.dir/Drivers/STM32H7xx_HAL_Driver/Src/stm32h7xx_hal_irda.c.obj
LOAD CMakeFiles/STD1.elf.dir/Drivers/STM32H7xx_HAL_Driver/Src/stm32h7xx_hal_iwdg.c.obj
LOAD CMakeFiles/STD1.elf.dir/Drivers/STM32H7xx_HAL_Driver/Src/stm32h7xx_hal_jpeg.c.obj
LOAD CMakeFiles/STD1.elf.dir/Drivers/STM32H7xx_HAL_Driver/Src/stm32h7xx_hal_lptim.c.obj
LOAD CMakeFiles/STD1.elf.dir/Drivers/STM32H7xx_HAL_Driver/Src/stm32h7xx_hal_ltdc.c.obj
LOAD CMakeFiles/STD1.elf.dir/Drivers/STM32H7xx_HAL_Driver/Src/stm32h7xx_hal_ltdc_ex.c.obj
LOAD CMakeFiles/STD1.elf.dir/Drivers/STM32H7xx_HAL_Driver/Src/stm32h7xx_hal_mdios.c.obj
LOAD CMakeFiles/STD1.elf.dir/Drivers/STM32H7xx_HAL_Driver/Src/stm32h7xx_hal_mdma.c.obj
LOAD CMakeFiles/STD1.elf.dir/Drivers/STM32H7xx_HAL_Driver/Src/stm32h7xx_hal_mmc.c.obj
LOAD CMakeFiles/STD1.elf.dir/Drivers/STM32H7xx_HAL_Driver/Src/stm32h7xx_hal_mmc_ex.c.obj
LOAD CMakeFiles/STD1.elf.dir/Drivers/STM32H7xx_HAL_Driver/Src/stm32h7xx_hal_nand.c.obj
LOAD CMakeFiles/STD1.elf.dir/Drivers/STM32H7xx_HAL_Driver/Src/stm32h7xx_hal_nor.c.obj
LOAD CMakeFiles/STD1.elf.dir/Drivers/STM32H7xx_HAL_Driver/Src/stm32h7xx_hal_opamp.c.obj
LOAD CMakeFiles/STD1.elf.dir/Drivers/STM32H7xx_HAL_Driver/Src/stm32h7xx_hal_opamp_ex.c.obj
LOAD CMakeFiles/STD1.elf.dir/Drivers/STM32H7xx_HAL_Driver/Src/stm32h7xx_hal_ospi.c.obj
LOAD CMakeFiles/STD1.elf.dir/Drivers/STM32H7xx_HAL_Driver/Src/stm32h7xx_hal_otfdec.c.obj
LOAD CMakeFiles/STD1.elf.dir/Drivers/STM32H7xx_HAL_Driver/Src/stm32h7xx_hal_pcd.c.obj
LOAD CMakeFiles/STD1.elf.dir/Drivers/STM32H7xx_HAL_Driver/Src/stm32h7xx_hal_pcd_ex.c.obj
LOAD CMakeFiles/STD1.elf.dir/Drivers/STM32H7xx_HAL_Driver/Src/stm32h7xx_hal_pssi.c.obj
LOAD CMakeFiles/STD1.elf.dir/Drivers/STM32H7xx_HAL_Driver/Src/stm32h7xx_hal_pwr.c.obj
LOAD CMakeFiles/STD1.elf.dir/Drivers/STM32H7xx_HAL_Driver/Src/stm32h7xx_hal_pwr_ex.c.obj
LOAD CMakeFiles/STD1.elf.dir/Drivers/STM32H7xx_HAL_Driver/Src/stm32h7xx_hal_qspi.c.obj
LOAD CMakeFiles/STD1.elf.dir/Drivers/STM32H7xx_HAL_Driver/Src/stm32h7xx_hal_ramecc.c.obj
LOAD CMakeFiles/STD1.elf.dir/Drivers/STM32H7xx_HAL_Driver/Src/stm32h7xx_hal_rcc.c.obj
LOAD CMakeFiles/STD1.elf.dir/Drivers/STM32H7xx_HAL_Driver/Src/stm32h7xx_hal_rcc_ex.c.obj
LOAD CMakeFiles/STD1.elf.dir/Drivers/STM32H7xx_HAL_Driver/Src/stm32h7xx_hal_rng.c.obj
LOAD CMakeFiles/STD1.elf.dir/Drivers/STM32H7xx_HAL_Driver/Src/stm32h7xx_hal_rng_ex.c.obj
LOAD CMakeFiles/STD1.elf.dir/Drivers/STM32H7xx_HAL_Driver/Src/stm32h7xx_hal_rtc.c.obj
LOAD CMakeFiles/STD1.elf.dir/Drivers/STM32H7xx_HAL_Driver/Src/stm32h7xx_hal_rtc_ex.c.obj
LOAD CMakeFiles/STD1.elf.dir/Drivers/STM32H7xx_HAL_Driver/Src/stm32h7xx_hal_sai.c.obj
LOAD CMakeFiles/STD1.elf.dir/Drivers/STM32H7xx_HAL_Driver/Src/stm32h7xx_hal_sai_ex.c.obj
LOAD CMakeFiles/STD1.elf.dir/Drivers/STM32H7xx_HAL_Driver/Src/stm32h7xx_hal_sd.c.obj
LOAD CMakeFiles/STD1.elf.dir/Drivers/STM32H7xx_HAL_Driver/Src/stm32h7xx_hal_sd_ex.c.obj
LOAD CMakeFiles/STD1.elf.dir/Drivers/STM32H7xx_HAL_Driver/Src/stm32h7xx_hal_sdram.c.obj
LOAD CMakeFiles/STD1.elf.dir/Drivers/STM32H7xx_HAL_Driver/Src/stm32h7xx_hal_smartcard.c.obj
LOAD CMakeFiles/STD1.elf.dir/Drivers/STM32H7xx_HAL_Driver/Src/stm32h7xx_hal_smartcard_ex.c.obj
LOAD CMakeFiles/STD1.elf.dir/Drivers/STM32H7xx_HAL_Driver/Src/stm32h7xx_hal_smbus.c.obj
LOAD CMakeFiles/STD1.elf.dir/Drivers/STM32H7xx_HAL_Driver/Src/stm32h7xx_hal_smbus_ex.c.obj
LOAD CMakeFiles/STD1.elf.dir/Drivers/STM32H7xx_HAL_Driver/Src/stm32h7xx_hal_spdifrx.c.obj
LOAD CMakeFiles/STD1.elf.dir/Drivers/STM32H7xx_HAL_Driver/Src/stm32h7xx_hal_spi.c.obj
LOAD CMakeFiles/STD1.elf.dir/Drivers/STM32H7xx_HAL_Driver/Src/stm32h7xx_hal_spi_ex.c.obj
LOAD CMakeFiles/STD1.elf.dir/Drivers/STM32H7xx_HAL_Driver/Src/stm32h7xx_hal_sram.c.obj
LOAD CMakeFiles/STD1.elf.dir/Drivers/STM32H7xx_HAL_Driver/Src/stm32h7xx_hal_swpmi.c.obj
LOAD CMakeFiles/STD1.elf.dir/Drivers/STM32H7xx_HAL_Driver/Src/stm32h7xx_hal_tim.c.obj
LOAD CMakeFiles/STD1.elf.dir/Drivers/STM32H7xx_HAL_Driver/Src/stm32h7xx_hal_tim_ex.c.obj
LOAD CMakeFiles/STD1.elf.dir/Drivers/STM32H7xx_HAL_Driver/Src/stm32h7xx_hal_uart.c.obj
LOAD CMakeFiles/STD1.elf.dir/Drivers/STM32H7xx_HAL_Driver/Src/stm32h7xx_hal_uart_ex.c.obj
LOAD CMakeFiles/STD1.elf.dir/Drivers/STM32H7xx_HAL_Driver/Src/stm32h7xx_hal_usart.c.obj
LOAD CMakeFiles/STD1.elf.dir/Drivers/STM32H7xx_HAL_Driver/Src/stm32h7xx_hal_usart_ex.c.obj
LOAD CMakeFiles/STD1.elf.dir/Drivers/STM32H7xx_HAL_Driver/Src/stm32h7xx_hal_wwdg.c.obj
LOAD CMakeFiles/STD1.elf.dir/Drivers/STM32H7xx_HAL_Driver/Src/stm32h7xx_ll_adc.c.obj
LOAD CMakeFiles/STD1.elf.dir/Drivers/STM32H7xx_HAL_Driver/Src/stm32h7xx_ll_bdma.c.obj
LOAD CMakeFiles/STD1.elf.dir/Drivers/STM32H7xx_HAL_Driver/Src/stm32h7xx_ll_comp.c.obj
LOAD CMakeFiles/STD1.elf.dir/Drivers/STM32H7xx_HAL_Driver/Src/stm32h7xx_ll_cordic.c.obj
LOAD CMakeFiles/STD1.elf.dir/Drivers/STM32H7xx_HAL_Driver/Src/stm32h7xx_ll_crc.c.obj
LOAD CMakeFiles/STD1.elf.dir/Drivers/STM32H7xx_HAL_Driver/Src/stm32h7xx_ll_crs.c.obj
LOAD CMakeFiles/STD1.elf.dir/Drivers/STM32H7xx_HAL_Driver/Src/stm32h7xx_ll_dac.c.obj
LOAD CMakeFiles/STD1.elf.dir/Drivers/STM32H7xx_HAL_Driver/Src/stm32h7xx_ll_delayblock.c.obj
LOAD CMakeFiles/STD1.elf.dir/Drivers/STM32H7xx_HAL_Driver/Src/stm32h7xx_ll_dma.c.obj
LOAD CMakeFiles/STD1.elf.dir/Drivers/STM32H7xx_HAL_Driver/Src/stm32h7xx_ll_dma2d.c.obj
LOAD CMakeFiles/STD1.elf.dir/Drivers/STM32H7xx_HAL_Driver/Src/stm32h7xx_ll_exti.c.obj
LOAD CMakeFiles/STD1.elf.dir/Drivers/STM32H7xx_HAL_Driver/Src/stm32h7xx_ll_fmac.c.obj
LOAD CMakeFiles/STD1.elf.dir/Drivers/STM32H7xx_HAL_Driver/Src/stm32h7xx_ll_fmc.c.obj
LOAD CMakeFiles/STD1.elf.dir/Drivers/STM32H7xx_HAL_Driver/Src/stm32h7xx_ll_gpio.c.obj
LOAD CMakeFiles/STD1.elf.dir/Drivers/STM32H7xx_HAL_Driver/Src/stm32h7xx_ll_hrtim.c.obj
LOAD CMakeFiles/STD1.elf.dir/Drivers/STM32H7xx_HAL_Driver/Src/stm32h7xx_ll_i2c.c.obj
LOAD CMakeFiles/STD1.elf.dir/Drivers/STM32H7xx_HAL_Driver/Src/stm32h7xx_ll_lptim.c.obj
LOAD CMakeFiles/STD1.elf.dir/Drivers/STM32H7xx_HAL_Driver/Src/stm32h7xx_ll_lpuart.c.obj
LOAD CMakeFiles/STD1.elf.dir/Drivers/STM32H7xx_HAL_Driver/Src/stm32h7xx_ll_mdma.c.obj
LOAD CMakeFiles/STD1.elf.dir/Drivers/STM32H7xx_HAL_Driver/Src/stm32h7xx_ll_opamp.c.obj
LOAD CMakeFiles/STD1.elf.dir/Drivers/STM32H7xx_HAL_Driver/Src/stm32h7xx_ll_pwr.c.obj
LOAD CMakeFiles/STD1.elf.dir/Drivers/STM32H7xx_HAL_Driver/Src/stm32h7xx_ll_rcc.c.obj
LOAD CMakeFiles/STD1.elf.dir/Drivers/STM32H7xx_HAL_Driver/Src/stm32h7xx_ll_rng.c.obj
LOAD CMakeFiles/STD1.elf.dir/Drivers/STM32H7xx_HAL_Driver/Src/stm32h7xx_ll_rtc.c.obj
LOAD CMakeFiles/STD1.elf.dir/Drivers/STM32H7xx_HAL_Driver/Src/stm32h7xx_ll_sdmmc.c.obj
LOAD CMakeFiles/STD1.elf.dir/Drivers/STM32H7xx_HAL_Driver/Src/stm32h7xx_ll_spi.c.obj
LOAD CMakeFiles/STD1.elf.dir/Drivers/STM32H7xx_HAL_Driver/Src/stm32h7xx_ll_swpmi.c.obj
LOAD CMakeFiles/STD1.elf.dir/Drivers/STM32H7xx_HAL_Driver/Src/stm32h7xx_ll_tim.c.obj
LOAD CMakeFiles/STD1.elf.dir/Drivers/STM32H7xx_HAL_Driver/Src/stm32h7xx_ll_usart.c.obj
LOAD CMakeFiles/STD1.elf.dir/Drivers/STM32H7xx_HAL_Driver/Src/stm32h7xx_ll_usb.c.obj
LOAD CMakeFiles/STD1.elf.dir/Drivers/STM32H7xx_HAL_Driver/Src/stm32h7xx_ll_utils.c.obj
LOAD CMakeFiles/STD1.elf.dir/Middlewares/Third_Party/FreeRTOS/Source/CMSIS_RTOS_V2/cmsis_os2.c.obj
LOAD CMakeFiles/STD1.elf.dir/Middlewares/Third_Party/FreeRTOS/Source/croutine.c.obj
LOAD CMakeFiles/STD1.elf.dir/Middlewares/Third_Party/FreeRTOS/Source/event_groups.c.obj
LOAD CMakeFiles/STD1.elf.dir/Middlewares/Third_Party/FreeRTOS/Source/list.c.obj
LOAD CMakeFiles/STD1.elf.dir/Middlewares/Third_Party/FreeRTOS/Source/portable/GCC/ARM_CM4F/port.c.obj
LOAD CMakeFiles/STD1.elf.dir/Middlewares/Third_Party/FreeRTOS/Source/portable/MemMang/heap_1.c.obj
LOAD CMakeFiles/STD1.elf.dir/Middlewares/Third_Party/FreeRTOS/Source/queue.c.obj
LOAD CMakeFiles/STD1.elf.dir/Middlewares/Third_Party/FreeRTOS/Source/stream_buffer.c.obj
LOAD CMakeFiles/STD1.elf.dir/Middlewares/Third_Party/FreeRTOS/Source/tasks.c.obj
LOAD CMakeFiles/STD1.elf.dir/Middlewares/Third_Party/FreeRTOS/Source/timers.c.obj
LOAD libCMSIS.a
START GROUP
LOAD c:/pnide/compilers/gcc/bin/../lib/gcc/arm-none-eabi/10.3.1/thumb/v7e-m+dp/hard\libgcc.a
LOAD c:/pnide/compilers/gcc/bin/../lib/gcc/arm-none-eabi/10.3.1/../../../../arm-none-eabi/lib/thumb/v7e-m+dp/hard\libg_nano.a
LOAD c:/pnide/compilers/gcc/bin/../lib/gcc/arm-none-eabi/10.3.1/../../../../arm-none-eabi/lib/thumb/v7e-m+dp/hard\libc_nano.a
END GROUP
START GROUP
LOAD c:/pnide/compilers/gcc/bin/../lib/gcc/arm-none-eabi/10.3.1/thumb/v7e-m+dp/hard\libgcc.a
LOAD c:/pnide/compilers/gcc/bin/../lib/gcc/arm-none-eabi/10.3.1/../../../../arm-none-eabi/lib/thumb/v7e-m+dp/hard\libc_nano.a
LOAD c:/pnide/compilers/gcc/bin/../lib/gcc/arm-none-eabi/10.3.1/../../../../arm-none-eabi/lib/thumb/v7e-m+dp/hard\libnosys.a
END GROUP
START GROUP
LOAD c:/pnide/compilers/gcc/bin/../lib/gcc/arm-none-eabi/10.3.1/thumb/v7e-m+dp/hard\libgcc.a
LOAD c:/pnide/compilers/gcc/bin/../lib/gcc/arm-none-eabi/10.3.1/../../../../arm-none-eabi/lib/thumb/v7e-m+dp/hard\libc_nano.a
LOAD c:/pnide/compilers/gcc/bin/../lib/gcc/arm-none-eabi/10.3.1/../../../../arm-none-eabi/lib/thumb/v7e-m+dp/hard\libnosys.a
END GROUP
LOAD c:/pnide/compilers/gcc/bin/../lib/gcc/arm-none-eabi/10.3.1/thumb/v7e-m+dp/hard/crtend.o
LOAD c:/pnide/compilers/gcc/bin/../lib/gcc/arm-none-eabi/10.3.1/thumb/v7e-m+dp/hard/crtn.o
                0x20020000                _estack = (ORIGIN (DTCMRAM) + LENGTH (DTCMRAM))
                0x00000200                _Min_Heap_Size = 0x200
                0x00000400                _Min_Stack_Size = 0x400

.isr_vector     0x08000000      0x2cc
                0x08000000                . = ALIGN (0x4)
 *(.isr_vector)
 .isr_vector    0x08000000      0x2cc libCMSIS.a(startup_stm32h723xx.s.obj)
                0x08000000                g_pfnVectors
                0x080002cc                . = ALIGN (0x4)

.text           0x080002d0     0x5814
                0x080002d0                . = ALIGN (0x4)
 *(.text)
 .text          0x080002d0       0x40 c:/pnide/compilers/gcc/bin/../lib/gcc/arm-none-eabi/10.3.1/thumb/v7e-m+dp/hard/crtbegin.o
 .text          0x08000310       0x30 c:/pnide/compilers/gcc/bin/../lib/gcc/arm-none-eabi/10.3.1/thumb/v7e-m+dp/hard\libgcc.a(_aeabi_uldivmod.o)
                0x08000310                __aeabi_uldivmod
 .text          0x08000340      0x2d0 c:/pnide/compilers/gcc/bin/../lib/gcc/arm-none-eabi/10.3.1/thumb/v7e-m+dp/hard\libgcc.a(_udivmoddi4.o)
                0x08000340                __udivmoddi4
 .text          0x08000610        0x4 c:/pnide/compilers/gcc/bin/../lib/gcc/arm-none-eabi/10.3.1/thumb/v7e-m+dp/hard\libgcc.a(_dvmd_tls.o)
                0x08000610                __aeabi_idiv0
                0x08000610                __aeabi_ldiv0
 *(.text*)
 .text.StartDefaultTask
                0x08000614        0xc CMakeFiles/STD1.elf.dir/Core/Src/main.c.obj
                0x08000614                StartDefaultTask
 .text.SystemClock_Config
                0x08000620       0xc4 CMakeFiles/STD1.elf.dir/Core/Src/main.c.obj
                0x08000620                SystemClock_Config
 .text.startup.main
                0x080006e4      0x2a4 CMakeFiles/STD1.elf.dir/Core/Src/main.c.obj
                0x080006e4                main
 .text.HAL_TIM_PeriodElapsedCallback
                0x08000988       0x14 CMakeFiles/STD1.elf.dir/Core/Src/main.c.obj
                0x08000988                HAL_TIM_PeriodElapsedCallback
 .text.Error_Handler
                0x0800099c        0x4 CMakeFiles/STD1.elf.dir/Core/Src/main.c.obj
                0x0800099c                Error_Handler
 .text.HAL_MspInit
                0x080009a0       0x34 CMakeFiles/STD1.elf.dir/Core/Src/stm32h7xx_hal_msp.c.obj
                0x080009a0                HAL_MspInit
 .text.HAL_ETH_MspInit
                0x080009d4      0x140 CMakeFiles/STD1.elf.dir/Core/Src/stm32h7xx_hal_msp.c.obj
                0x080009d4                HAL_ETH_MspInit
 *fill*         0x08000b14        0x4 
 .text.HAL_UART_MspInit
                0x08000b18       0xac CMakeFiles/STD1.elf.dir/Core/Src/stm32h7xx_hal_msp.c.obj
                0x08000b18                HAL_UART_MspInit
 .text.HAL_InitTick
                0x08000bc4       0x9c CMakeFiles/STD1.elf.dir/Core/Src/stm32h7xx_hal_timebase_tim.c.obj
                0x08000bc4                HAL_InitTick
 .text.NMI_Handler
                0x08000c60        0x4 CMakeFiles/STD1.elf.dir/Core/Src/stm32h7xx_it.c.obj
                0x08000c60                NMI_Handler
 .text.HardFault_Handler
                0x08000c64        0x4 CMakeFiles/STD1.elf.dir/Core/Src/stm32h7xx_it.c.obj
                0x08000c64                HardFault_Handler
 .text.MemManage_Handler
                0x08000c68        0x4 CMakeFiles/STD1.elf.dir/Core/Src/stm32h7xx_it.c.obj
                0x08000c68                MemManage_Handler
 .text.BusFault_Handler
                0x08000c6c        0x4 CMakeFiles/STD1.elf.dir/Core/Src/stm32h7xx_it.c.obj
                0x08000c6c                BusFault_Handler
 .text.UsageFault_Handler
                0x08000c70        0x4 CMakeFiles/STD1.elf.dir/Core/Src/stm32h7xx_it.c.obj
                0x08000c70                UsageFault_Handler
 .text.DebugMon_Handler
                0x08000c74        0x4 CMakeFiles/STD1.elf.dir/Core/Src/stm32h7xx_it.c.obj
                0x08000c74                DebugMon_Handler
 .text.TIM5_IRQHandler
                0x08000c78        0xc CMakeFiles/STD1.elf.dir/Core/Src/stm32h7xx_it.c.obj
                0x08000c78                TIM5_IRQHandler
 .text.SystemInit
                0x08000c84       0xac CMakeFiles/STD1.elf.dir/Core/Src/system_stm32h7xx.c.obj
                0x08000c84                SystemInit
 .text.HAL_Init
                0x08000d30       0x60 CMakeFiles/STD1.elf.dir/Drivers/STM32H7xx_HAL_Driver/Src/stm32h7xx_hal.c.obj
                0x08000d30                HAL_Init
 .text.HAL_IncTick
                0x08000d90       0x18 CMakeFiles/STD1.elf.dir/Drivers/STM32H7xx_HAL_Driver/Src/stm32h7xx_hal.c.obj
                0x08000d90                HAL_IncTick
 .text.HAL_GetTick
                0x08000da8        0xc CMakeFiles/STD1.elf.dir/Drivers/STM32H7xx_HAL_Driver/Src/stm32h7xx_hal.c.obj
                0x08000da8                HAL_GetTick
 .text.HAL_Delay
                0x08000db4       0x24 CMakeFiles/STD1.elf.dir/Drivers/STM32H7xx_HAL_Driver/Src/stm32h7xx_hal.c.obj
                0x08000db4                HAL_Delay
 .text.HAL_SYSCFG_ETHInterfaceSelect
                0x08000dd8       0x14 CMakeFiles/STD1.elf.dir/Drivers/STM32H7xx_HAL_Driver/Src/stm32h7xx_hal.c.obj
                0x08000dd8                HAL_SYSCFG_ETHInterfaceSelect
 .text.HAL_NVIC_SetPriorityGrouping
                0x08000dec       0x24 CMakeFiles/STD1.elf.dir/Drivers/STM32H7xx_HAL_Driver/Src/stm32h7xx_hal_cortex.c.obj
                0x08000dec                HAL_NVIC_SetPriorityGrouping
 .text.HAL_NVIC_SetPriority
                0x08000e10       0x7c CMakeFiles/STD1.elf.dir/Drivers/STM32H7xx_HAL_Driver/Src/stm32h7xx_hal_cortex.c.obj
                0x08000e10                HAL_NVIC_SetPriority
 .text.HAL_NVIC_EnableIRQ
                0x08000e8c       0x1c CMakeFiles/STD1.elf.dir/Drivers/STM32H7xx_HAL_Driver/Src/stm32h7xx_hal_cortex.c.obj
                0x08000e8c                HAL_NVIC_EnableIRQ
 .text.HAL_ETH_Init
                0x08000ea8      0x2f0 CMakeFiles/STD1.elf.dir/Drivers/STM32H7xx_HAL_Driver/Src/stm32h7xx_hal_eth.c.obj
                0x08000ea8                HAL_ETH_Init
 .text.HAL_GPIO_Init
                0x08001198      0x25c CMakeFiles/STD1.elf.dir/Drivers/STM32H7xx_HAL_Driver/Src/stm32h7xx_hal_gpio.c.obj
                0x08001198                HAL_GPIO_Init
 .text.HAL_GPIO_WritePin
                0x080013f4        0x8 CMakeFiles/STD1.elf.dir/Drivers/STM32H7xx_HAL_Driver/Src/stm32h7xx_hal_gpio.c.obj
                0x080013f4                HAL_GPIO_WritePin
 .text.HAL_GPIO_TogglePin
                0x080013fc       0x14 CMakeFiles/STD1.elf.dir/Drivers/STM32H7xx_HAL_Driver/Src/stm32h7xx_hal_gpio.c.obj
                0x080013fc                HAL_GPIO_TogglePin
 .text.HAL_PWREx_ConfigSupply
                0x08001410       0x48 CMakeFiles/STD1.elf.dir/Drivers/STM32H7xx_HAL_Driver/Src/stm32h7xx_hal_pwr_ex.c.obj
                0x08001410                HAL_PWREx_ConfigSupply
 .text.HAL_RCC_GetSysClockFreq.part.0
                0x08001458      0x130 CMakeFiles/STD1.elf.dir/Drivers/STM32H7xx_HAL_Driver/Src/stm32h7xx_hal_rcc.c.obj
 .text.HAL_RCC_OscConfig
                0x08001588      0x514 CMakeFiles/STD1.elf.dir/Drivers/STM32H7xx_HAL_Driver/Src/stm32h7xx_hal_rcc.c.obj
                0x08001588                HAL_RCC_OscConfig
 .text.HAL_RCC_GetSysClockFreq
                0x08001a9c      0x140 CMakeFiles/STD1.elf.dir/Drivers/STM32H7xx_HAL_Driver/Src/stm32h7xx_hal_rcc.c.obj
                0x08001a9c                HAL_RCC_GetSysClockFreq
 .text.HAL_RCC_ClockConfig
                0x08001bdc      0x250 CMakeFiles/STD1.elf.dir/Drivers/STM32H7xx_HAL_Driver/Src/stm32h7xx_hal_rcc.c.obj
                0x08001bdc                HAL_RCC_ClockConfig
 .text.HAL_RCC_GetHCLKFreq
                0x08001e2c       0x80 CMakeFiles/STD1.elf.dir/Drivers/STM32H7xx_HAL_Driver/Src/stm32h7xx_hal_rcc.c.obj
                0x08001e2c                HAL_RCC_GetHCLKFreq
 .text.HAL_RCC_GetPCLK1Freq
                0x08001eac       0x90 CMakeFiles/STD1.elf.dir/Drivers/STM32H7xx_HAL_Driver/Src/stm32h7xx_hal_rcc.c.obj
                0x08001eac                HAL_RCC_GetPCLK1Freq
 .text.HAL_RCC_GetPCLK2Freq
                0x08001f3c       0x90 CMakeFiles/STD1.elf.dir/Drivers/STM32H7xx_HAL_Driver/Src/stm32h7xx_hal_rcc.c.obj
                0x08001f3c                HAL_RCC_GetPCLK2Freq
 .text.HAL_RCC_GetClockConfig
                0x08001fcc       0x58 CMakeFiles/STD1.elf.dir/Drivers/STM32H7xx_HAL_Driver/Src/stm32h7xx_hal_rcc.c.obj
                0x08001fcc                HAL_RCC_GetClockConfig
 .text.RCCEx_PLL2_Config
                0x08002024       0xf4 CMakeFiles/STD1.elf.dir/Drivers/STM32H7xx_HAL_Driver/Src/stm32h7xx_hal_rcc_ex.c.obj
 .text.RCCEx_PLL3_Config
                0x08002118       0xf4 CMakeFiles/STD1.elf.dir/Drivers/STM32H7xx_HAL_Driver/Src/stm32h7xx_hal_rcc_ex.c.obj
 .text.HAL_RCCEx_PeriphCLKConfig
                0x0800220c      0xa14 CMakeFiles/STD1.elf.dir/Drivers/STM32H7xx_HAL_Driver/Src/stm32h7xx_hal_rcc_ex.c.obj
                0x0800220c                HAL_RCCEx_PeriphCLKConfig
 .text.HAL_RCCEx_GetD3PCLK1Freq
                0x08002c20       0x24 CMakeFiles/STD1.elf.dir/Drivers/STM32H7xx_HAL_Driver/Src/stm32h7xx_hal_rcc_ex.c.obj
                0x08002c20                HAL_RCCEx_GetD3PCLK1Freq
 .text.HAL_RCCEx_GetPLL2ClockFreq
                0x08002c44      0x17c CMakeFiles/STD1.elf.dir/Drivers/STM32H7xx_HAL_Driver/Src/stm32h7xx_hal_rcc_ex.c.obj
                0x08002c44                HAL_RCCEx_GetPLL2ClockFreq
 .text.HAL_RCCEx_GetPLL3ClockFreq
                0x08002dc0      0x17c CMakeFiles/STD1.elf.dir/Drivers/STM32H7xx_HAL_Driver/Src/stm32h7xx_hal_rcc_ex.c.obj
                0x08002dc0                HAL_RCCEx_GetPLL3ClockFreq
 .text.HAL_TIM_Base_MspInit
                0x08002f3c        0x4 CMakeFiles/STD1.elf.dir/Drivers/STM32H7xx_HAL_Driver/Src/stm32h7xx_hal_tim.c.obj
                0x08002f3c                HAL_TIM_Base_MspInit
 .text.HAL_TIM_Base_Init
                0x08002f40      0x184 CMakeFiles/STD1.elf.dir/Drivers/STM32H7xx_HAL_Driver/Src/stm32h7xx_hal_tim.c.obj
                0x08002f40                HAL_TIM_Base_Init
 .text.HAL_TIM_Base_Start_IT
                0x080030c4       0xd0 CMakeFiles/STD1.elf.dir/Drivers/STM32H7xx_HAL_Driver/Src/stm32h7xx_hal_tim.c.obj
                0x080030c4                HAL_TIM_Base_Start_IT
 .text.HAL_TIM_OC_DelayElapsedCallback
                0x08003194        0x4 CMakeFiles/STD1.elf.dir/Drivers/STM32H7xx_HAL_Driver/Src/stm32h7xx_hal_tim.c.obj
                0x08003194                HAL_TIM_OC_DelayElapsedCallback
 .text.HAL_TIM_IC_CaptureCallback
                0x08003198        0x4 CMakeFiles/STD1.elf.dir/Drivers/STM32H7xx_HAL_Driver/Src/stm32h7xx_hal_tim.c.obj
                0x08003198                HAL_TIM_IC_CaptureCallback
 .text.HAL_TIM_PWM_PulseFinishedCallback
                0x0800319c        0x4 CMakeFiles/STD1.elf.dir/Drivers/STM32H7xx_HAL_Driver/Src/stm32h7xx_hal_tim.c.obj
                0x0800319c                HAL_TIM_PWM_PulseFinishedCallback
 .text.HAL_TIM_TriggerCallback
                0x080031a0        0x4 CMakeFiles/STD1.elf.dir/Drivers/STM32H7xx_HAL_Driver/Src/stm32h7xx_hal_tim.c.obj
                0x080031a0                HAL_TIM_TriggerCallback
 .text.HAL_TIM_IRQHandler
                0x080031a4      0x170 CMakeFiles/STD1.elf.dir/Drivers/STM32H7xx_HAL_Driver/Src/stm32h7xx_hal_tim.c.obj
                0x080031a4                HAL_TIM_IRQHandler
 .text.HAL_TIMEx_CommutCallback
                0x08003314        0x4 CMakeFiles/STD1.elf.dir/Drivers/STM32H7xx_HAL_Driver/Src/stm32h7xx_hal_tim_ex.c.obj
                0x08003314                HAL_TIMEx_CommutCallback
 .text.HAL_TIMEx_BreakCallback
                0x08003318        0x4 CMakeFiles/STD1.elf.dir/Drivers/STM32H7xx_HAL_Driver/Src/stm32h7xx_hal_tim_ex.c.obj
                0x08003318                HAL_TIMEx_BreakCallback
 .text.HAL_TIMEx_Break2Callback
                0x0800331c        0x4 CMakeFiles/STD1.elf.dir/Drivers/STM32H7xx_HAL_Driver/Src/stm32h7xx_hal_tim_ex.c.obj
                0x0800331c                HAL_TIMEx_Break2Callback
 .text.UART_SetConfig
                0x08003320      0x52c CMakeFiles/STD1.elf.dir/Drivers/STM32H7xx_HAL_Driver/Src/stm32h7xx_hal_uart.c.obj
                0x08003320                UART_SetConfig
 .text.UART_AdvFeatureConfig
                0x0800384c       0xb0 CMakeFiles/STD1.elf.dir/Drivers/STM32H7xx_HAL_Driver/Src/stm32h7xx_hal_uart.c.obj
                0x0800384c                UART_AdvFeatureConfig
 .text.UART_WaitOnFlagUntilTimeout
                0x080038fc       0xf0 CMakeFiles/STD1.elf.dir/Drivers/STM32H7xx_HAL_Driver/Src/stm32h7xx_hal_uart.c.obj
                0x080038fc                UART_WaitOnFlagUntilTimeout
 .text.HAL_UART_Init
                0x080039ec       0xd8 CMakeFiles/STD1.elf.dir/Drivers/STM32H7xx_HAL_Driver/Src/stm32h7xx_hal_uart.c.obj
                0x080039ec                HAL_UART_Init
 .text.HAL_UARTEx_DisableFifoMode
                0x08003ac4       0x3c CMakeFiles/STD1.elf.dir/Drivers/STM32H7xx_HAL_Driver/Src/stm32h7xx_hal_uart_ex.c.obj
                0x08003ac4                HAL_UARTEx_DisableFifoMode
 .text.HAL_UARTEx_SetTxFifoThreshold
                0x08003b00       0x84 CMakeFiles/STD1.elf.dir/Drivers/STM32H7xx_HAL_Driver/Src/stm32h7xx_hal_uart_ex.c.obj
                0x08003b00                HAL_UARTEx_SetTxFifoThreshold
 .text.HAL_UARTEx_SetRxFifoThreshold
                0x08003b84       0x84 CMakeFiles/STD1.elf.dir/Drivers/STM32H7xx_HAL_Driver/Src/stm32h7xx_hal_uart_ex.c.obj
                0x08003b84                HAL_UARTEx_SetRxFifoThreshold
 .text.SysTick_Handler
                0x08003c08       0x1c CMakeFiles/STD1.elf.dir/Middlewares/Third_Party/FreeRTOS/Source/CMSIS_RTOS_V2/cmsis_os2.c.obj
                0x08003c08                SysTick_Handler
 .text.osKernelInitialize
                0x08003c24       0x24 CMakeFiles/STD1.elf.dir/Middlewares/Third_Party/FreeRTOS/Source/CMSIS_RTOS_V2/cmsis_os2.c.obj
                0x08003c24                osKernelInitialize
 .text.osKernelStart
                0x08003c48       0x34 CMakeFiles/STD1.elf.dir/Middlewares/Third_Party/FreeRTOS/Source/CMSIS_RTOS_V2/cmsis_os2.c.obj
                0x08003c48                osKernelStart
 .text.osThreadNew
                0x08003c7c       0x94 CMakeFiles/STD1.elf.dir/Middlewares/Third_Party/FreeRTOS/Source/CMSIS_RTOS_V2/cmsis_os2.c.obj
                0x08003c7c                osThreadNew
 .text.osDelay  0x08003d10       0x1c CMakeFiles/STD1.elf.dir/Middlewares/Third_Party/FreeRTOS/Source/CMSIS_RTOS_V2/cmsis_os2.c.obj
                0x08003d10                osDelay
 .text.vApplicationGetIdleTaskMemory
                0x08003d2c       0x1c CMakeFiles/STD1.elf.dir/Middlewares/Third_Party/FreeRTOS/Source/CMSIS_RTOS_V2/cmsis_os2.c.obj
                0x08003d2c                vApplicationGetIdleTaskMemory
 .text.vApplicationGetTimerTaskMemory
                0x08003d48       0x20 CMakeFiles/STD1.elf.dir/Middlewares/Third_Party/FreeRTOS/Source/CMSIS_RTOS_V2/cmsis_os2.c.obj
                0x08003d48                vApplicationGetTimerTaskMemory
 .text.vListInitialise
                0x08003d68       0x18 CMakeFiles/STD1.elf.dir/Middlewares/Third_Party/FreeRTOS/Source/list.c.obj
                0x08003d68                vListInitialise
 .text.vListInitialiseItem
                0x08003d80        0x8 CMakeFiles/STD1.elf.dir/Middlewares/Third_Party/FreeRTOS/Source/list.c.obj
                0x08003d80                vListInitialiseItem
 .text.vListInsertEnd
                0x08003d88       0x20 CMakeFiles/STD1.elf.dir/Middlewares/Third_Party/FreeRTOS/Source/list.c.obj
                0x08003d88                vListInsertEnd
 .text.vListInsert
                0x08003da8       0x30 CMakeFiles/STD1.elf.dir/Middlewares/Third_Party/FreeRTOS/Source/list.c.obj
                0x08003da8                vListInsert
 .text.uxListRemove
                0x08003dd8       0x28 CMakeFiles/STD1.elf.dir/Middlewares/Third_Party/FreeRTOS/Source/list.c.obj
                0x08003dd8                uxListRemove
 .text.prvPortStartFirstTask
                0x08003e00       0x28 CMakeFiles/STD1.elf.dir/Middlewares/Third_Party/FreeRTOS/Source/portable/GCC/ARM_CM4F/port.c.obj
 .text.vPortEnableVFP
                0x08003e28       0x14 CMakeFiles/STD1.elf.dir/Middlewares/Third_Party/FreeRTOS/Source/portable/GCC/ARM_CM4F/port.c.obj
 .text.prvTaskExitError
                0x08003e3c       0x40 CMakeFiles/STD1.elf.dir/Middlewares/Third_Party/FreeRTOS/Source/portable/GCC/ARM_CM4F/port.c.obj
 .text.pxPortInitialiseStack
                0x08003e7c       0x30 CMakeFiles/STD1.elf.dir/Middlewares/Third_Party/FreeRTOS/Source/portable/GCC/ARM_CM4F/port.c.obj
                0x08003e7c                pxPortInitialiseStack
 *fill*         0x08003eac        0x4 
 .text.SVC_Handler
                0x08003eb0       0x24 CMakeFiles/STD1.elf.dir/Middlewares/Third_Party/FreeRTOS/Source/portable/GCC/ARM_CM4F/port.c.obj
                0x08003eb0                SVC_Handler
 .text.vPortEnterCritical
                0x08003ed4       0x44 CMakeFiles/STD1.elf.dir/Middlewares/Third_Party/FreeRTOS/Source/portable/GCC/ARM_CM4F/port.c.obj
                0x08003ed4                vPortEnterCritical
 .text.vPortExitCritical
                0x08003f18       0x28 CMakeFiles/STD1.elf.dir/Middlewares/Third_Party/FreeRTOS/Source/portable/GCC/ARM_CM4F/port.c.obj
                0x08003f18                vPortExitCritical
 .text.PendSV_Handler
                0x08003f40       0x64 CMakeFiles/STD1.elf.dir/Middlewares/Third_Party/FreeRTOS/Source/portable/GCC/ARM_CM4F/port.c.obj
                0x08003f40                PendSV_Handler
 .text.xPortSysTickHandler
                0x08003fa4       0x2c CMakeFiles/STD1.elf.dir/Middlewares/Third_Party/FreeRTOS/Source/portable/GCC/ARM_CM4F/port.c.obj
                0x08003fa4                xPortSysTickHandler
 .text.vPortSetupTimerInterrupt
                0x08003fd0       0x28 CMakeFiles/STD1.elf.dir/Middlewares/Third_Party/FreeRTOS/Source/portable/GCC/ARM_CM4F/port.c.obj
                0x08003fd0                vPortSetupTimerInterrupt
 .text.xPortStartScheduler
                0x08003ff8      0x140 CMakeFiles/STD1.elf.dir/Middlewares/Third_Party/FreeRTOS/Source/portable/GCC/ARM_CM4F/port.c.obj
                0x08003ff8                xPortStartScheduler
 .text.pvPortMalloc
                0x08004138       0x58 CMakeFiles/STD1.elf.dir/Middlewares/Third_Party/FreeRTOS/Source/portable/MemMang/heap_1.c.obj
                0x08004138                pvPortMalloc
 .text.vPortFree
                0x08004190       0x18 CMakeFiles/STD1.elf.dir/Middlewares/Third_Party/FreeRTOS/Source/portable/MemMang/heap_1.c.obj
                0x08004190                vPortFree
 .text.prvCopyDataToQueue
                0x080041a8       0x84 CMakeFiles/STD1.elf.dir/Middlewares/Third_Party/FreeRTOS/Source/queue.c.obj
 .text.xQueueGenericCreateStatic
                0x0800422c       0xd8 CMakeFiles/STD1.elf.dir/Middlewares/Third_Party/FreeRTOS/Source/queue.c.obj
                0x0800422c                xQueueGenericCreateStatic
 .text.xQueueGenericSend
                0x08004304      0x304 CMakeFiles/STD1.elf.dir/Middlewares/Third_Party/FreeRTOS/Source/queue.c.obj
                0x08004304                xQueueGenericSend
 .text.xQueueReceive
                0x08004608      0x304 CMakeFiles/STD1.elf.dir/Middlewares/Third_Party/FreeRTOS/Source/queue.c.obj
                0x08004608                xQueueReceive
 .text.vQueueAddToRegistry
                0x0800490c       0x50 CMakeFiles/STD1.elf.dir/Middlewares/Third_Party/FreeRTOS/Source/queue.c.obj
                0x0800490c                vQueueAddToRegistry
 .text.vQueueWaitForMessageRestricted
                0x0800495c       0xc8 CMakeFiles/STD1.elf.dir/Middlewares/Third_Party/FreeRTOS/Source/queue.c.obj
                0x0800495c                vQueueWaitForMessageRestricted
 .text.prvAddNewTaskToReadyList
                0x08004a24      0x110 CMakeFiles/STD1.elf.dir/Middlewares/Third_Party/FreeRTOS/Source/tasks.c.obj
 .text.prvInitialiseNewTask.constprop.0
                0x08004b34      0x130 CMakeFiles/STD1.elf.dir/Middlewares/Third_Party/FreeRTOS/Source/tasks.c.obj
 .text.prvIdleTask
                0x08004c64       0x98 CMakeFiles/STD1.elf.dir/Middlewares/Third_Party/FreeRTOS/Source/tasks.c.obj
 .text.xTaskIncrementTick.part.0
                0x08004cfc      0x150 CMakeFiles/STD1.elf.dir/Middlewares/Third_Party/FreeRTOS/Source/tasks.c.obj
 .text.xTaskResumeAll.part.0
                0x08004e4c      0x134 CMakeFiles/STD1.elf.dir/Middlewares/Third_Party/FreeRTOS/Source/tasks.c.obj
 .text.xTaskCreateStatic
                0x08004f80       0x74 CMakeFiles/STD1.elf.dir/Middlewares/Third_Party/FreeRTOS/Source/tasks.c.obj
                0x08004f80                xTaskCreateStatic
 .text.xTaskCreate
                0x08004ff4       0x64 CMakeFiles/STD1.elf.dir/Middlewares/Third_Party/FreeRTOS/Source/tasks.c.obj
                0x08004ff4                xTaskCreate
 .text.vTaskDelay
                0x08005058       0xac CMakeFiles/STD1.elf.dir/Middlewares/Third_Party/FreeRTOS/Source/tasks.c.obj
                0x08005058                vTaskDelay
 .text.vTaskStartScheduler
                0x08005104      0x120 CMakeFiles/STD1.elf.dir/Middlewares/Third_Party/FreeRTOS/Source/tasks.c.obj
                0x08005104                vTaskStartScheduler
 .text.vTaskSuspendAll
                0x08005224       0x10 CMakeFiles/STD1.elf.dir/Middlewares/Third_Party/FreeRTOS/Source/tasks.c.obj
                0x08005224                vTaskSuspendAll
 .text.xTaskResumeAll
                0x08005234       0x20 CMakeFiles/STD1.elf.dir/Middlewares/Third_Party/FreeRTOS/Source/tasks.c.obj
                0x08005234                xTaskResumeAll
 .text.xTaskGetTickCount
                0x08005254        0xc CMakeFiles/STD1.elf.dir/Middlewares/Third_Party/FreeRTOS/Source/tasks.c.obj
                0x08005254                xTaskGetTickCount
 .text.xTaskIncrementTick
                0x08005260       0x20 CMakeFiles/STD1.elf.dir/Middlewares/Third_Party/FreeRTOS/Source/tasks.c.obj
                0x08005260                xTaskIncrementTick
 .text.vTaskSwitchContext
                0x08005280       0x88 CMakeFiles/STD1.elf.dir/Middlewares/Third_Party/FreeRTOS/Source/tasks.c.obj
                0x08005280                vTaskSwitchContext
 .text.vTaskPlaceOnEventList
                0x08005308       0x88 CMakeFiles/STD1.elf.dir/Middlewares/Third_Party/FreeRTOS/Source/tasks.c.obj
                0x08005308                vTaskPlaceOnEventList
 .text.vTaskPlaceOnEventListRestricted
                0x08005390       0x94 CMakeFiles/STD1.elf.dir/Middlewares/Third_Party/FreeRTOS/Source/tasks.c.obj
                0x08005390                vTaskPlaceOnEventListRestricted
 .text.xTaskRemoveFromEventList
                0x08005424       0x94 CMakeFiles/STD1.elf.dir/Middlewares/Third_Party/FreeRTOS/Source/tasks.c.obj
                0x08005424                xTaskRemoveFromEventList
 .text.vTaskInternalSetTimeOutState
                0x080054b8       0x18 CMakeFiles/STD1.elf.dir/Middlewares/Third_Party/FreeRTOS/Source/tasks.c.obj
                0x080054b8                vTaskInternalSetTimeOutState
 .text.xTaskCheckForTimeOut
                0x080054d0       0x90 CMakeFiles/STD1.elf.dir/Middlewares/Third_Party/FreeRTOS/Source/tasks.c.obj
                0x080054d0                xTaskCheckForTimeOut
 .text.vTaskMissedYield
                0x08005560        0xc CMakeFiles/STD1.elf.dir/Middlewares/Third_Party/FreeRTOS/Source/tasks.c.obj
                0x08005560                vTaskMissedYield
 .text.xTaskGetSchedulerState
                0x0800556c       0x20 CMakeFiles/STD1.elf.dir/Middlewares/Third_Party/FreeRTOS/Source/tasks.c.obj
                0x0800556c                xTaskGetSchedulerState
 .text.xTaskPriorityDisinherit
                0x0800558c       0x8c CMakeFiles/STD1.elf.dir/Middlewares/Third_Party/FreeRTOS/Source/tasks.c.obj
                0x0800558c                xTaskPriorityDisinherit
 .text.prvSwitchTimerLists
                0x08005618       0x9c CMakeFiles/STD1.elf.dir/Middlewares/Third_Party/FreeRTOS/Source/timers.c.obj
 .text.prvTimerTask
                0x080056b4      0x294 CMakeFiles/STD1.elf.dir/Middlewares/Third_Party/FreeRTOS/Source/timers.c.obj
 .text.xTimerCreateTimerTask
                0x08005948       0xbc CMakeFiles/STD1.elf.dir/Middlewares/Third_Party/FreeRTOS/Source/timers.c.obj
                0x08005948                xTimerCreateTimerTask
 .text.Reset_Handler
                0x08005a04       0x50 libCMSIS.a(startup_stm32h723xx.s.obj)
                0x08005a04                Reset_Handler
 .text.Default_Handler
                0x08005a54        0x2 libCMSIS.a(startup_stm32h723xx.s.obj)
                0x08005a54                RTC_Alarm_IRQHandler
                0x08005a54                EXTI2_IRQHandler
                0x08005a54                TIM8_CC_IRQHandler
                0x08005a54                UART8_IRQHandler
                0x08005a54                SPI4_IRQHandler
                0x08005a54                FDCAN3_IT0_IRQHandler
                0x08005a54                TIM1_CC_IRQHandler
                0x08005a54                BDMA_Channel6_IRQHandler
                0x08005a54                DMA2_Stream5_IRQHandler
                0x08005a54                DMA1_Stream5_IRQHandler
                0x08005a54                CORDIC_IRQHandler
                0x08005a54                BDMA_Channel1_IRQHandler
                0x08005a54                TAMP_STAMP_IRQHandler
                0x08005a54                EXTI3_IRQHandler
                0x08005a54                LPTIM4_IRQHandler
                0x08005a54                TIM8_TRG_COM_TIM14_IRQHandler
                0x08005a54                LPTIM2_IRQHandler
                0x08005a54                DFSDM1_FLT1_IRQHandler
                0x08005a54                DMAMUX2_OVR_IRQHandler
                0x08005a54                TIM8_UP_TIM13_IRQHandler
                0x08005a54                I2C3_ER_IRQHandler
                0x08005a54                DFSDM1_FLT2_IRQHandler
                0x08005a54                I2C5_EV_IRQHandler
                0x08005a54                USART10_IRQHandler
                0x08005a54                MDMA_IRQHandler
                0x08005a54                LPTIM3_IRQHandler
                0x08005a54                HSEM1_IRQHandler
                0x08005a54                EXTI0_IRQHandler
                0x08005a54                I2C2_EV_IRQHandler
                0x08005a54                DMA1_Stream2_IRQHandler
                0x08005a54                FPU_IRQHandler
                0x08005a54                OTG_HS_WKUP_IRQHandler
                0x08005a54                FDCAN1_IT1_IRQHandler
                0x08005a54                LTDC_ER_IRQHandler
                0x08005a54                DMA2_Stream2_IRQHandler
                0x08005a54                SPI1_IRQHandler
                0x08005a54                OCTOSPI1_IRQHandler
                0x08005a54                TIM6_DAC_IRQHandler
                0x08005a54                DMA2_Stream3_IRQHandler
                0x08005a54                OCTOSPI2_IRQHandler
                0x08005a54                DFSDM1_FLT3_IRQHandler
                0x08005a54                TIM23_IRQHandler
                0x08005a54                USART6_IRQHandler
                0x08005a54                TIM17_IRQHandler
                0x08005a54                USART3_IRQHandler
                0x08005a54                BDMA_Channel7_IRQHandler
                0x08005a54                LPTIM5_IRQHandler
                0x08005a54                UART5_IRQHandler
                0x08005a54                ADC3_IRQHandler
                0x08005a54                DMA2_Stream0_IRQHandler
                0x08005a54                TIM4_IRQHandler
                0x08005a54                BDMA_Channel2_IRQHandler
                0x08005a54                I2C1_EV_IRQHandler
                0x08005a54                DMA1_Stream6_IRQHandler
                0x08005a54                DMAMUX1_OVR_IRQHandler
                0x08005a54                DMA1_Stream1_IRQHandler
                0x08005a54                TIM16_IRQHandler
                0x08005a54                UART4_IRQHandler
                0x08005a54                BDMA_Channel5_IRQHandler
                0x08005a54                TIM3_IRQHandler
                0x08005a54                RCC_IRQHandler
                0x08005a54                UART9_IRQHandler
                0x08005a54                TIM8_BRK_TIM12_IRQHandler
                0x08005a54                TIM1_TRG_COM_IRQHandler
                0x08005a54                Default_Handler
                0x08005a54                ECC_IRQHandler
                0x08005a54                FMAC_IRQHandler
                0x08005a54                CEC_IRQHandler
                0x08005a54                EXTI15_10_IRQHandler
                0x08005a54                BDMA_Channel0_IRQHandler
                0x08005a54                ADC_IRQHandler
                0x08005a54                I2C5_ER_IRQHandler
                0x08005a54                DMA1_Stream7_IRQHandler
                0x08005a54                SPI5_IRQHandler
                0x08005a54                TIM7_IRQHandler
                0x08005a54                FDCAN3_IT1_IRQHandler
                0x08005a54                SDMMC1_IRQHandler
                0x08005a54                DMA2_Stream7_IRQHandler
                0x08005a54                TIM15_IRQHandler
                0x08005a54                PVD_AVD_IRQHandler
                0x08005a54                I2C3_EV_IRQHandler
                0x08005a54                EXTI9_5_IRQHandler
                0x08005a54                RTC_WKUP_IRQHandler
                0x08005a54                LTDC_IRQHandler
                0x08005a54                ETH_WKUP_IRQHandler
                0x08005a54                SPDIF_RX_IRQHandler
                0x08005a54                SPI2_IRQHandler
                0x08005a54                OTG_HS_EP1_IN_IRQHandler
                0x08005a54                DMA1_Stream0_IRQHandler
                0x08005a54                TIM24_IRQHandler
                0x08005a54                CRS_IRQHandler
                0x08005a54                EXTI4_IRQHandler
                0x08005a54                RNG_IRQHandler
                0x08005a54                FDCAN2_IT1_IRQHandler
                0x08005a54                ETH_IRQHandler
                0x08005a54                TIM1_UP_IRQHandler
                0x08005a54                BDMA_Channel4_IRQHandler
                0x08005a54                OTG_HS_EP1_OUT_IRQHandler
                0x08005a54                WWDG_IRQHandler
                0x08005a54                SPI6_IRQHandler
                0x08005a54                MDIOS_IRQHandler
                0x08005a54                I2C4_EV_IRQHandler
                0x08005a54                FDCAN2_IT0_IRQHandler
                0x08005a54                LPUART1_IRQHandler
                0x08005a54                FDCAN1_IT0_IRQHandler
                0x08005a54                TIM2_IRQHandler
                0x08005a54                OTG_HS_IRQHandler
                0x08005a54                DMA2D_IRQHandler
                0x08005a54                TIM1_BRK_IRQHandler
                0x08005a54                EXTI1_IRQHandler
                0x08005a54                SDMMC2_IRQHandler
                0x08005a54                BDMA_Channel3_IRQHandler
                0x08005a54                DTS_IRQHandler
                0x08005a54                UART7_IRQHandler
                0x08005a54                MDIOS_WKUP_IRQHandler
                0x08005a54                USART2_IRQHandler
                0x08005a54                DFSDM1_FLT0_IRQHandler
                0x08005a54                SAI4_IRQHandler
                0x08005a54                I2C2_ER_IRQHandler
                0x08005a54                DMA2_Stream1_IRQHandler
                0x08005a54                FLASH_IRQHandler
                0x08005a54                DMA2_Stream4_IRQHandler
                0x08005a54                USART1_IRQHandler
                0x08005a54                SPI3_IRQHandler
                0x08005a54                WAKEUP_PIN_IRQHandler
                0x08005a54                DMA1_Stream4_IRQHandler
                0x08005a54                I2C1_ER_IRQHandler
                0x08005a54                FMC_IRQHandler
                0x08005a54                FDCAN_CAL_IRQHandler
                0x08005a54                SWPMI1_IRQHandler
                0x08005a54                COMP1_IRQHandler
                0x08005a54                LPTIM1_IRQHandler
                0x08005a54                DCMI_PSSI_IRQHandler
                0x08005a54                I2C4_ER_IRQHandler
                0x08005a54                DMA2_Stream6_IRQHandler
                0x08005a54                SAI1_IRQHandler
                0x08005a54                DMA1_Stream3_IRQHandler
 *fill*         0x08005a56        0x2 
 .text.__libc_init_array
                0x08005a58       0x48 c:/pnide/compilers/gcc/bin/../lib/gcc/arm-none-eabi/10.3.1/../../../../arm-none-eabi/lib/thumb/v7e-m+dp/hard\libg_nano.a(lib_a-init.o)
                0x08005a58                __libc_init_array
 .text.memcpy   0x08005aa0       0x1c c:/pnide/compilers/gcc/bin/../lib/gcc/arm-none-eabi/10.3.1/../../../../arm-none-eabi/lib/thumb/v7e-m+dp/hard\libg_nano.a(lib_a-memcpy-stub.o)
                0x08005aa0                memcpy
 .text.memset   0x08005abc       0x10 c:/pnide/compilers/gcc/bin/../lib/gcc/arm-none-eabi/10.3.1/../../../../arm-none-eabi/lib/thumb/v7e-m+dp/hard\libg_nano.a(lib_a-memset.o)
                0x08005abc                memset
 *(.glue_7)
 .glue_7        0x08005acc        0x0 linker stubs
 *(.glue_7t)
 .glue_7t       0x08005acc        0x0 linker stubs
 *(.eh_frame)
 .eh_frame      0x08005acc        0x0 c:/pnide/compilers/gcc/bin/../lib/gcc/arm-none-eabi/10.3.1/thumb/v7e-m+dp/hard/crtbegin.o
 *(.init)
 .init          0x08005acc        0x4 c:/pnide/compilers/gcc/bin/../lib/gcc/arm-none-eabi/10.3.1/thumb/v7e-m+dp/hard/crti.o
                0x08005acc                _init
 .init          0x08005ad0        0x8 c:/pnide/compilers/gcc/bin/../lib/gcc/arm-none-eabi/10.3.1/thumb/v7e-m+dp/hard/crtn.o
 *(.fini)
 .fini          0x08005ad8        0x4 c:/pnide/compilers/gcc/bin/../lib/gcc/arm-none-eabi/10.3.1/thumb/v7e-m+dp/hard/crti.o
                0x08005ad8                _fini
 .fini          0x08005adc        0x8 c:/pnide/compilers/gcc/bin/../lib/gcc/arm-none-eabi/10.3.1/thumb/v7e-m+dp/hard/crtn.o
                0x08005ae4                . = ALIGN (0x4)
                0x08005ae4                _etext = .

.vfp11_veneer   0x08005ae4        0x0
 .vfp11_veneer  0x08005ae4        0x0 linker stubs

.v4_bx          0x08005ae4        0x0
 .v4_bx         0x08005ae4        0x0 linker stubs

.iplt           0x08005ae4        0x0
 .iplt          0x08005ae4        0x0 c:/pnide/compilers/gcc/bin/../lib/gcc/arm-none-eabi/10.3.1/thumb/v7e-m+dp/hard/crtbegin.o

.rodata         0x08005ae4       0xb4
                0x08005ae4                . = ALIGN (0x4)
 *(.rodata)
 *(.rodata*)
 .rodata.str1.4
                0x08005ae4        0xc CMakeFiles/STD1.elf.dir/Core/Src/main.c.obj
 .rodata.defaultTask_attributes
                0x08005af0       0x24 CMakeFiles/STD1.elf.dir/Core/Src/main.c.obj
                0x08005af0                defaultTask_attributes
 .rodata.D1CorePrescTable
                0x08005b14       0x10 CMakeFiles/STD1.elf.dir/Core/Src/system_stm32h7xx.c.obj
                0x08005b14                D1CorePrescTable
 .rodata.CSWTCH.61
                0x08005b24       0x29 CMakeFiles/STD1.elf.dir/Drivers/STM32H7xx_HAL_Driver/Src/stm32h7xx_hal_uart.c.obj
 *fill*         0x08005b4d        0x3 
 .rodata.CSWTCH.62
                0x08005b50        0x6 CMakeFiles/STD1.elf.dir/Drivers/STM32H7xx_HAL_Driver/Src/stm32h7xx_hal_uart.c.obj
 *fill*         0x08005b56        0x2 
 .rodata.CSWTCH.71
                0x08005b58        0x6 CMakeFiles/STD1.elf.dir/Drivers/STM32H7xx_HAL_Driver/Src/stm32h7xx_hal_uart.c.obj
 *fill*         0x08005b5e        0x2 
 .rodata.UARTPrescTable
                0x08005b60       0x18 CMakeFiles/STD1.elf.dir/Drivers/STM32H7xx_HAL_Driver/Src/stm32h7xx_hal_uart.c.obj
                0x08005b60                UARTPrescTable
 .rodata.denominator.0
                0x08005b78        0x8 CMakeFiles/STD1.elf.dir/Drivers/STM32H7xx_HAL_Driver/Src/stm32h7xx_hal_uart_ex.c.obj
 .rodata.numerator.1
                0x08005b80        0x8 CMakeFiles/STD1.elf.dir/Drivers/STM32H7xx_HAL_Driver/Src/stm32h7xx_hal_uart_ex.c.obj
 .rodata.xTimerCreateTimerTask.str1.4
                0x08005b88       0x10 CMakeFiles/STD1.elf.dir/Middlewares/Third_Party/FreeRTOS/Source/timers.c.obj
                0x08005b98                . = ALIGN (0x4)

.ARM.extab
 *(.ARM.extab* .gnu.linkonce.armextab.*)

.ARM            0x08005b98        0x8
                0x08005b98                __exidx_start = .
 *(.ARM.exidx*)
 .ARM.exidx     0x08005b98        0x8 c:/pnide/compilers/gcc/bin/../lib/gcc/arm-none-eabi/10.3.1/thumb/v7e-m+dp/hard\libgcc.a(_udivmoddi4.o)
                0x08005ba0                __exidx_end = .

.rel.dyn        0x08005ba0        0x0
 .rel.iplt      0x08005ba0        0x0 c:/pnide/compilers/gcc/bin/../lib/gcc/arm-none-eabi/10.3.1/thumb/v7e-m+dp/hard/crtbegin.o

.preinit_array  0x08005ba0        0x0
                0x08005ba0                PROVIDE (__preinit_array_start = .)
 *(.preinit_array*)
                0x08005ba0                PROVIDE (__preinit_array_end = .)

.init_array     0x08005ba0        0x4
                0x08005ba0                PROVIDE (__init_array_start = .)
 *(SORT_BY_NAME(.init_array.*))
 *(.init_array*)
 .init_array    0x08005ba0        0x4 c:/pnide/compilers/gcc/bin/../lib/gcc/arm-none-eabi/10.3.1/thumb/v7e-m+dp/hard/crtbegin.o
                0x08005ba4                PROVIDE (__init_array_end = .)

.fini_array     0x08005ba4        0x4
                [!provide]                PROVIDE (__fini_array_start = .)
 *(SORT_BY_NAME(.fini_array.*))
 *(.fini_array*)
 .fini_array    0x08005ba4        0x4 c:/pnide/compilers/gcc/bin/../lib/gcc/arm-none-eabi/10.3.1/thumb/v7e-m+dp/hard/crtbegin.o
                [!provide]                PROVIDE (__fini_array_end = .)
                0x08005ba8                _sidata = LOADADDR (.data)

.data           0x20000000       0x14 load address 0x08005ba8
                0x20000000                . = ALIGN (0x4)
                0x20000000                _sdata = .
 *(.data)
 *(.data*)
 .data.SystemCoreClock
                0x20000000        0x4 CMakeFiles/STD1.elf.dir/Core/Src/system_stm32h7xx.c.obj
                0x20000000                SystemCoreClock
 .data.SystemD2Clock
                0x20000004        0x4 CMakeFiles/STD1.elf.dir/Core/Src/system_stm32h7xx.c.obj
                0x20000004                SystemD2Clock
 .data.uwTickFreq
                0x20000008        0x1 CMakeFiles/STD1.elf.dir/Drivers/STM32H7xx_HAL_Driver/Src/stm32h7xx_hal.c.obj
                0x20000008                uwTickFreq
 *fill*         0x20000009        0x3 
 .data.uwTickPrio
                0x2000000c        0x4 CMakeFiles/STD1.elf.dir/Drivers/STM32H7xx_HAL_Driver/Src/stm32h7xx_hal.c.obj
                0x2000000c                uwTickPrio
 .data.uxCriticalNesting
                0x20000010        0x4 CMakeFiles/STD1.elf.dir/Middlewares/Third_Party/FreeRTOS/Source/portable/GCC/ARM_CM4F/port.c.obj
                0x20000014                . = ALIGN (0x4)
                0x20000014                _edata = .

.igot.plt       0x20000014        0x0 load address 0x08005bbc
 .igot.plt      0x20000014        0x0 c:/pnide/compilers/gcc/bin/../lib/gcc/arm-none-eabi/10.3.1/thumb/v7e-m+dp/hard/crtbegin.o

.RxDecripSection
                0x20000014       0x60 load address 0x08005bbc
 .RxDecripSection
                0x20000014       0x60 CMakeFiles/STD1.elf.dir/Core/Src/main.c.obj
                0x20000014                DMARxDscrTab

.TxDecripSection
                0x20000074       0x60 load address 0x08005c1c
 .TxDecripSection
                0x20000074       0x60 CMakeFiles/STD1.elf.dir/Core/Src/main.c.obj
                0x20000074                DMATxDscrTab
                0x200000d4                . = ALIGN (0x4)

.bss            0x200000d8     0x4b28 load address 0x08005c7c
                0x200000d8                _sbss = .
                0x200000d8                __bss_start__ = _sbss
 *(.bss)
 .bss           0x200000d8       0x1c c:/pnide/compilers/gcc/bin/../lib/gcc/arm-none-eabi/10.3.1/thumb/v7e-m+dp/hard/crtbegin.o
 *(.bss*)
 .bss.MACAddr.0
                0x200000f4        0x6 CMakeFiles/STD1.elf.dir/Core/Src/main.c.obj
 *fill*         0x200000fa        0x2 
 .bss.TxConfig  0x200000fc       0x38 CMakeFiles/STD1.elf.dir/Core/Src/main.c.obj
                0x200000fc                TxConfig
 .bss.defaultTaskHandle
                0x20000134        0x4 CMakeFiles/STD1.elf.dir/Core/Src/main.c.obj
                0x20000134                defaultTaskHandle
 .bss.heth      0x20000138       0xb0 CMakeFiles/STD1.elf.dir/Core/Src/main.c.obj
                0x20000138                heth
 .bss.huart3    0x200001e8       0x90 CMakeFiles/STD1.elf.dir/Core/Src/main.c.obj
                0x200001e8                huart3
 .bss.htim5     0x20000278       0x4c CMakeFiles/STD1.elf.dir/Core/Src/stm32h7xx_hal_timebase_tim.c.obj
                0x20000278                htim5
 .bss.uwTick    0x200002c4        0x4 CMakeFiles/STD1.elf.dir/Drivers/STM32H7xx_HAL_Driver/Src/stm32h7xx_hal.c.obj
                0x200002c4                uwTick
 .bss.Idle_Stack.2
                0x200002c8      0x200 CMakeFiles/STD1.elf.dir/Middlewares/Third_Party/FreeRTOS/Source/CMSIS_RTOS_V2/cmsis_os2.c.obj
 .bss.Idle_TCB.3
                0x200004c8       0x5c CMakeFiles/STD1.elf.dir/Middlewares/Third_Party/FreeRTOS/Source/CMSIS_RTOS_V2/cmsis_os2.c.obj
 .bss.KernelState
                0x20000524        0x4 CMakeFiles/STD1.elf.dir/Middlewares/Third_Party/FreeRTOS/Source/CMSIS_RTOS_V2/cmsis_os2.c.obj
 .bss.Timer_Stack.0
                0x20000528      0x400 CMakeFiles/STD1.elf.dir/Middlewares/Third_Party/FreeRTOS/Source/CMSIS_RTOS_V2/cmsis_os2.c.obj
 .bss.Timer_TCB.1
                0x20000928       0x5c CMakeFiles/STD1.elf.dir/Middlewares/Third_Party/FreeRTOS/Source/CMSIS_RTOS_V2/cmsis_os2.c.obj
 .bss.ucMaxSysCallPriority
                0x20000984        0x1 CMakeFiles/STD1.elf.dir/Middlewares/Third_Party/FreeRTOS/Source/portable/GCC/ARM_CM4F/port.c.obj
 *fill*         0x20000985        0x3 
 .bss.ulMaxPRIGROUPValue
                0x20000988        0x4 CMakeFiles/STD1.elf.dir/Middlewares/Third_Party/FreeRTOS/Source/portable/GCC/ARM_CM4F/port.c.obj
 .bss.pucAlignedHeap.0
                0x2000098c        0x4 CMakeFiles/STD1.elf.dir/Middlewares/Third_Party/FreeRTOS/Source/portable/MemMang/heap_1.c.obj
 .bss.ucHeap    0x20000990     0x3c00 CMakeFiles/STD1.elf.dir/Middlewares/Third_Party/FreeRTOS/Source/portable/MemMang/heap_1.c.obj
 .bss.xNextFreeByte
                0x20004590        0x4 CMakeFiles/STD1.elf.dir/Middlewares/Third_Party/FreeRTOS/Source/portable/MemMang/heap_1.c.obj
 *fill*         0x20004594        0x4 
 .bss.xQueueRegistry
                0x20004598       0x40 CMakeFiles/STD1.elf.dir/Middlewares/Third_Party/FreeRTOS/Source/queue.c.obj
                0x20004598                xQueueRegistry
 .bss.pxCurrentTCB
                0x200045d8        0x4 CMakeFiles/STD1.elf.dir/Middlewares/Third_Party/FreeRTOS/Source/tasks.c.obj
                0x200045d8                pxCurrentTCB
 .bss.pxDelayedTaskList
                0x200045dc        0x4 CMakeFiles/STD1.elf.dir/Middlewares/Third_Party/FreeRTOS/Source/tasks.c.obj
 .bss.pxOverflowDelayedTaskList
                0x200045e0        0x4 CMakeFiles/STD1.elf.dir/Middlewares/Third_Party/FreeRTOS/Source/tasks.c.obj
 .bss.pxReadyTasksLists
                0x200045e4      0x460 CMakeFiles/STD1.elf.dir/Middlewares/Third_Party/FreeRTOS/Source/tasks.c.obj
 .bss.uxCurrentNumberOfTasks
                0x20004a44        0x4 CMakeFiles/STD1.elf.dir/Middlewares/Third_Party/FreeRTOS/Source/tasks.c.obj
 .bss.uxDeletedTasksWaitingCleanUp
                0x20004a48        0x4 CMakeFiles/STD1.elf.dir/Middlewares/Third_Party/FreeRTOS/Source/tasks.c.obj
 .bss.uxSchedulerSuspended
                0x20004a4c        0x4 CMakeFiles/STD1.elf.dir/Middlewares/Third_Party/FreeRTOS/Source/tasks.c.obj
 .bss.uxTaskNumber
                0x20004a50        0x4 CMakeFiles/STD1.elf.dir/Middlewares/Third_Party/FreeRTOS/Source/tasks.c.obj
 .bss.uxTopReadyPriority
                0x20004a54        0x4 CMakeFiles/STD1.elf.dir/Middlewares/Third_Party/FreeRTOS/Source/tasks.c.obj
 .bss.xDelayedTaskList1
                0x20004a58       0x14 CMakeFiles/STD1.elf.dir/Middlewares/Third_Party/FreeRTOS/Source/tasks.c.obj
 .bss.xDelayedTaskList2
                0x20004a6c       0x14 CMakeFiles/STD1.elf.dir/Middlewares/Third_Party/FreeRTOS/Source/tasks.c.obj
 .bss.xNextTaskUnblockTime
                0x20004a80        0x4 CMakeFiles/STD1.elf.dir/Middlewares/Third_Party/FreeRTOS/Source/tasks.c.obj
 .bss.xNumOfOverflows
                0x20004a84        0x4 CMakeFiles/STD1.elf.dir/Middlewares/Third_Party/FreeRTOS/Source/tasks.c.obj
 .bss.xPendedTicks
                0x20004a88        0x4 CMakeFiles/STD1.elf.dir/Middlewares/Third_Party/FreeRTOS/Source/tasks.c.obj
 .bss.xPendingReadyList
                0x20004a8c       0x14 CMakeFiles/STD1.elf.dir/Middlewares/Third_Party/FreeRTOS/Source/tasks.c.obj
 .bss.xSchedulerRunning
                0x20004aa0        0x4 CMakeFiles/STD1.elf.dir/Middlewares/Third_Party/FreeRTOS/Source/tasks.c.obj
 .bss.xSuspendedTaskList
                0x20004aa4       0x14 CMakeFiles/STD1.elf.dir/Middlewares/Third_Party/FreeRTOS/Source/tasks.c.obj
 .bss.xTasksWaitingTermination
                0x20004ab8       0x14 CMakeFiles/STD1.elf.dir/Middlewares/Third_Party/FreeRTOS/Source/tasks.c.obj
 .bss.xTickCount
                0x20004acc        0x4 CMakeFiles/STD1.elf.dir/Middlewares/Third_Party/FreeRTOS/Source/tasks.c.obj
 .bss.xYieldPending
                0x20004ad0        0x4 CMakeFiles/STD1.elf.dir/Middlewares/Third_Party/FreeRTOS/Source/tasks.c.obj
 .bss.pxCurrentTimerList
                0x20004ad4        0x4 CMakeFiles/STD1.elf.dir/Middlewares/Third_Party/FreeRTOS/Source/timers.c.obj
 .bss.pxOverflowTimerList
                0x20004ad8        0x4 CMakeFiles/STD1.elf.dir/Middlewares/Third_Party/FreeRTOS/Source/timers.c.obj
 .bss.ucStaticTimerQueueStorage.1
                0x20004adc       0xa0 CMakeFiles/STD1.elf.dir/Middlewares/Third_Party/FreeRTOS/Source/timers.c.obj
 .bss.xActiveTimerList1
                0x20004b7c       0x14 CMakeFiles/STD1.elf.dir/Middlewares/Third_Party/FreeRTOS/Source/timers.c.obj
 .bss.xActiveTimerList2
                0x20004b90       0x14 CMakeFiles/STD1.elf.dir/Middlewares/Third_Party/FreeRTOS/Source/timers.c.obj
 .bss.xLastTime.2
                0x20004ba4        0x4 CMakeFiles/STD1.elf.dir/Middlewares/Third_Party/FreeRTOS/Source/timers.c.obj
 .bss.xStaticTimerQueue.0
                0x20004ba8       0x50 CMakeFiles/STD1.elf.dir/Middlewares/Third_Party/FreeRTOS/Source/timers.c.obj
 .bss.xTimerQueue
                0x20004bf8        0x4 CMakeFiles/STD1.elf.dir/Middlewares/Third_Party/FreeRTOS/Source/timers.c.obj
 .bss.xTimerTaskHandle
                0x20004bfc        0x4 CMakeFiles/STD1.elf.dir/Middlewares/Third_Party/FreeRTOS/Source/timers.c.obj
 *(COMMON)
                0x20004c00                . = ALIGN (0x4)
                0x20004c00                _ebss = .
                0x20004c00                __bss_end__ = _ebss

._user_heap_stack
                0x20004c00      0x600 load address 0x08005c7c
                0x20004c00                . = ALIGN (0x8)
                [!provide]                PROVIDE (end = .)
                [!provide]                PROVIDE (_end = .)
                0x20004e00                . = (. + _Min_Heap_Size)
 *fill*         0x20004c00      0x200 
                0x20005200                . = (. + _Min_Stack_Size)
 *fill*         0x20004e00      0x400 
                0x20005200                . = ALIGN (0x8)

/DISCARD/
 libc.a(*)
 libm.a(*)
 libgcc.a(*)

.ARM.attributes
                0x00000000       0x2e
 *(.ARM.attributes)
 .ARM.attributes
                0x00000000       0x1e c:/pnide/compilers/gcc/bin/../lib/gcc/arm-none-eabi/10.3.1/thumb/v7e-m+dp/hard/crti.o
 .ARM.attributes
                0x0000001e       0x32 c:/pnide/compilers/gcc/bin/../lib/gcc/arm-none-eabi/10.3.1/thumb/v7e-m+dp/hard/crtbegin.o
 .ARM.attributes
                0x00000050       0x32 CMakeFiles/STD1.elf.dir/Core/Src/main.c.obj
 .ARM.attributes
                0x00000082       0x32 CMakeFiles/STD1.elf.dir/Core/Src/stm32h7xx_hal_msp.c.obj
 .ARM.attributes
                0x000000b4       0x32 CMakeFiles/STD1.elf.dir/Core/Src/stm32h7xx_hal_timebase_tim.c.obj
 .ARM.attributes
                0x000000e6       0x32 CMakeFiles/STD1.elf.dir/Core/Src/stm32h7xx_it.c.obj
 .ARM.attributes
                0x00000118       0x32 CMakeFiles/STD1.elf.dir/Core/Src/system_stm32h7xx.c.obj
 .ARM.attributes
                0x0000014a       0x32 CMakeFiles/STD1.elf.dir/Drivers/STM32H7xx_HAL_Driver/Src/stm32h7xx_hal.c.obj
 .ARM.attributes
                0x0000017c       0x32 CMakeFiles/STD1.elf.dir/Drivers/STM32H7xx_HAL_Driver/Src/stm32h7xx_hal_cortex.c.obj
 .ARM.attributes
                0x000001ae       0x32 CMakeFiles/STD1.elf.dir/Drivers/STM32H7xx_HAL_Driver/Src/stm32h7xx_hal_eth.c.obj
 .ARM.attributes
                0x000001e0       0x32 CMakeFiles/STD1.elf.dir/Drivers/STM32H7xx_HAL_Driver/Src/stm32h7xx_hal_gpio.c.obj
 .ARM.attributes
                0x00000212       0x32 CMakeFiles/STD1.elf.dir/Drivers/STM32H7xx_HAL_Driver/Src/stm32h7xx_hal_pwr_ex.c.obj
 .ARM.attributes
                0x00000244       0x32 CMakeFiles/STD1.elf.dir/Drivers/STM32H7xx_HAL_Driver/Src/stm32h7xx_hal_rcc.c.obj
 .ARM.attributes
                0x00000276       0x32 CMakeFiles/STD1.elf.dir/Drivers/STM32H7xx_HAL_Driver/Src/stm32h7xx_hal_rcc_ex.c.obj
 .ARM.attributes
                0x000002a8       0x32 CMakeFiles/STD1.elf.dir/Drivers/STM32H7xx_HAL_Driver/Src/stm32h7xx_hal_tim.c.obj
 .ARM.attributes
                0x000002da       0x32 CMakeFiles/STD1.elf.dir/Drivers/STM32H7xx_HAL_Driver/Src/stm32h7xx_hal_tim_ex.c.obj
 .ARM.attributes
                0x0000030c       0x32 CMakeFiles/STD1.elf.dir/Drivers/STM32H7xx_HAL_Driver/Src/stm32h7xx_hal_uart.c.obj
 .ARM.attributes
                0x0000033e       0x32 CMakeFiles/STD1.elf.dir/Drivers/STM32H7xx_HAL_Driver/Src/stm32h7xx_hal_uart_ex.c.obj
 .ARM.attributes
                0x00000370       0x32 CMakeFiles/STD1.elf.dir/Middlewares/Third_Party/FreeRTOS/Source/CMSIS_RTOS_V2/cmsis_os2.c.obj
 .ARM.attributes
                0x000003a2       0x32 CMakeFiles/STD1.elf.dir/Middlewares/Third_Party/FreeRTOS/Source/list.c.obj
 .ARM.attributes
                0x000003d4       0x32 CMakeFiles/STD1.elf.dir/Middlewares/Third_Party/FreeRTOS/Source/portable/GCC/ARM_CM4F/port.c.obj
 .ARM.attributes
                0x00000406       0x32 CMakeFiles/STD1.elf.dir/Middlewares/Third_Party/FreeRTOS/Source/portable/MemMang/heap_1.c.obj
 .ARM.attributes
                0x00000438       0x32 CMakeFiles/STD1.elf.dir/Middlewares/Third_Party/FreeRTOS/Source/queue.c.obj
 .ARM.attributes
                0x0000046a       0x32 CMakeFiles/STD1.elf.dir/Middlewares/Third_Party/FreeRTOS/Source/tasks.c.obj
 .ARM.attributes
                0x0000049c       0x32 CMakeFiles/STD1.elf.dir/Middlewares/Third_Party/FreeRTOS/Source/timers.c.obj
 .ARM.attributes
                0x000004ce       0x21 libCMSIS.a(startup_stm32h723xx.s.obj)
 .ARM.attributes
                0x000004ef       0x1e c:/pnide/compilers/gcc/bin/../lib/gcc/arm-none-eabi/10.3.1/thumb/v7e-m+dp/hard\libgcc.a(_aeabi_uldivmod.o)
 .ARM.attributes
                0x0000050d       0x32 c:/pnide/compilers/gcc/bin/../lib/gcc/arm-none-eabi/10.3.1/thumb/v7e-m+dp/hard\libgcc.a(_udivmoddi4.o)
 .ARM.attributes
                0x0000053f       0x1e c:/pnide/compilers/gcc/bin/../lib/gcc/arm-none-eabi/10.3.1/thumb/v7e-m+dp/hard\libgcc.a(_dvmd_tls.o)
 .ARM.attributes
                0x0000055d       0x32 c:/pnide/compilers/gcc/bin/../lib/gcc/arm-none-eabi/10.3.1/../../../../arm-none-eabi/lib/thumb/v7e-m+dp/hard\libg_nano.a(lib_a-init.o)
 .ARM.attributes
                0x0000058f       0x32 c:/pnide/compilers/gcc/bin/../lib/gcc/arm-none-eabi/10.3.1/../../../../arm-none-eabi/lib/thumb/v7e-m+dp/hard\libg_nano.a(lib_a-memcpy-stub.o)
 .ARM.attributes
                0x000005c1       0x32 c:/pnide/compilers/gcc/bin/../lib/gcc/arm-none-eabi/10.3.1/../../../../arm-none-eabi/lib/thumb/v7e-m+dp/hard\libg_nano.a(lib_a-memset.o)
 .ARM.attributes
                0x000005f3       0x1e c:/pnide/compilers/gcc/bin/../lib/gcc/arm-none-eabi/10.3.1/thumb/v7e-m+dp/hard/crtn.o
OUTPUT(STD1.elf elf32-littlearm)
LOAD linker stubs
LOAD c:/pnide/compilers/gcc/bin/../lib/gcc/arm-none-eabi/10.3.1/../../../../arm-none-eabi/lib/thumb/v7e-m+dp/hard\libc.a
LOAD c:/pnide/compilers/gcc/bin/../lib/gcc/arm-none-eabi/10.3.1/../../../../arm-none-eabi/lib/thumb/v7e-m+dp/hard\libm.a
LOAD c:/pnide/compilers/gcc/bin/../lib/gcc/arm-none-eabi/10.3.1/thumb/v7e-m+dp/hard\libgcc.a

.debug_info     0x00000000    0x314fb
 .debug_info    0x00000000     0x2d10 CMakeFiles/STD1.elf.dir/Core/Src/main.c.obj
 .debug_info    0x00002d10     0x24ff CMakeFiles/STD1.elf.dir/Core/Src/stm32h7xx_hal_msp.c.obj
 .debug_info    0x0000520f     0x1129 CMakeFiles/STD1.elf.dir/Core/Src/stm32h7xx_hal_timebase_tim.c.obj
 .debug_info    0x00006338      0x81d CMakeFiles/STD1.elf.dir/Core/Src/stm32h7xx_it.c.obj
 .debug_info    0x00006b55      0xb67 CMakeFiles/STD1.elf.dir/Core/Src/system_stm32h7xx.c.obj
 .debug_info    0x000076bc     0x1882 CMakeFiles/STD1.elf.dir/Drivers/STM32H7xx_HAL_Driver/Src/stm32h7xx_hal.c.obj
 .debug_info    0x00008f3e     0x13d7 CMakeFiles/STD1.elf.dir/Drivers/STM32H7xx_HAL_Driver/Src/stm32h7xx_hal_cortex.c.obj
 .debug_info    0x0000a315     0x3066 CMakeFiles/STD1.elf.dir/Drivers/STM32H7xx_HAL_Driver/Src/stm32h7xx_hal_eth.c.obj
 .debug_info    0x0000d37b      0xd6a CMakeFiles/STD1.elf.dir/Drivers/STM32H7xx_HAL_Driver/Src/stm32h7xx_hal_gpio.c.obj
 .debug_info    0x0000e0e5      0xfb9 CMakeFiles/STD1.elf.dir/Drivers/STM32H7xx_HAL_Driver/Src/stm32h7xx_hal_pwr_ex.c.obj
 .debug_info    0x0000f09e     0x12fa CMakeFiles/STD1.elf.dir/Drivers/STM32H7xx_HAL_Driver/Src/stm32h7xx_hal_rcc.c.obj
 .debug_info    0x00010398     0x1931 CMakeFiles/STD1.elf.dir/Drivers/STM32H7xx_HAL_Driver/Src/stm32h7xx_hal_rcc_ex.c.obj
 .debug_info    0x00011cc9     0x5058 CMakeFiles/STD1.elf.dir/Drivers/STM32H7xx_HAL_Driver/Src/stm32h7xx_hal_tim.c.obj
 .debug_info    0x00016d21     0x20d4 CMakeFiles/STD1.elf.dir/Drivers/STM32H7xx_HAL_Driver/Src/stm32h7xx_hal_tim_ex.c.obj
 .debug_info    0x00018df5     0x7a09 CMakeFiles/STD1.elf.dir/Drivers/STM32H7xx_HAL_Driver/Src/stm32h7xx_hal_uart.c.obj
 .debug_info    0x000207fe     0x1387 CMakeFiles/STD1.elf.dir/Drivers/STM32H7xx_HAL_Driver/Src/stm32h7xx_hal_uart_ex.c.obj
 .debug_info    0x00021b85     0x4f17 CMakeFiles/STD1.elf.dir/Middlewares/Third_Party/FreeRTOS/Source/CMSIS_RTOS_V2/cmsis_os2.c.obj
 .debug_info    0x00026a9c      0x2d9 CMakeFiles/STD1.elf.dir/Middlewares/Third_Party/FreeRTOS/Source/list.c.obj
 .debug_info    0x00026d75      0x61c CMakeFiles/STD1.elf.dir/Middlewares/Third_Party/FreeRTOS/Source/portable/GCC/ARM_CM4F/port.c.obj
 .debug_info    0x00027391      0x1f7 CMakeFiles/STD1.elf.dir/Middlewares/Third_Party/FreeRTOS/Source/portable/MemMang/heap_1.c.obj
 .debug_info    0x00027588     0x3c12 CMakeFiles/STD1.elf.dir/Middlewares/Third_Party/FreeRTOS/Source/queue.c.obj
 .debug_info    0x0002b19a     0x418e CMakeFiles/STD1.elf.dir/Middlewares/Third_Party/FreeRTOS/Source/tasks.c.obj
 .debug_info    0x0002f328     0x21b1 CMakeFiles/STD1.elf.dir/Middlewares/Third_Party/FreeRTOS/Source/timers.c.obj
 .debug_info    0x000314d9       0x22 libCMSIS.a(startup_stm32h723xx.s.obj)

.debug_abbrev   0x00000000     0x450d
 .debug_abbrev  0x00000000      0x35b CMakeFiles/STD1.elf.dir/Core/Src/main.c.obj
 .debug_abbrev  0x0000035b      0x21c CMakeFiles/STD1.elf.dir/Core/Src/stm32h7xx_hal_msp.c.obj
 .debug_abbrev  0x00000577      0x21d CMakeFiles/STD1.elf.dir/Core/Src/stm32h7xx_hal_timebase_tim.c.obj
 .debug_abbrev  0x00000794      0x17c CMakeFiles/STD1.elf.dir/Core/Src/stm32h7xx_it.c.obj
 .debug_abbrev  0x00000910      0x139 CMakeFiles/STD1.elf.dir/Core/Src/system_stm32h7xx.c.obj
 .debug_abbrev  0x00000a49      0x2e3 CMakeFiles/STD1.elf.dir/Drivers/STM32H7xx_HAL_Driver/Src/stm32h7xx_hal.c.obj
 .debug_abbrev  0x00000d2c      0x373 CMakeFiles/STD1.elf.dir/Drivers/STM32H7xx_HAL_Driver/Src/stm32h7xx_hal_cortex.c.obj
 .debug_abbrev  0x0000109f      0x381 CMakeFiles/STD1.elf.dir/Drivers/STM32H7xx_HAL_Driver/Src/stm32h7xx_hal_eth.c.obj
 .debug_abbrev  0x00001420      0x237 CMakeFiles/STD1.elf.dir/Drivers/STM32H7xx_HAL_Driver/Src/stm32h7xx_hal_gpio.c.obj
 .debug_abbrev  0x00001657      0x2d6 CMakeFiles/STD1.elf.dir/Drivers/STM32H7xx_HAL_Driver/Src/stm32h7xx_hal_pwr_ex.c.obj
 .debug_abbrev  0x0000192d      0x2d7 CMakeFiles/STD1.elf.dir/Drivers/STM32H7xx_HAL_Driver/Src/stm32h7xx_hal_rcc.c.obj
 .debug_abbrev  0x00001c04      0x313 CMakeFiles/STD1.elf.dir/Drivers/STM32H7xx_HAL_Driver/Src/stm32h7xx_hal_rcc_ex.c.obj
 .debug_abbrev  0x00001f17      0x35f CMakeFiles/STD1.elf.dir/Drivers/STM32H7xx_HAL_Driver/Src/stm32h7xx_hal_tim.c.obj
 .debug_abbrev  0x00002276      0x333 CMakeFiles/STD1.elf.dir/Drivers/STM32H7xx_HAL_Driver/Src/stm32h7xx_hal_tim_ex.c.obj
 .debug_abbrev  0x000025a9      0x4ab CMakeFiles/STD1.elf.dir/Drivers/STM32H7xx_HAL_Driver/Src/stm32h7xx_hal_uart.c.obj
 .debug_abbrev  0x00002a54      0x325 CMakeFiles/STD1.elf.dir/Drivers/STM32H7xx_HAL_Driver/Src/stm32h7xx_hal_uart_ex.c.obj
 .debug_abbrev  0x00002d79      0x59c CMakeFiles/STD1.elf.dir/Middlewares/Third_Party/FreeRTOS/Source/CMSIS_RTOS_V2/cmsis_os2.c.obj
 .debug_abbrev  0x00003315      0x106 CMakeFiles/STD1.elf.dir/Middlewares/Third_Party/FreeRTOS/Source/list.c.obj
 .debug_abbrev  0x0000341b      0x289 CMakeFiles/STD1.elf.dir/Middlewares/Third_Party/FreeRTOS/Source/portable/GCC/ARM_CM4F/port.c.obj
 .debug_abbrev  0x000036a4      0x172 CMakeFiles/STD1.elf.dir/Middlewares/Third_Party/FreeRTOS/Source/portable/MemMang/heap_1.c.obj
 .debug_abbrev  0x00003816      0x451 CMakeFiles/STD1.elf.dir/Middlewares/Third_Party/FreeRTOS/Source/queue.c.obj
 .debug_abbrev  0x00003c67      0x48e CMakeFiles/STD1.elf.dir/Middlewares/Third_Party/FreeRTOS/Source/tasks.c.obj
 .debug_abbrev  0x000040f5      0x406 CMakeFiles/STD1.elf.dir/Middlewares/Third_Party/FreeRTOS/Source/timers.c.obj
 .debug_abbrev  0x000044fb       0x12 libCMSIS.a(startup_stm32h723xx.s.obj)

.debug_loc      0x00000000    0x247a6
 .debug_loc     0x00000000       0x4a CMakeFiles/STD1.elf.dir/Core/Src/main.c.obj
 .debug_loc     0x0000004a       0xae CMakeFiles/STD1.elf.dir/Core/Src/stm32h7xx_hal_msp.c.obj
 .debug_loc     0x000000f8       0xe3 CMakeFiles/STD1.elf.dir/Core/Src/stm32h7xx_hal_timebase_tim.c.obj
 .debug_loc     0x000001db      0x17c CMakeFiles/STD1.elf.dir/Core/Src/system_stm32h7xx.c.obj
 .debug_loc     0x00000357      0x631 CMakeFiles/STD1.elf.dir/Drivers/STM32H7xx_HAL_Driver/Src/stm32h7xx_hal.c.obj
 .debug_loc     0x00000988      0x7af CMakeFiles/STD1.elf.dir/Drivers/STM32H7xx_HAL_Driver/Src/stm32h7xx_hal_cortex.c.obj
 .debug_loc     0x00001137     0x1e9a CMakeFiles/STD1.elf.dir/Drivers/STM32H7xx_HAL_Driver/Src/stm32h7xx_hal_eth.c.obj
 .debug_loc     0x00002fd1      0x458 CMakeFiles/STD1.elf.dir/Drivers/STM32H7xx_HAL_Driver/Src/stm32h7xx_hal_gpio.c.obj
 .debug_loc     0x00003429      0x477 CMakeFiles/STD1.elf.dir/Drivers/STM32H7xx_HAL_Driver/Src/stm32h7xx_hal_pwr_ex.c.obj
 .debug_loc     0x000038a0      0xa39 CMakeFiles/STD1.elf.dir/Drivers/STM32H7xx_HAL_Driver/Src/stm32h7xx_hal_rcc.c.obj
 .debug_loc     0x000042d9     0x128e CMakeFiles/STD1.elf.dir/Drivers/STM32H7xx_HAL_Driver/Src/stm32h7xx_hal_rcc_ex.c.obj
 .debug_loc     0x00005567     0x7908 CMakeFiles/STD1.elf.dir/Drivers/STM32H7xx_HAL_Driver/Src/stm32h7xx_hal_tim.c.obj
 .debug_loc     0x0000ce6f     0x22c0 CMakeFiles/STD1.elf.dir/Drivers/STM32H7xx_HAL_Driver/Src/stm32h7xx_hal_tim_ex.c.obj
 .debug_loc     0x0000f12f     0x7679 CMakeFiles/STD1.elf.dir/Drivers/STM32H7xx_HAL_Driver/Src/stm32h7xx_hal_uart.c.obj
 .debug_loc     0x000167a8      0xee4 CMakeFiles/STD1.elf.dir/Drivers/STM32H7xx_HAL_Driver/Src/stm32h7xx_hal_uart_ex.c.obj
 .debug_loc     0x0001768c     0x4938 CMakeFiles/STD1.elf.dir/Middlewares/Third_Party/FreeRTOS/Source/CMSIS_RTOS_V2/cmsis_os2.c.obj
 .debug_loc     0x0001bfc4       0xbc CMakeFiles/STD1.elf.dir/Middlewares/Third_Party/FreeRTOS/Source/list.c.obj
 .debug_loc     0x0001c080      0x117 CMakeFiles/STD1.elf.dir/Middlewares/Third_Party/FreeRTOS/Source/portable/GCC/ARM_CM4F/port.c.obj
 .debug_loc     0x0001c197       0x7b CMakeFiles/STD1.elf.dir/Middlewares/Third_Party/FreeRTOS/Source/portable/MemMang/heap_1.c.obj
 .debug_loc     0x0001c212     0x314f CMakeFiles/STD1.elf.dir/Middlewares/Third_Party/FreeRTOS/Source/queue.c.obj
 .debug_loc     0x0001f361     0x393d CMakeFiles/STD1.elf.dir/Middlewares/Third_Party/FreeRTOS/Source/tasks.c.obj
 .debug_loc     0x00022c9e     0x1b08 CMakeFiles/STD1.elf.dir/Middlewares/Third_Party/FreeRTOS/Source/timers.c.obj

.debug_aranges  0x00000000     0x1550
 .debug_aranges
                0x00000000       0x40 CMakeFiles/STD1.elf.dir/Core/Src/main.c.obj
 .debug_aranges
                0x00000040       0x40 CMakeFiles/STD1.elf.dir/Core/Src/stm32h7xx_hal_msp.c.obj
 .debug_aranges
                0x00000080       0x30 CMakeFiles/STD1.elf.dir/Core/Src/stm32h7xx_hal_timebase_tim.c.obj
 .debug_aranges
                0x000000b0       0x50 CMakeFiles/STD1.elf.dir/Core/Src/stm32h7xx_it.c.obj
 .debug_aranges
                0x00000100       0x28 CMakeFiles/STD1.elf.dir/Core/Src/system_stm32h7xx.c.obj
 .debug_aranges
                0x00000128      0x1c0 CMakeFiles/STD1.elf.dir/Drivers/STM32H7xx_HAL_Driver/Src/stm32h7xx_hal.c.obj
 .debug_aranges
                0x000002e8       0xb0 CMakeFiles/STD1.elf.dir/Drivers/STM32H7xx_HAL_Driver/Src/stm32h7xx_hal_cortex.c.obj
 .debug_aranges
                0x00000398      0x168 CMakeFiles/STD1.elf.dir/Drivers/STM32H7xx_HAL_Driver/Src/stm32h7xx_hal_eth.c.obj
 .debug_aranges
                0x00000500       0x58 CMakeFiles/STD1.elf.dir/Drivers/STM32H7xx_HAL_Driver/Src/stm32h7xx_hal_gpio.c.obj
 .debug_aranges
                0x00000558      0x128 CMakeFiles/STD1.elf.dir/Drivers/STM32H7xx_HAL_Driver/Src/stm32h7xx_hal_pwr_ex.c.obj
 .debug_aranges
                0x00000680       0x90 CMakeFiles/STD1.elf.dir/Drivers/STM32H7xx_HAL_Driver/Src/stm32h7xx_hal_rcc.c.obj
 .debug_aranges
                0x00000710       0xe0 CMakeFiles/STD1.elf.dir/Drivers/STM32H7xx_HAL_Driver/Src/stm32h7xx_hal_rcc_ex.c.obj
 .debug_aranges
                0x000007f0      0x288 CMakeFiles/STD1.elf.dir/Drivers/STM32H7xx_HAL_Driver/Src/stm32h7xx_hal_tim.c.obj
 .debug_aranges
                0x00000a78      0x138 CMakeFiles/STD1.elf.dir/Drivers/STM32H7xx_HAL_Driver/Src/stm32h7xx_hal_tim_ex.c.obj
 .debug_aranges
                0x00000bb0      0x1f0 CMakeFiles/STD1.elf.dir/Drivers/STM32H7xx_HAL_Driver/Src/stm32h7xx_hal_uart.c.obj
 .debug_aranges
                0x00000da0       0x80 CMakeFiles/STD1.elf.dir/Drivers/STM32H7xx_HAL_Driver/Src/stm32h7xx_hal_uart_ex.c.obj
 .debug_aranges
                0x00000e20      0x260 CMakeFiles/STD1.elf.dir/Middlewares/Third_Party/FreeRTOS/Source/CMSIS_RTOS_V2/cmsis_os2.c.obj
 .debug_aranges
                0x00001080       0x40 CMakeFiles/STD1.elf.dir/Middlewares/Third_Party/FreeRTOS/Source/list.c.obj
 .debug_aranges
                0x000010c0       0x80 CMakeFiles/STD1.elf.dir/Middlewares/Third_Party/FreeRTOS/Source/portable/GCC/ARM_CM4F/port.c.obj
 .debug_aranges
                0x00001140       0x38 CMakeFiles/STD1.elf.dir/Middlewares/Third_Party/FreeRTOS/Source/portable/MemMang/heap_1.c.obj
 .debug_aranges
                0x00001178      0x120 CMakeFiles/STD1.elf.dir/Middlewares/Third_Party/FreeRTOS/Source/queue.c.obj
 .debug_aranges
                0x00001298      0x1e0 CMakeFiles/STD1.elf.dir/Middlewares/Third_Party/FreeRTOS/Source/tasks.c.obj
 .debug_aranges
                0x00001478       0xb0 CMakeFiles/STD1.elf.dir/Middlewares/Third_Party/FreeRTOS/Source/timers.c.obj
 .debug_aranges
                0x00001528       0x28 libCMSIS.a(startup_stm32h723xx.s.obj)

.debug_ranges   0x00000000     0x3fe0
 .debug_ranges  0x00000000      0x1c8 CMakeFiles/STD1.elf.dir/Core/Src/main.c.obj
 .debug_ranges  0x000001c8       0xd0 CMakeFiles/STD1.elf.dir/Core/Src/stm32h7xx_hal_msp.c.obj
 .debug_ranges  0x00000298       0x38 CMakeFiles/STD1.elf.dir/Core/Src/stm32h7xx_hal_timebase_tim.c.obj
 .debug_ranges  0x000002d0       0x40 CMakeFiles/STD1.elf.dir/Core/Src/stm32h7xx_it.c.obj
 .debug_ranges  0x00000310       0x18 CMakeFiles/STD1.elf.dir/Core/Src/system_stm32h7xx.c.obj
 .debug_ranges  0x00000328      0x1b0 CMakeFiles/STD1.elf.dir/Drivers/STM32H7xx_HAL_Driver/Src/stm32h7xx_hal.c.obj
 .debug_ranges  0x000004d8      0x158 CMakeFiles/STD1.elf.dir/Drivers/STM32H7xx_HAL_Driver/Src/stm32h7xx_hal_cortex.c.obj
 .debug_ranges  0x00000630      0x2a8 CMakeFiles/STD1.elf.dir/Drivers/STM32H7xx_HAL_Driver/Src/stm32h7xx_hal_eth.c.obj
 .debug_ranges  0x000008d8       0x70 CMakeFiles/STD1.elf.dir/Drivers/STM32H7xx_HAL_Driver/Src/stm32h7xx_hal_gpio.c.obj
 .debug_ranges  0x00000948      0x1a8 CMakeFiles/STD1.elf.dir/Drivers/STM32H7xx_HAL_Driver/Src/stm32h7xx_hal_pwr_ex.c.obj
 .debug_ranges  0x00000af0      0x218 CMakeFiles/STD1.elf.dir/Drivers/STM32H7xx_HAL_Driver/Src/stm32h7xx_hal_rcc.c.obj
 .debug_ranges  0x00000d08      0x100 CMakeFiles/STD1.elf.dir/Drivers/STM32H7xx_HAL_Driver/Src/stm32h7xx_hal_rcc_ex.c.obj
 .debug_ranges  0x00000e08      0xa68 CMakeFiles/STD1.elf.dir/Drivers/STM32H7xx_HAL_Driver/Src/stm32h7xx_hal_tim.c.obj
 .debug_ranges  0x00001870      0x2f0 CMakeFiles/STD1.elf.dir/Drivers/STM32H7xx_HAL_Driver/Src/stm32h7xx_hal_tim_ex.c.obj
 .debug_ranges  0x00001b60      0x960 CMakeFiles/STD1.elf.dir/Drivers/STM32H7xx_HAL_Driver/Src/stm32h7xx_hal_uart.c.obj
 .debug_ranges  0x000024c0       0xe0 CMakeFiles/STD1.elf.dir/Drivers/STM32H7xx_HAL_Driver/Src/stm32h7xx_hal_uart_ex.c.obj
 .debug_ranges  0x000025a0      0x5c0 CMakeFiles/STD1.elf.dir/Middlewares/Third_Party/FreeRTOS/Source/CMSIS_RTOS_V2/cmsis_os2.c.obj
 .debug_ranges  0x00002b60       0x30 CMakeFiles/STD1.elf.dir/Middlewares/Third_Party/FreeRTOS/Source/list.c.obj
 .debug_ranges  0x00002b90       0xc8 CMakeFiles/STD1.elf.dir/Middlewares/Third_Party/FreeRTOS/Source/portable/GCC/ARM_CM4F/port.c.obj
 .debug_ranges  0x00002c58       0x28 CMakeFiles/STD1.elf.dir/Middlewares/Third_Party/FreeRTOS/Source/portable/MemMang/heap_1.c.obj
 .debug_ranges  0x00002c80      0x700 CMakeFiles/STD1.elf.dir/Middlewares/Third_Party/FreeRTOS/Source/queue.c.obj
 .debug_ranges  0x00003380      0x8a0 CMakeFiles/STD1.elf.dir/Middlewares/Third_Party/FreeRTOS/Source/tasks.c.obj
 .debug_ranges  0x00003c20      0x3a0 CMakeFiles/STD1.elf.dir/Middlewares/Third_Party/FreeRTOS/Source/timers.c.obj
 .debug_ranges  0x00003fc0       0x20 libCMSIS.a(startup_stm32h723xx.s.obj)

.debug_line     0x00000000    0x24982
 .debug_line    0x00000000      0x7ec CMakeFiles/STD1.elf.dir/Core/Src/main.c.obj
 .debug_line    0x000007ec      0x47a CMakeFiles/STD1.elf.dir/Core/Src/stm32h7xx_hal_msp.c.obj
 .debug_line    0x00000c66      0x310 CMakeFiles/STD1.elf.dir/Core/Src/stm32h7xx_hal_timebase_tim.c.obj
 .debug_line    0x00000f76      0x289 CMakeFiles/STD1.elf.dir/Core/Src/stm32h7xx_it.c.obj
 .debug_line    0x000011ff      0x431 CMakeFiles/STD1.elf.dir/Core/Src/system_stm32h7xx.c.obj
 .debug_line    0x00001630      0xa5e CMakeFiles/STD1.elf.dir/Drivers/STM32H7xx_HAL_Driver/Src/stm32h7xx_hal.c.obj
 .debug_line    0x0000208e      0x81e CMakeFiles/STD1.elf.dir/Drivers/STM32H7xx_HAL_Driver/Src/stm32h7xx_hal_cortex.c.obj
 .debug_line    0x000028ac     0x1f29 CMakeFiles/STD1.elf.dir/Drivers/STM32H7xx_HAL_Driver/Src/stm32h7xx_hal_eth.c.obj
 .debug_line    0x000047d5      0x78e CMakeFiles/STD1.elf.dir/Drivers/STM32H7xx_HAL_Driver/Src/stm32h7xx_hal_gpio.c.obj
 .debug_line    0x00004f63      0xa1b CMakeFiles/STD1.elf.dir/Drivers/STM32H7xx_HAL_Driver/Src/stm32h7xx_hal_pwr_ex.c.obj
 .debug_line    0x0000597e     0x151f CMakeFiles/STD1.elf.dir/Drivers/STM32H7xx_HAL_Driver/Src/stm32h7xx_hal_rcc.c.obj
 .debug_line    0x00006e9d     0x1b72 CMakeFiles/STD1.elf.dir/Drivers/STM32H7xx_HAL_Driver/Src/stm32h7xx_hal_rcc_ex.c.obj
 .debug_line    0x00008a0f     0x65dc CMakeFiles/STD1.elf.dir/Drivers/STM32H7xx_HAL_Driver/Src/stm32h7xx_hal_tim.c.obj
 .debug_line    0x0000efeb     0x1f9f CMakeFiles/STD1.elf.dir/Drivers/STM32H7xx_HAL_Driver/Src/stm32h7xx_hal_tim_ex.c.obj
 .debug_line    0x00010f8a     0x69fe CMakeFiles/STD1.elf.dir/Drivers/STM32H7xx_HAL_Driver/Src/stm32h7xx_hal_uart.c.obj
 .debug_line    0x00017988      0xf14 CMakeFiles/STD1.elf.dir/Drivers/STM32H7xx_HAL_Driver/Src/stm32h7xx_hal_uart_ex.c.obj
 .debug_line    0x0001889c     0x2a48 CMakeFiles/STD1.elf.dir/Middlewares/Third_Party/FreeRTOS/Source/CMSIS_RTOS_V2/cmsis_os2.c.obj
 .debug_line    0x0001b2e4      0x37d CMakeFiles/STD1.elf.dir/Middlewares/Third_Party/FreeRTOS/Source/list.c.obj
 .debug_line    0x0001b661      0x8cf CMakeFiles/STD1.elf.dir/Middlewares/Third_Party/FreeRTOS/Source/portable/GCC/ARM_CM4F/port.c.obj
 .debug_line    0x0001bf30      0x329 CMakeFiles/STD1.elf.dir/Middlewares/Third_Party/FreeRTOS/Source/portable/MemMang/heap_1.c.obj
 .debug_line    0x0001c259     0x3504 CMakeFiles/STD1.elf.dir/Middlewares/Third_Party/FreeRTOS/Source/queue.c.obj
 .debug_line    0x0001f75d     0x3eb8 CMakeFiles/STD1.elf.dir/Middlewares/Third_Party/FreeRTOS/Source/tasks.c.obj
 .debug_line    0x00023615     0x12df CMakeFiles/STD1.elf.dir/Middlewares/Third_Party/FreeRTOS/Source/timers.c.obj
 .debug_line    0x000248f4       0x8e libCMSIS.a(startup_stm32h723xx.s.obj)

.debug_str      0x00000000     0xa275
 .debug_str     0x00000000     0x1dc7 CMakeFiles/STD1.elf.dir/Core/Src/main.c.obj
                               0x1f4c (size before relaxing)
 .debug_str     0x00001dc7      0xb81 CMakeFiles/STD1.elf.dir/Core/Src/stm32h7xx_hal_msp.c.obj
                               0x1e87 (size before relaxing)
 .debug_str     0x00002948      0x141 CMakeFiles/STD1.elf.dir/Core/Src/stm32h7xx_hal_timebase_tim.c.obj
                               0x13cf (size before relaxing)
 .debug_str     0x00002a89       0xb8 CMakeFiles/STD1.elf.dir/Core/Src/stm32h7xx_it.c.obj
                                0x891 (size before relaxing)
 .debug_str     0x00002b41      0x2b8 CMakeFiles/STD1.elf.dir/Core/Src/system_stm32h7xx.c.obj
                                0x6ab (size before relaxing)
 .debug_str     0x00002df9      0x89d CMakeFiles/STD1.elf.dir/Drivers/STM32H7xx_HAL_Driver/Src/stm32h7xx_hal.c.obj
                               0x15a0 (size before relaxing)
 .debug_str     0x00003696      0x456 CMakeFiles/STD1.elf.dir/Drivers/STM32H7xx_HAL_Driver/Src/stm32h7xx_hal_cortex.c.obj
                               0x1017 (size before relaxing)
 .debug_str     0x00003aec      0xbb6 CMakeFiles/STD1.elf.dir/Drivers/STM32H7xx_HAL_Driver/Src/stm32h7xx_hal_eth.c.obj
                               0x1b22 (size before relaxing)
 .debug_str     0x000046a2       0xea CMakeFiles/STD1.elf.dir/Drivers/STM32H7xx_HAL_Driver/Src/stm32h7xx_hal_gpio.c.obj
                                0x6e4 (size before relaxing)
 .debug_str     0x0000478c      0x537 CMakeFiles/STD1.elf.dir/Drivers/STM32H7xx_HAL_Driver/Src/stm32h7xx_hal_pwr_ex.c.obj
                                0x9c2 (size before relaxing)
 .debug_str     0x00004cc3      0x15d CMakeFiles/STD1.elf.dir/Drivers/STM32H7xx_HAL_Driver/Src/stm32h7xx_hal_rcc.c.obj
                                0x9c9 (size before relaxing)
 .debug_str     0x00004e20      0x5da CMakeFiles/STD1.elf.dir/Drivers/STM32H7xx_HAL_Driver/Src/stm32h7xx_hal_rcc_ex.c.obj
                                0xee2 (size before relaxing)
 .debug_str     0x000053fa      0xef2 CMakeFiles/STD1.elf.dir/Drivers/STM32H7xx_HAL_Driver/Src/stm32h7xx_hal_tim.c.obj
                               0x1831 (size before relaxing)
 .debug_str     0x000062ec      0x709 CMakeFiles/STD1.elf.dir/Drivers/STM32H7xx_HAL_Driver/Src/stm32h7xx_hal_tim_ex.c.obj
                               0x11b2 (size before relaxing)
 .debug_str     0x000069f5      0x934 CMakeFiles/STD1.elf.dir/Drivers/STM32H7xx_HAL_Driver/Src/stm32h7xx_hal_uart.c.obj
                               0x1499 (size before relaxing)
 .debug_str     0x00007329      0x231 CMakeFiles/STD1.elf.dir/Drivers/STM32H7xx_HAL_Driver/Src/stm32h7xx_hal_uart_ex.c.obj
                                0xb68 (size before relaxing)
 .debug_str     0x0000755a     0x1459 CMakeFiles/STD1.elf.dir/Middlewares/Third_Party/FreeRTOS/Source/CMSIS_RTOS_V2/cmsis_os2.c.obj
                               0x251f (size before relaxing)
 .debug_str     0x000089b3      0x14e CMakeFiles/STD1.elf.dir/Middlewares/Third_Party/FreeRTOS/Source/list.c.obj
                                0x30e (size before relaxing)
 .debug_str     0x00008b01      0x242 CMakeFiles/STD1.elf.dir/Middlewares/Third_Party/FreeRTOS/Source/portable/GCC/ARM_CM4F/port.c.obj
                                0x48e (size before relaxing)
 .debug_str     0x00008d43       0xc5 CMakeFiles/STD1.elf.dir/Middlewares/Third_Party/FreeRTOS/Source/portable/MemMang/heap_1.c.obj
                                0x2b4 (size before relaxing)
 .debug_str     0x00008e08      0x637 CMakeFiles/STD1.elf.dir/Middlewares/Third_Party/FreeRTOS/Source/queue.c.obj
                                0xd24 (size before relaxing)
 .debug_str     0x0000943f      0x8fa CMakeFiles/STD1.elf.dir/Middlewares/Third_Party/FreeRTOS/Source/tasks.c.obj
                               0x12f3 (size before relaxing)
 .debug_str     0x00009d39      0x500 CMakeFiles/STD1.elf.dir/Middlewares/Third_Party/FreeRTOS/Source/timers.c.obj
                                0xc54 (size before relaxing)
 .debug_str     0x0000a239       0x3c libCMSIS.a(startup_stm32h723xx.s.obj)
                                 0x62 (size before relaxing)

.comment        0x00000000       0x49
 .comment       0x00000000       0x49 CMakeFiles/STD1.elf.dir/Core/Src/main.c.obj
                                 0x4a (size before relaxing)
 .comment       0x00000049       0x4a CMakeFiles/STD1.elf.dir/Core/Src/stm32h7xx_hal_msp.c.obj
 .comment       0x00000049       0x4a CMakeFiles/STD1.elf.dir/Core/Src/stm32h7xx_hal_timebase_tim.c.obj
 .comment       0x00000049       0x4a CMakeFiles/STD1.elf.dir/Core/Src/stm32h7xx_it.c.obj
 .comment       0x00000049       0x4a CMakeFiles/STD1.elf.dir/Core/Src/system_stm32h7xx.c.obj
 .comment       0x00000049       0x4a CMakeFiles/STD1.elf.dir/Drivers/STM32H7xx_HAL_Driver/Src/stm32h7xx_hal.c.obj
 .comment       0x00000049       0x4a CMakeFiles/STD1.elf.dir/Drivers/STM32H7xx_HAL_Driver/Src/stm32h7xx_hal_cortex.c.obj
 .comment       0x00000049       0x4a CMakeFiles/STD1.elf.dir/Drivers/STM32H7xx_HAL_Driver/Src/stm32h7xx_hal_eth.c.obj
 .comment       0x00000049       0x4a CMakeFiles/STD1.elf.dir/Drivers/STM32H7xx_HAL_Driver/Src/stm32h7xx_hal_gpio.c.obj
 .comment       0x00000049       0x4a CMakeFiles/STD1.elf.dir/Drivers/STM32H7xx_HAL_Driver/Src/stm32h7xx_hal_pwr_ex.c.obj
 .comment       0x00000049       0x4a CMakeFiles/STD1.elf.dir/Drivers/STM32H7xx_HAL_Driver/Src/stm32h7xx_hal_rcc.c.obj
 .comment       0x00000049       0x4a CMakeFiles/STD1.elf.dir/Drivers/STM32H7xx_HAL_Driver/Src/stm32h7xx_hal_rcc_ex.c.obj
 .comment       0x00000049       0x4a CMakeFiles/STD1.elf.dir/Drivers/STM32H7xx_HAL_Driver/Src/stm32h7xx_hal_tim.c.obj
 .comment       0x00000049       0x4a CMakeFiles/STD1.elf.dir/Drivers/STM32H7xx_HAL_Driver/Src/stm32h7xx_hal_tim_ex.c.obj
 .comment       0x00000049       0x4a CMakeFiles/STD1.elf.dir/Drivers/STM32H7xx_HAL_Driver/Src/stm32h7xx_hal_uart.c.obj
 .comment       0x00000049       0x4a CMakeFiles/STD1.elf.dir/Drivers/STM32H7xx_HAL_Driver/Src/stm32h7xx_hal_uart_ex.c.obj
 .comment       0x00000049       0x4a CMakeFiles/STD1.elf.dir/Middlewares/Third_Party/FreeRTOS/Source/CMSIS_RTOS_V2/cmsis_os2.c.obj
 .comment       0x00000049       0x4a CMakeFiles/STD1.elf.dir/Middlewares/Third_Party/FreeRTOS/Source/list.c.obj
 .comment       0x00000049       0x4a CMakeFiles/STD1.elf.dir/Middlewares/Third_Party/FreeRTOS/Source/portable/GCC/ARM_CM4F/port.c.obj
 .comment       0x00000049       0x4a CMakeFiles/STD1.elf.dir/Middlewares/Third_Party/FreeRTOS/Source/portable/MemMang/heap_1.c.obj
 .comment       0x00000049       0x4a CMakeFiles/STD1.elf.dir/Middlewares/Third_Party/FreeRTOS/Source/queue.c.obj
 .comment       0x00000049       0x4a CMakeFiles/STD1.elf.dir/Middlewares/Third_Party/FreeRTOS/Source/tasks.c.obj
 .comment       0x00000049       0x4a CMakeFiles/STD1.elf.dir/Middlewares/Third_Party/FreeRTOS/Source/timers.c.obj

.debug_frame    0x00000000     0x4938
 .debug_frame   0x00000000       0x84 CMakeFiles/STD1.elf.dir/Core/Src/main.c.obj
 .debug_frame   0x00000084       0xac CMakeFiles/STD1.elf.dir/Core/Src/stm32h7xx_hal_msp.c.obj
 .debug_frame   0x00000130       0x50 CMakeFiles/STD1.elf.dir/Core/Src/stm32h7xx_hal_timebase_tim.c.obj
 .debug_frame   0x00000180       0x80 CMakeFiles/STD1.elf.dir/Core/Src/stm32h7xx_it.c.obj
 .debug_frame   0x00000200       0x4c CMakeFiles/STD1.elf.dir/Core/Src/system_stm32h7xx.c.obj
 .debug_frame   0x0000024c      0x3dc CMakeFiles/STD1.elf.dir/Drivers/STM32H7xx_HAL_Driver/Src/stm32h7xx_hal.c.obj
 .debug_frame   0x00000628      0x168 CMakeFiles/STD1.elf.dir/Drivers/STM32H7xx_HAL_Driver/Src/stm32h7xx_hal_cortex.c.obj
 .debug_frame   0x00000790      0x4c8 CMakeFiles/STD1.elf.dir/Drivers/STM32H7xx_HAL_Driver/Src/stm32h7xx_hal_eth.c.obj
 .debug_frame   0x00000c58      0x100 CMakeFiles/STD1.elf.dir/Drivers/STM32H7xx_HAL_Driver/Src/stm32h7xx_hal_gpio.c.obj
 .debug_frame   0x00000d58      0x2f4 CMakeFiles/STD1.elf.dir/Drivers/STM32H7xx_HAL_Driver/Src/stm32h7xx_hal_pwr_ex.c.obj
 .debug_frame   0x0000104c      0x1e4 CMakeFiles/STD1.elf.dir/Drivers/STM32H7xx_HAL_Driver/Src/stm32h7xx_hal_rcc.c.obj
 .debug_frame   0x00001230      0x2ac CMakeFiles/STD1.elf.dir/Drivers/STM32H7xx_HAL_Driver/Src/stm32h7xx_hal_rcc_ex.c.obj
 .debug_frame   0x000014dc      0xc20 CMakeFiles/STD1.elf.dir/Drivers/STM32H7xx_HAL_Driver/Src/stm32h7xx_hal_tim.c.obj
 .debug_frame   0x000020fc      0x564 CMakeFiles/STD1.elf.dir/Drivers/STM32H7xx_HAL_Driver/Src/stm32h7xx_hal_tim_ex.c.obj
 .debug_frame   0x00002660      0x764 CMakeFiles/STD1.elf.dir/Drivers/STM32H7xx_HAL_Driver/Src/stm32h7xx_hal_uart.c.obj
 .debug_frame   0x00002dc4      0x1b0 CMakeFiles/STD1.elf.dir/Drivers/STM32H7xx_HAL_Driver/Src/stm32h7xx_hal_uart_ex.c.obj
 .debug_frame   0x00002f74      0x8a8 CMakeFiles/STD1.elf.dir/Middlewares/Third_Party/FreeRTOS/Source/CMSIS_RTOS_V2/cmsis_os2.c.obj
 .debug_frame   0x0000381c       0x88 CMakeFiles/STD1.elf.dir/Middlewares/Third_Party/FreeRTOS/Source/list.c.obj
 .debug_frame   0x000038a4      0x120 CMakeFiles/STD1.elf.dir/Middlewares/Third_Party/FreeRTOS/Source/portable/GCC/ARM_CM4F/port.c.obj
 .debug_frame   0x000039c4       0x5c CMakeFiles/STD1.elf.dir/Middlewares/Third_Party/FreeRTOS/Source/portable/MemMang/heap_1.c.obj
 .debug_frame   0x00003a20      0x3fc CMakeFiles/STD1.elf.dir/Middlewares/Third_Party/FreeRTOS/Source/queue.c.obj
 .debug_frame   0x00003e1c      0x7b8 CMakeFiles/STD1.elf.dir/Middlewares/Third_Party/FreeRTOS/Source/tasks.c.obj
 .debug_frame   0x000045d4      0x290 CMakeFiles/STD1.elf.dir/Middlewares/Third_Party/FreeRTOS/Source/timers.c.obj
 .debug_frame   0x00004864       0x2c c:/pnide/compilers/gcc/bin/../lib/gcc/arm-none-eabi/10.3.1/thumb/v7e-m+dp/hard\libgcc.a(_aeabi_uldivmod.o)
 .debug_frame   0x00004890       0x34 c:/pnide/compilers/gcc/bin/../lib/gcc/arm-none-eabi/10.3.1/thumb/v7e-m+dp/hard\libgcc.a(_udivmoddi4.o)
 .debug_frame   0x000048c4       0x2c c:/pnide/compilers/gcc/bin/../lib/gcc/arm-none-eabi/10.3.1/../../../../arm-none-eabi/lib/thumb/v7e-m+dp/hard\libg_nano.a(lib_a-init.o)
 .debug_frame   0x000048f0       0x28 c:/pnide/compilers/gcc/bin/../lib/gcc/arm-none-eabi/10.3.1/../../../../arm-none-eabi/lib/thumb/v7e-m+dp/hard\libg_nano.a(lib_a-memcpy-stub.o)
 .debug_frame   0x00004918       0x20 c:/pnide/compilers/gcc/bin/../lib/gcc/arm-none-eabi/10.3.1/../../../../arm-none-eabi/lib/thumb/v7e-m+dp/hard\libg_nano.a(lib_a-memset.o)